Component: ARM Compiler 5.06 update 7 (build 960) Tool: armlink [4d3601]

==============================================================================

Section Cross References

    startup_stm32f10x_md.o(RESET) refers to startup_stm32f10x_md.o(STACK) for __initial_sp
    startup_stm32f10x_md.o(RESET) refers to startup_stm32f10x_md.o(.text) for Reset_Handler
    startup_stm32f10x_md.o(RESET) refers to stm32f10x_it.o(i.NMI_Handler) for NMI_Handler
    startup_stm32f10x_md.o(RESET) refers to stm32f10x_it.o(i.HardFault_Handler) for HardFault_Handler
    startup_stm32f10x_md.o(RESET) refers to stm32f10x_it.o(i.MemManage_Handler) for MemManage_Handler
    startup_stm32f10x_md.o(RESET) refers to stm32f10x_it.o(i.BusFault_Handler) for BusFault_Handler
    startup_stm32f10x_md.o(RESET) refers to stm32f10x_it.o(i.UsageFault_Handler) for UsageFault_Handler
    startup_stm32f10x_md.o(RESET) refers to port.o(.emb_text) for SVC_Handler
    startup_stm32f10x_md.o(RESET) refers to stm32f10x_it.o(i.DebugMon_Handler) for DebugMon_Handler
    startup_stm32f10x_md.o(RESET) refers to stm32f10x_it.o(i.SysTick_Handler) for SysTick_Handler
    startup_stm32f10x_md.o(RESET) refers to stm32f10x_it.o(i.EXTI0_IRQHandler) for EXTI0_IRQHandler
    startup_stm32f10x_md.o(RESET) refers to bsp_usart.o(i.USART1_IRQHandler) for USART1_IRQHandler
    startup_stm32f10x_md.o(RESET) refers to stm32f10x_it.o(i.EXTI15_10_IRQHandler) for EXTI15_10_IRQHandler
    startup_stm32f10x_md.o(.text) refers to system_stm32f10x.o(i.SystemInit) for SystemInit
    startup_stm32f10x_md.o(.text) refers to entry.o(.ARM.Collect$$$$00000000) for __main
    system_stm32f10x.o(i.SetSysClock) refers to system_stm32f10x.o(i.SetSysClockTo72) for SetSysClockTo72
    system_stm32f10x.o(i.SystemCoreClockUpdate) refers to system_stm32f10x.o(.data) for SystemCoreClock
    system_stm32f10x.o(i.SystemInit) refers to system_stm32f10x.o(i.SetSysClock) for SetSysClock
    stm32f10x_adc.o(i.ADC_DeInit) refers to stm32f10x_rcc.o(i.RCC_APB2PeriphResetCmd) for RCC_APB2PeriphResetCmd
    stm32f10x_bkp.o(i.BKP_DeInit) refers to stm32f10x_rcc.o(i.RCC_BackupResetCmd) for RCC_BackupResetCmd
    stm32f10x_can.o(i.CAN_DeInit) refers to stm32f10x_rcc.o(i.RCC_APB1PeriphResetCmd) for RCC_APB1PeriphResetCmd
    stm32f10x_can.o(i.CAN_GetITStatus) refers to stm32f10x_can.o(i.CheckITStatus) for CheckITStatus
    stm32f10x_cec.o(i.CEC_DeInit) refers to stm32f10x_rcc.o(i.RCC_APB1PeriphResetCmd) for RCC_APB1PeriphResetCmd
    stm32f10x_dac.o(i.DAC_DeInit) refers to stm32f10x_rcc.o(i.RCC_APB1PeriphResetCmd) for RCC_APB1PeriphResetCmd
    stm32f10x_flash.o(i.FLASH_EnableWriteProtection) refers to stm32f10x_flash.o(i.FLASH_WaitForLastOperation) for FLASH_WaitForLastOperation
    stm32f10x_flash.o(i.FLASH_EraseAllBank1Pages) refers to stm32f10x_flash.o(i.FLASH_WaitForLastBank1Operation) for FLASH_WaitForLastBank1Operation
    stm32f10x_flash.o(i.FLASH_EraseAllPages) refers to stm32f10x_flash.o(i.FLASH_WaitForLastOperation) for FLASH_WaitForLastOperation
    stm32f10x_flash.o(i.FLASH_EraseOptionBytes) refers to stm32f10x_flash.o(i.FLASH_GetReadOutProtectionStatus) for FLASH_GetReadOutProtectionStatus
    stm32f10x_flash.o(i.FLASH_EraseOptionBytes) refers to stm32f10x_flash.o(i.FLASH_WaitForLastOperation) for FLASH_WaitForLastOperation
    stm32f10x_flash.o(i.FLASH_ErasePage) refers to stm32f10x_flash.o(i.FLASH_WaitForLastOperation) for FLASH_WaitForLastOperation
    stm32f10x_flash.o(i.FLASH_ProgramHalfWord) refers to stm32f10x_flash.o(i.FLASH_WaitForLastOperation) for FLASH_WaitForLastOperation
    stm32f10x_flash.o(i.FLASH_ProgramOptionByteData) refers to stm32f10x_flash.o(i.FLASH_WaitForLastOperation) for FLASH_WaitForLastOperation
    stm32f10x_flash.o(i.FLASH_ProgramWord) refers to stm32f10x_flash.o(i.FLASH_WaitForLastOperation) for FLASH_WaitForLastOperation
    stm32f10x_flash.o(i.FLASH_ReadOutProtection) refers to stm32f10x_flash.o(i.FLASH_WaitForLastOperation) for FLASH_WaitForLastOperation
    stm32f10x_flash.o(i.FLASH_UserOptionByteConfig) refers to stm32f10x_flash.o(i.FLASH_WaitForLastOperation) for FLASH_WaitForLastOperation
    stm32f10x_flash.o(i.FLASH_WaitForLastBank1Operation) refers to stm32f10x_flash.o(i.FLASH_GetBank1Status) for FLASH_GetBank1Status
    stm32f10x_flash.o(i.FLASH_WaitForLastOperation) refers to stm32f10x_flash.o(i.FLASH_GetBank1Status) for FLASH_GetBank1Status
    stm32f10x_gpio.o(i.GPIO_AFIODeInit) refers to stm32f10x_rcc.o(i.RCC_APB2PeriphResetCmd) for RCC_APB2PeriphResetCmd
    stm32f10x_gpio.o(i.GPIO_DeInit) refers to stm32f10x_rcc.o(i.RCC_APB2PeriphResetCmd) for RCC_APB2PeriphResetCmd
    stm32f10x_i2c.o(i.I2C_DeInit) refers to stm32f10x_rcc.o(i.RCC_APB1PeriphResetCmd) for RCC_APB1PeriphResetCmd
    stm32f10x_i2c.o(i.I2C_Init) refers to stm32f10x_rcc.o(i.RCC_GetClocksFreq) for RCC_GetClocksFreq
    stm32f10x_pwr.o(i.PWR_DeInit) refers to stm32f10x_rcc.o(i.RCC_APB1PeriphResetCmd) for RCC_APB1PeriphResetCmd
[...]
    Removing stm32f10x_sdio.o(i.SDIO_StopSDIOReadWait), (12 bytes).
    Removing stm32f10x_sdio.o(i.SDIO_StructInit), (16 bytes).
    Removing stm32f10x_sdio.o(i.SDIO_WriteData), (12 bytes).
    Removing stm32f10x_spi.o(i.I2S_Cmd), (24 bytes).
    Removing stm32f10x_spi.o(i.I2S_Init), (232 bytes).
    Removing stm32f10x_spi.o(i.I2S_StructInit), (20 bytes).
    Removing stm32f10x_spi.o(i.SPI_BiDirectionalLineConfig), (28 bytes).
    Removing stm32f10x_spi.o(i.SPI_CalculateCRC), (24 bytes).
    Removing stm32f10x_spi.o(i.SPI_Cmd), (24 bytes).
    Removing stm32f10x_spi.o(i.SPI_DataSizeConfig), (18 bytes).
    Removing stm32f10x_spi.o(i.SPI_GetCRC), (16 bytes).
    Removing stm32f10x_spi.o(i.SPI_GetCRCPolynomial), (6 bytes).
    Removing stm32f10x_spi.o(i.SPI_I2S_ClearFlag), (6 bytes).
    Removing stm32f10x_spi.o(i.SPI_I2S_ClearITPendingBit), (20 bytes).
    Removing stm32f10x_spi.o(i.SPI_I2S_DMACmd), (18 bytes).
    Removing stm32f10x_spi.o(i.SPI_I2S_DeInit), (88 bytes).
    Removing stm32f10x_spi.o(i.SPI_I2S_GetFlagStatus), (18 bytes).
    Removing stm32f10x_spi.o(i.SPI_I2S_GetITStatus), (52 bytes).
    Removing stm32f10x_spi.o(i.SPI_I2S_ITConfig), (32 bytes).
    Removing stm32f10x_spi.o(i.SPI_I2S_ReceiveData), (6 bytes).
    Removing stm32f10x_spi.o(i.SPI_I2S_SendData), (4 bytes).
    Removing stm32f10x_spi.o(i.SPI_Init), (60 bytes).
    Removing stm32f10x_spi.o(i.SPI_NSSInternalSoftwareConfig), (30 bytes).
    Removing stm32f10x_spi.o(i.SPI_SSOutputCmd), (24 bytes).
    Removing stm32f10x_spi.o(i.SPI_StructInit), (24 bytes).
    Removing stm32f10x_spi.o(i.SPI_TransmitCRC), (10 bytes).
    Removing stm32f10x_tim.o(i.TI1_Config), (128 bytes).
    Removing stm32f10x_tim.o(i.TI2_Config), (152 bytes).
    Removing stm32f10x_tim.o(i.TI3_Config), (144 bytes).
    Removing stm32f10x_tim.o(i.TI4_Config), (152 bytes).
    Removing stm32f10x_tim.o(i.TIM_ARRPreloadConfig), (24 bytes).
    Removing stm32f10x_tim.o(i.TIM_BDTRConfig), (32 bytes).
    Removing stm32f10x_tim.o(i.TIM_BDTRStructInit), (18 bytes).
    Removing stm32f10x_tim.o(i.TIM_CCPreloadControl), (24 bytes).
    Removing stm32f10x_tim.o(i.TIM_CCxCmd), (30 bytes).
    Removing stm32f10x_tim.o(i.TIM_CCxNCmd), (30 bytes).
    Removing stm32f10x_tim.o(i.TIM_ClearFlag), (6 bytes).
    Removing stm32f10x_tim.o(i.TIM_ClearITPendingBit), (6 bytes).
    Removing stm32f10x_tim.o(i.TIM_ClearOC1Ref), (18 bytes).
    Removing stm32f10x_tim.o(i.TIM_ClearOC2Ref), (24 bytes).
    Removing stm32f10x_tim.o(i.TIM_ClearOC3Ref), (18 bytes).
    Removing stm32f10x_tim.o(i.TIM_ClearOC4Ref), (24 bytes).
    Removing stm32f10x_tim.o(i.TIM_Cmd), (24 bytes).
    Removing stm32f10x_tim.o(i.TIM_CounterModeConfig), (18 bytes).
    Removing stm32f10x_tim.o(i.TIM_CtrlPWMOutputs), (30 bytes).
    Removing stm32f10x_tim.o(i.TIM_DMACmd), (18 bytes).
    Removing stm32f10x_tim.o(i.TIM_DMAConfig), (10 bytes).
    Removing stm32f10x_tim.o(i.TIM_DeInit), (488 bytes).
    Removing stm32f10x_tim.o(i.TIM_ETRClockMode1Config), (54 bytes).
    Removing stm32f10x_tim.o(i.TIM_ETRClockMode2Config), (32 bytes).
    Removing stm32f10x_tim.o(i.TIM_ETRConfig), (28 bytes).
    Removing stm32f10x_tim.o(i.TIM_EncoderInterfaceConfig), (66 bytes).
    Removing stm32f10x_tim.o(i.TIM_ForcedOC1Config), (18 bytes).
    Removing stm32f10x_tim.o(i.TIM_ForcedOC2Config), (26 bytes).
    Removing stm32f10x_tim.o(i.TIM_ForcedOC3Config), (18 bytes).
    Removing stm32f10x_tim.o(i.TIM_ForcedOC4Config), (26 bytes).
    Removing stm32f10x_tim.o(i.TIM_GenerateEvent), (4 bytes).
    Removing stm32f10x_tim.o(i.TIM_GetCapture1), (6 bytes).
    Removing stm32f10x_tim.o(i.TIM_GetCapture2), (6 bytes).
    Removing stm32f10x_tim.o(i.TIM_GetCapture3), (6 bytes).
    Removing stm32f10x_tim.o(i.TIM_GetCapture4), (8 bytes).
    Removing stm32f10x_tim.o(i.TIM_GetCounter), (6 bytes).
    Removing stm32f10x_tim.o(i.TIM_GetFlagStatus), (18 bytes).
    Removing stm32f10x_tim.o(i.TIM_GetITStatus), (34 bytes).
    Removing stm32f10x_tim.o(i.TIM_GetPrescaler), (6 bytes).
    Removing stm32f10x_tim.o(i.TIM_ICInit), (172 bytes).
    Removing stm32f10x_tim.o(i.TIM_ICStructInit), (18 bytes).
    Removing stm32f10x_tim.o(i.TIM_ITConfig), (18 bytes).
    Removing stm32f10x_tim.o(i.TIM_ITRxExternalClockConfig), (24 bytes).
    Removing stm32f10x_tim.o(i.TIM_InternalClockConfig), (12 bytes).
    Removing stm32f10x_tim.o(i.TIM_OC1FastConfig), (18 bytes).
    Removing stm32f10x_tim.o(i.TIM_OC1Init), (152 bytes).
    Removing stm32f10x_tim.o(i.TIM_OC1NPolarityConfig), (18 bytes).
    Removing stm32f10x_tim.o(i.TIM_OC1PolarityConfig), (18 bytes).
    Removing stm32f10x_tim.o(i.TIM_OC1PreloadConfig), (18 bytes).
    Removing stm32f10x_tim.o(i.TIM_OC2FastConfig), (26 bytes).
    Removing stm32f10x_tim.o(i.TIM_OC2Init), (164 bytes).
    Removing stm32f10x_tim.o(i.TIM_OC2NPolarityConfig), (26 bytes).
    Removing stm32f10x_tim.o(i.TIM_OC2PolarityConfig), (26 bytes).
    Removing stm32f10x_tim.o(i.TIM_OC2PreloadConfig), (26 bytes).
    Removing stm32f10x_tim.o(i.TIM_OC3FastConfig), (18 bytes).
    Removing stm32f10x_tim.o(i.TIM_OC3Init), (160 bytes).
    Removing stm32f10x_tim.o(i.TIM_OC3NPolarityConfig), (26 bytes).
    Removing stm32f10x_tim.o(i.TIM_OC3PolarityConfig), (26 bytes).
    Removing stm32f10x_tim.o(i.TIM_OC3PreloadConfig), (18 bytes).
    Removing stm32f10x_tim.o(i.TIM_OC4FastConfig), (26 bytes).
    Removing stm32f10x_tim.o(i.TIM_OC4Init), (124 bytes).
    Removing stm32f10x_tim.o(i.TIM_OC4PolarityConfig), (26 bytes).
    Removing stm32f10x_tim.o(i.TIM_OC4PreloadConfig), (26 bytes).
    Removing stm32f10x_tim.o(i.TIM_OCStructInit), (20 bytes).
    Removing stm32f10x_tim.o(i.TIM_PWMIConfig), (124 bytes).
    Removing stm32f10x_tim.o(i.TIM_PrescalerConfig), (6 bytes).
    Removing stm32f10x_tim.o(i.TIM_SelectCCDMA), (24 bytes).
    Removing stm32f10x_tim.o(i.TIM_SelectCOM), (24 bytes).
    Removing stm32f10x_tim.o(i.TIM_SelectHallSensor), (24 bytes).
    Removing stm32f10x_tim.o(i.TIM_SelectInputTrigger), (18 bytes).
    Removing stm32f10x_tim.o(i.TIM_SelectMasterSlaveMode), (18 bytes).
    Removing stm32f10x_tim.o(i.TIM_SelectOCxM), (82 bytes).
    Removing stm32f10x_tim.o(i.TIM_SelectOnePulseMode), (18 bytes).
    Removing stm32f10x_tim.o(i.TIM_SelectOutputTrigger), (18 bytes).
    Removing stm32f10x_tim.o(i.TIM_SelectSlaveMode), (18 bytes).
    Removing stm32f10x_tim.o(i.TIM_SetAutoreload), (4 bytes).
    Removing stm32f10x_tim.o(i.TIM_SetClockDivision), (18 bytes).
    Removing stm32f10x_tim.o(i.TIM_SetCompare1), (4 bytes).
    Removing stm32f10x_tim.o(i.TIM_SetCompare2), (4 bytes).
    Removing stm32f10x_tim.o(i.TIM_SetCompare3), (4 bytes).
    Removing stm32f10x_tim.o(i.TIM_SetCompare4), (6 bytes).
    Removing stm32f10x_tim.o(i.TIM_SetCounter), (4 bytes).
    Removing stm32f10x_tim.o(i.TIM_SetIC1Prescaler), (18 bytes).
    Removing stm32f10x_tim.o(i.TIM_SetIC2Prescaler), (26 bytes).
    Removing stm32f10x_tim.o(i.TIM_SetIC3Prescaler), (18 bytes).
    Removing stm32f10x_tim.o(i.TIM_SetIC4Prescaler), (26 bytes).
    Removing stm32f10x_tim.o(i.TIM_TIxExternalClockConfig), (62 bytes).
    Removing stm32f10x_tim.o(i.TIM_TimeBaseInit), (164 bytes).
    Removing stm32f10x_tim.o(i.TIM_TimeBaseStructInit), (18 bytes).
    Removing stm32f10x_tim.o(i.TIM_UpdateDisableConfig), (24 bytes).
    Removing stm32f10x_tim.o(i.TIM_UpdateRequestConfig), (24 bytes).
    Removing stm32f10x_usart.o(i.USART_ClearFlag), (18 bytes).
    Removing stm32f10x_usart.o(i.USART_ClearITPendingBit), (30 bytes).
    Removing stm32f10x_usart.o(i.USART_ClockInit), (34 bytes).
    Removing stm32f10x_usart.o(i.USART_ClockStructInit), (12 bytes).
    Removing stm32f10x_usart.o(i.USART_DMACmd), (18 bytes).
    Removing stm32f10x_usart.o(i.USART_DeInit), (156 bytes).
    Removing stm32f10x_usart.o(i.USART_HalfDuplexCmd), (24 bytes).
    Removing stm32f10x_usart.o(i.USART_IrDACmd), (24 bytes).
    Removing stm32f10x_usart.o(i.USART_IrDAConfig), (18 bytes).
    Removing stm32f10x_usart.o(i.USART_LINBreakDetectLengthConfig), (18 bytes).
    Removing stm32f10x_usart.o(i.USART_LINCmd), (24 bytes).
    Removing stm32f10x_usart.o(i.USART_OneBitMethodCmd), (24 bytes).
    Removing stm32f10x_usart.o(i.USART_OverSampling8Cmd), (22 bytes).
    Removing stm32f10x_usart.o(i.USART_ReceiverWakeUpCmd), (24 bytes).
    Removing stm32f10x_usart.o(i.USART_SendBreak), (10 bytes).
    Removing stm32f10x_usart.o(i.USART_SetAddress), (18 bytes).
    Removing stm32f10x_usart.o(i.USART_SetGuardTime), (16 bytes).
    Removing stm32f10x_usart.o(i.USART_SetPrescaler), (16 bytes).
    Removing stm32f10x_usart.o(i.USART_SmartCardCmd), (24 bytes).
    Removing stm32f10x_usart.o(i.USART_SmartCardNACKCmd), (24 bytes).
    Removing stm32f10x_usart.o(i.USART_StructInit), (24 bytes).
    Removing stm32f10x_usart.o(i.USART_WakeUpConfig), (18 bytes).
    Removing stm32f10x_wwdg.o(i.WWDG_ClearFlag), (12 bytes).
    Removing stm32f10x_wwdg.o(i.WWDG_DeInit), (22 bytes).
    Removing stm32f10x_wwdg.o(i.WWDG_Enable), (16 bytes).
    Removing stm32f10x_wwdg.o(i.WWDG_EnableIT), (12 bytes).
    Removing stm32f10x_wwdg.o(i.WWDG_GetFlagStatus), (12 bytes).
    Removing stm32f10x_wwdg.o(i.WWDG_SetCounter), (16 bytes).
    Removing stm32f10x_wwdg.o(i.WWDG_SetPrescaler), (24 bytes).
    Removing stm32f10x_wwdg.o(i.WWDG_SetWindowValue), (40 bytes).
    Removing bsp_gpio_key.o(i.KEY_Scan), (54 bytes).
    Removing bsp_gpio_key.o(i.KEY_SystickScan), (144 bytes).
    Removing bsp_gpio_led.o(i.LED_OFF), (30 bytes).
    Removing bsp_gpio_led.o(i.LED_ON), (30 bytes).
    Removing bsp_systick.o(i.SysTick_CountPlus), (24 bytes).
    Removing bsp_systick.o(i.SysTick_DelayMs), (34 bytes).
    Removing bsp_systick.o(i.SysTick_GetCount), (12 bytes).
    Removing bsp_systick.o(i.SysTick_Init), (104 bytes).
    Removing bsp_systick.o(.data), (8 bytes).
    Removing bsp_dwt.o(i.DWT_Delay_Ms), (24 bytes).
    Removing bsp_dwt.o(i.DWT_Delay_S), (24 bytes).
    Removing bsp_dwt.o(i.DWT_Delay_Us), (48 bytes).
    Removing bsp_dwt.o(i.DWT_GetTick), (12 bytes).
    Removing bsp_dwt.o(i.DWT_Init), (40 bytes).
    Removing bsp_dwt.o(i.DWT_TickToUs), (64 bytes).
    Removing usart_com.o(i.USART_SendArray), (60 bytes).
    Removing usart_com.o(i.USART_SendByte), (44 bytes).
    Removing usart_com.o(i.USART_SendString), (56 bytes).
    Removing event_groups.o(i.prvTestWaitCondition), (30 bytes).
    Removing event_groups.o(i.vEventGroupClearBitsCallback), (16 bytes).
    Removing event_groups.o(i.vEventGroupDelete), (120 bytes).
    Removing event_groups.o(i.vEventGroupSetBitsCallback), (16 bytes).
    Removing event_groups.o(i.xEventGroupClearBits), (120 bytes).
    Removing event_groups.o(i.xEventGroupCreate), (26 bytes).
    Removing event_groups.o(i.xEventGroupGetBitsFromISR), (44 bytes).
    Removing event_groups.o(i.xEventGroupSetBits), (236 bytes).
    Removing event_groups.o(i.xEventGroupSync), (280 bytes).
    Removing event_groups.o(i.xEventGroupWaitBits), (348 bytes).
    Removing queue.o(i.pcQueueGetName), (44 bytes).
    Removing queue.o(i.prvInitialiseMutex), (28 bytes).
    Removing queue.o(i.uxQueueMessagesWaiting), (72 bytes).
    Removing queue.o(i.uxQueueMessagesWaitingFromISR), (64 bytes).
    Removing queue.o(i.uxQueueSpacesAvailable), (80 bytes).
    Removing queue.o(i.vQueueDelete), (76 bytes).
    Removing queue.o(i.vQueueUnregisterQueue), (48 bytes).
    Removing queue.o(i.xQueueAddToSet), (38 bytes).
    Removing queue.o(i.xQueueCreateCountingSemaphore), (112 bytes).
    Removing queue.o(i.xQueueCreateMutex), (34 bytes).
    Removing queue.o(i.xQueueCreateSet), (20 bytes).
    Removing queue.o(i.xQueueGiveMutexRecursive), (104 bytes).
    Removing queue.o(i.xQueueIsQueueEmptyFromISR), (72 bytes).
    Removing queue.o(i.xQueueIsQueueFullFromISR), (76 bytes).
    Removing queue.o(i.xQueuePeekFromISR), (188 bytes).
    Removing queue.o(i.xQueueReceiveFromISR), (224 bytes).
    Removing queue.o(i.xQueueRemoveFromSet), (48 bytes).
    Removing queue.o(i.xQueueSelectFromSet), (26 bytes).
    Removing queue.o(i.xQueueSelectFromSetFromISR), (22 bytes).
    Removing queue.o(i.xQueueTakeMutexRecursive), (112 bytes).
    Removing tasks.o(i.eTaskGetState), (164 bytes).
    Removing tasks.o(i.pcTaskGetName), (80 bytes).
    Removing tasks.o(i.prvTaskIsTaskSuspended), (120 bytes).
    Removing tasks.o(i.ulTaskNotifyTake), (116 bytes).
    Removing tasks.o(i.uxTaskGetNumberOfTasks), (12 bytes).
    Removing tasks.o(i.uxTaskPriorityGet), (36 bytes).
    Removing tasks.o(i.uxTaskPriorityGetFromISR), (68 bytes).
    Removing tasks.o(i.uxTaskResetEventItemValue), (28 bytes).
    Removing tasks.o(i.vTaskDelay), (120 bytes).
    Removing tasks.o(i.vTaskDelayUntil), (224 bytes).
    Removing tasks.o(i.vTaskDelete), (272 bytes).
    Removing tasks.o(i.vTaskEndScheduler), (36 bytes).
    Removing tasks.o(i.vTaskNotifyGiveFromISR), (260 bytes).
    Removing tasks.o(i.vTaskPlaceOnUnorderedEventList), (128 bytes).
    Removing tasks.o(i.vTaskPrioritySet), (308 bytes).
    Removing tasks.o(i.vTaskResume), (176 bytes).
    Removing tasks.o(i.vTaskSuspend), (260 bytes).
    Removing tasks.o(i.xTaskGenericNotify), (284 bytes).
    Removing tasks.o(i.xTaskGenericNotifyFromISR), (344 bytes).
    Removing tasks.o(i.xTaskGetCurrentTaskHandle), (12 bytes).
    Removing tasks.o(i.xTaskGetTickCountFromISR), (20 bytes).
    Removing tasks.o(i.xTaskNotifyStateClear), (52 bytes).
    Removing tasks.o(i.xTaskNotifyWait), (160 bytes).
    Removing tasks.o(i.xTaskRemoveFromUnorderedEventList), (196 bytes).
    Removing tasks.o(i.xTaskResumeFromISR), (208 bytes).
    Removing timers.o(i.pcTimerGetName), (68 bytes).
    Removing timers.o(i.prvInitialiseNewTimer), (112 bytes).
    Removing timers.o(i.pvTimerGetTimerID), (80 bytes).
    Removing timers.o(i.vTimerSetTimerID), (80 bytes).
    Removing timers.o(i.xTimerCreate), (48 bytes).
    Removing timers.o(i.xTimerGetExpiryTime), (72 bytes).
    Removing timers.o(i.xTimerGetPeriod), (68 bytes).
    Removing timers.o(i.xTimerGetTimerDaemonTaskHandle), (84 bytes).
    Removing timers.o(i.xTimerIsTimerActive), (92 bytes).
    Removing timers.o(i.xTimerPendFunctionCall), (116 bytes).
    Removing timers.o(i.xTimerPendFunctionCallFromISR), (52 bytes).
    Removing port.o(i.vPortEndScheduler), (96 bytes).
    Removing heap_4.o(i.vPortInitialiseBlocks), (2 bytes).
    Removing heap_4.o(i.xPortGetFreeHeapSize), (12 bytes).
    Removing heap_4.o(i.xPortGetMinimumEverFreeHeapSize), (12 bytes).
    Removing dmul.o(.text), (228 bytes).
    Removing ddiv.o(.text), (222 bytes).
    Removing dfltui.o(.text), (26 bytes).
    Removing dfixui.o(.text), (50 bytes).
    Removing depilogue.o(.text), (186 bytes).
    Removing dadd.o(.text), (334 bytes).
    Removing dfixul.o(.text), (48 bytes).
    Removing cdrcmple.o(.text), (48 bytes).

552 unused section(s) (total 27822 bytes) removed from the image.

==============================================================================

Image Symbol Table

    Local Symbols

    Symbol Name                              Value     Ov Type        Size  Object(Section)

    ../clib/microlib/division.c              0x00000000   Number         0  uidiv.o ABSOLUTE
    ../clib/microlib/division.c              0x00000000   Number         0  uldiv.o ABSOLUTE
    ../clib/microlib/init/entry.s            0x00000000   Number         0  entry10b.o ABSOLUTE
    ../clib/microlib/init/entry.s            0x00000000   Number         0  entry9a.o ABSOLUTE
    ../clib/microlib/init/entry.s            0x00000000   Number         0  entry9b.o ABSOLUTE
    ../clib/microlib/init/entry.s            0x00000000   Number         0  entry7b.o ABSOLUTE
    ../clib/microlib/init/entry.s            0x00000000   Number         0  entry8a.o ABSOLUTE
    ../clib/microlib/init/entry.s            0x00000000   Number         0  entry10a.o ABSOLUTE
    ../clib/microlib/init/entry.s            0x00000000   Number         0  entry8b.o ABSOLUTE
    ../clib/microlib/init/entry.s            0x00000000   Number         0  entry11a.o ABSOLUTE
    ../clib/microlib/init/entry.s            0x00000000   Number         0  entry11b.o ABSOLUTE
    ../clib/microlib/init/entry.s            0x00000000   Number         0  entry12a.o ABSOLUTE
    ../clib/microlib/init/entry.s            0x00000000   Number         0  entry.o ABSOLUTE
    ../clib/microlib/init/entry.s            0x00000000   Number         0  entry2.o ABSOLUTE
    ../clib/microlib/init/entry.s            0x00000000   Number         0  entry12b.o ABSOLUTE
    ../clib/microlib/init/entry.s            0x00000000   Number         0  entry5.o ABSOLUTE
    ../clib/microlib/init/entry.s            0x00000000   Number         0  entry7a.o ABSOLUTE
    ../clib/microlib/longlong.c              0x00000000   Number         0  llsshr.o ABSOLUTE
    ../clib/microlib/longlong.c              0x00000000   Number         0  llshl.o ABSOLUTE
    ../clib/microlib/longlong.c              0x00000000   Number         0  llushr.o ABSOLUTE
    ../clib/microlib/printf/printf.c         0x00000000   Number         0  printf8.o ABSOLUTE
    ../clib/microlib/printf/printf.c         0x00000000   Number         0  printf7.o ABSOLUTE
    ../clib/microlib/printf/printf.c         0x00000000   Number         0  printf6.o ABSOLUTE
    ../clib/microlib/printf/printf.c         0x00000000   Number         0  printf4.o ABSOLUTE
    ../clib/microlib/printf/printf.c         0x00000000   Number         0  printf3.o ABSOLUTE
    ../clib/microlib/printf/printf.c         0x00000000   Number         0  printf2.o ABSOLUTE
    ../clib/microlib/printf/printf.c         0x00000000   Number         0  printf1.o ABSOLUTE
    ../clib/microlib/printf/printf.c         0x00000000   Number         0  printf5.o ABSOLUTE
    ../clib/microlib/printf/printf.c         0x00000000   Number         0  printfa.o ABSOLUTE
    ../clib/microlib/printf/printf.c         0x00000000   Number         0  printf0.o ABSOLUTE
    ../clib/microlib/printf/printf.c         0x00000000   Number         0  printfb.o ABSOLUTE
    ../clib/microlib/printf/stubs.s          0x00000000   Number         0  stubs.o ABSOLUTE
    ../clib/microlib/stdio/streams.c         0x00000000   Number         0  stdout.o ABSOLUTE
    ../clib/microlib/string/memcpy.c         0x00000000   Number         0  memcpya.o ABSOLUTE
    ../clib/microlib/string/memcpy.c         0x00000000   Number         0  memcpyb.o ABSOLUTE
    ../clib/microlib/string/memset.c         0x00000000   Number         0  memseta.o ABSOLUTE
    ../clib/microlib/stubs.s                 0x00000000   Number         0  iusefp.o ABSOLUTE
    ../fplib/microlib/fpadd.c                0x00000000   Number         0  dadd.o ABSOLUTE
    ../fplib/microlib/fpdiv.c                0x00000000   Number         0  ddiv.o ABSOLUTE
    ../fplib/microlib/fpepilogue.c           0x00000000   Number         0  depilogue.o ABSOLUTE
    ../fplib/microlib/fpfix.c                0x00000000   Number         0  dfixul.o ABSOLUTE
    ../fplib/microlib/fpfix.c                0x00000000   Number         0  dfixui.o ABSOLUTE
    ../fplib/microlib/fpflt.c                0x00000000   Number         0  dfltui.o ABSOLUTE
    ../fplib/microlib/fpmul.c                0x00000000   Number         0  dmul.o ABSOLUTE
    ..\FreeRTOS\port\MemMang\heap_4.c        0x00000000   Number         0  heap_4.o ABSOLUTE
    ..\FreeRTOS\port\RVDS\ARM_CM3\port.c     0x00000000   Number         0  port.o ABSOLUTE
    ..\FreeRTOS\src\croutine.c               0x00000000   Number         0  croutine.o ABSOLUTE
    ..\FreeRTOS\src\event_groups.c           0x00000000   Number         0  event_groups.o ABSOLUTE
    ..\FreeRTOS\src\list.c                   0x00000000   Number         0  list.o ABSOLUTE
    ..\FreeRTOS\src\queue.c                  0x00000000   Number         0  queue.o ABSOLUTE
    ..\FreeRTOS\src\tasks.c                  0x00000000   Number         0  tasks.o ABSOLUTE
    ..\FreeRTOS\src\timers.c                 0x00000000   Number         0  timers.o ABSOLUTE
    ..\Libraries\CMSIS\CM3\DeviceSupport\ST\STM32F10x\startup\arm\startup_stm32f10x_md.s 0x00000000   Number         0  startup_stm32f10x_md.o ABSOLUTE
    ..\Libraries\STM32F10x_StdPeriph_Driver\src\misc.c 0x00000000   Number         0  misc.o ABSOLUTE
    ..\Libraries\STM32F10x_StdPeriph_Driver\src\stm32f10x_adc.c 0x00000000   Number         0  stm32f10x_adc.o ABSOLUTE
    ..\Libraries\STM32F10x_StdPeriph_Driver\src\stm32f10x_bkp.c 0x00000000   Number         0  stm32f10x_bkp.o ABSOLUTE
    ..\Libraries\STM32F10x_StdPeriph_Driver\src\stm32f10x_can.c 0x00000000   Number         0  stm32f10x_can.o ABSOLUTE
    ..\Libraries\STM32F10x_StdPeriph_Driver\src\stm32f10x_cec.c 0x00000000   Number         0  stm32f10x_cec.o ABSOLUTE
    ..\Libraries\STM32F10x_StdPeriph_Driver\src\stm32f10x_crc.c 0x00000000   Number         0  stm32f10x_crc.o ABSOLUTE
    ..\Libraries\STM32F10x_StdPeriph_Driver\src\stm32f10x_dac.c 0x00000000   Number         0  stm32f10x_dac.o ABSOLUTE
    ..\Libraries\STM32F10x_StdPeriph_Driver\src\stm32f10x_dbgmcu.c 0x00000000   Number         0  stm32f10x_dbgmcu.o ABSOLUTE
    ..\Libraries\STM32F10x_StdPeriph_Driver\src\stm32f10x_dma.c 0x00000000   Number         0  stm32f10x_dma.o ABSOLUTE
    ..\Libraries\STM32F10x_StdPeriph_Driver\src\stm32f10x_exti.c 0x00000000   Number         0  stm32f10x_exti.o ABSOLUTE
    ..\Libraries\STM32F10x_StdPeriph_Driver\src\stm32f10x_flash.c 0x00000000   Number         0  stm32f10x_flash.o ABSOLUTE
    ..\Libraries\STM32F10x_StdPeriph_Driver\src\stm32f10x_fsmc.c 0x00000000   Number         0  stm32f10x_fsmc.o ABSOLUTE
    ..\Libraries\STM32F10x_StdPeriph_Driver\src\stm32f10x_gpio.c 0x00000000   Number         0  stm32f10x_gpio.o ABSOLUTE
    ..\Libraries\STM32F10x_StdPeriph_Driver\src\stm32f10x_i2c.c 0x00000000   Number         0  stm32f10x_i2c.o ABSOLUTE
    ..\Libraries\STM32F10x_StdPeriph_Driver\src\stm32f10x_iwdg.c 0x00000000   Number         0  stm32f10x_iwdg.o ABSOLUTE
    ..\Libraries\STM32F10x_StdPeriph_Driver\src\stm32f10x_pwr.c 0x00000000   Number         0  stm32f10x_pwr.o ABSOLUTE
    ..\Libraries\STM32F10x_StdPeriph_Driver\src\stm32f10x_rcc.c 0x00000000   Number         0  stm32f10x_rcc.o ABSOLUTE
    ..\Libraries\STM32F10x_StdPeriph_Driver\src\stm32f10x_rtc.c 0x00000000   Number         0  stm32f10x_rtc.o ABSOLUTE
    ..\Libraries\STM32F10x_StdPeriph_Driver\src\stm32f10x_sdio.c 0x00000000   Number         0  stm32f10x_sdio.o ABSOLUTE
    ..\Libraries\STM32F10x_StdPeriph_Driver\src\stm32f10x_spi.c 0x00000000   Number         0  stm32f10x_spi.o ABSOLUTE
    ..\Libraries\STM32F10x_StdPeriph_Driver\src\stm32f10x_tim.c 0x00000000   Number         0  stm32f10x_tim.o ABSOLUTE
    ..\Libraries\STM32F10x_StdPeriph_Driver\src\stm32f10x_usart.c 0x00000000   Number         0  stm32f10x_usart.o ABSOLUTE
    ..\Libraries\STM32F10x_StdPeriph_Driver\src\stm32f10x_wwdg.c 0x00000000   Number         0  stm32f10x_wwdg.o ABSOLUTE
    ..\User\dwt\bsp_dwt.c                    0x00000000   Number         0  bsp_dwt.o ABSOLUTE
    ..\User\key\bsp_gpio_key.c               0x00000000   Number         0  bsp_gpio_key.o ABSOLUTE
    ..\User\led\bsp_gpio_led.c               0x00000000   Number         0  bsp_gpio_led.o ABSOLUTE
    ..\User\main.c                           0x00000000   Number         0  main.o ABSOLUTE
    ..\User\stm32f10x_it.c                   0x00000000   Number         0  stm32f10x_it.o ABSOLUTE
    ..\User\system_stm32f10x.c               0x00000000   Number         0  system_stm32f10x.o ABSOLUTE
    ..\User\systick\bsp_systick.c            0x00000000   Number         0  bsp_systick.o ABSOLUTE
    ..\User\usart\bsp_usart.c                0x00000000   Number         0  bsp_usart.o ABSOLUTE
    ..\User\usart\usart_com.c                0x00000000   Number         0  usart_com.o ABSOLUTE
    ..\\FreeRTOS\\port\\RVDS\\ARM_CM3\\port.c 0x00000000   Number         0  port.o ABSOLUTE
    cdrcmple.s                               0x00000000   Number         0  cdrcmple.o ABSOLUTE
    dc.s                                     0x00000000   Number         0  dc.o ABSOLUTE
    handlers.s                               0x00000000   Number         0  handlers.o ABSOLUTE
    init.s                                   0x00000000   Number         0  init.o ABSOLUTE
    RESET                                    0x08000000   Section      236  startup_stm32f10x_md.o(RESET)
    .ARM.Collect$$$$00000000                 0x080000ec   Section        0  entry.o(.ARM.Collect$$$$00000000)
    .ARM.Collect$$$$00000001                 0x080000ec   Section        4  entry2.o(.ARM.Collect$$$$00000001)
    .ARM.Collect$$$$00000004                 0x080000f0   Section        4  entry5.o(.ARM.Collect$$$$00000004)
    .ARM.Collect$$$$00000008                 0x080000f4   Section        0  entry7b.o(.ARM.Collect$$$$00000008)
    .ARM.Collect$$$$0000000A                 0x080000f4   Section        0  entry8b.o(.ARM.Collect$$$$0000000A)
    .ARM.Collect$$$$0000000B                 0x080000f4   Section        8  entry9a.o(.ARM.Collect$$$$0000000B)
    .ARM.Collect$$$$0000000E                 0x080000fc   Section        4  entry12b.o(.ARM.Collect$$$$0000000E)
    .ARM.Collect$$$$0000000F                 0x08000100   Section        0  entry10a.o(.ARM.Collect$$$$0000000F)
    .ARM.Collect$$$$00000011                 0x08000100   Section        0  entry11a.o(.ARM.Collect$$$$00000011)
    .ARM.Collect$$$$00002712                 0x08000100   Section        4  entry2.o(.ARM.Collect$$$$00002712)
    __lit__00000000                          0x08000100   Data           4  entry2.o(.ARM.Collect$$$$00002712)
    .emb_text                                0x08000104   Section      150  port.o(.emb_text)
    .text                                    0x0800019c   Section       36  startup_stm32f10x_md.o(.text)
    .text                                    0x080001c0   Section        0  memcpya.o(.text)
    .text                                    0x080001e4   Section        0  memseta.o(.text)
    .text                                    0x08000208   Section        0  uidiv.o(.text)
    .text                                    0x08000234   Section       36  init.o(.text)
    i.BSP_Init                               0x08000258   Section        0  main.o(i.BSP_Init)
    BSP_Init                                 0x08000259   Thumb Code    48  main.o(i.BSP_Init)
    i.BusFault_Handler                       0x080002c0   Section        0  stm32f10x_it.o(i.BusFault_Handler)
    i.DebugMon_Handler                       0x080002c4   Section        0  stm32f10x_it.o(i.DebugMon_Handler)
    i.EXTI0_IRQHandler                       0x080002c8   Section        0  stm32f10x_it.o(i.EXTI0_IRQHandler)
    i.EXTI15_10_IRQHandler                   0x0800033c   Section        0  stm32f10x_it.o(i.EXTI15_10_IRQHandler)
    i.EXTI_ClearITPendingBit                 0x080003b4   Section        0  stm32f10x_exti.o(i.EXTI_ClearITPendingBit)
    i.EXTI_GetITStatus                       0x080003c0   Section        0  stm32f10x_exti.o(i.EXTI_GetITStatus)
    i.EXTI_Init                              0x080003e8   Section        0  stm32f10x_exti.o(i.EXTI_Init)
    i.GPIO_EXTILineConfig                    0x0800047c   Section        0  stm32f10x_gpio.o(i.GPIO_EXTILineConfig)
    i.GPIO_Init                              0x080004bc   Section        0  stm32f10x_gpio.o(i.GPIO_Init)
    i.GPIO_ReadInputDataBit                  0x080005d2   Section        0  stm32f10x_gpio.o(i.GPIO_ReadInputDataBit)
    i.GPIO_SetBits                           0x080005e4   Section        0  stm32f10x_gpio.o(i.GPIO_SetBits)
    i.Get_KeyCurrentLevel                    0x080005e8   Section        0  bsp_gpio_key.o(i.Get_KeyCurrentLevel)
    Get_KeyCurrentLevel                      0x080005e9   Thumb Code    14  bsp_gpio_key.o(i.Get_KeyCurrentLevel)
    i.HardFault_Handler                      0x080005f6   Section        0  stm32f10x_it.o(i.HardFault_Handler)
    i.KEY_GPIO_Config                        0x080005fc   Section        0  bsp_gpio_key.o(i.KEY_GPIO_Config)
    i.KEY_Init                               0x08000664   Section        0  bsp_gpio_key.o(i.KEY_Init)
    i.KEY_Mode_Config                        0x08000688   Section        0  bsp_gpio_key.o(i.KEY_Mode_Config)
    i.KEY_NVIC_Config                        0x080006e4   Section        0  bsp_gpio_key.o(i.KEY_NVIC_Config)
    i.KeyLevel_Init                          0x08000730   Section        0  bsp_gpio_key.o(i.KeyLevel_Init)
    i.LED_GPIO_Config                        0x0800074c   Section        0  bsp_gpio_led.o(i.LED_GPIO_Config)
    i.LED_TOGGLE                             0x080007d8   Section        0  bsp_gpio_led.o(i.LED_TOGGLE)
    i.LED_Task                               0x080007e0   Section        0  main.o(i.LED_Task)
    LED_Task                                 0x080007e1   Thumb Code    44  main.o(i.LED_Task)
    i.MemManage_Handler                      0x08000840   Section        0  stm32f10x_it.o(i.MemManage_Handler)
    i.NMI_Handler                            0x08000844   Section        0  stm32f10x_it.o(i.NMI_Handler)
    i.NVIC_Init                              0x08000848   Section        0  misc.o(i.NVIC_Init)
    i.NVIC_PriorityGroupConfig               0x080008b8   Section        0  misc.o(i.NVIC_PriorityGroupConfig)
    i.RCC_APB2PeriphClockCmd                 0x080008cc   Section        0  stm32f10x_rcc.o(i.RCC_APB2PeriphClockCmd)
    i.RCC_GetClocksFreq                      0x080008ec   Section        0  stm32f10x_rcc.o(i.RCC_GetClocksFreq)
    i.Receive_Task                           0x080009c0   Section        0  main.o(i.Receive_Task)
    Receive_Task                             0x080009c1   Thumb Code    54  main.o(i.Receive_Task)
    i.SetSysClock                            0x08000a14   Section        0  system_stm32f10x.o(i.SetSysClock)
    SetSysClock                              0x08000a15   Thumb Code     8  system_stm32f10x.o(i.SetSysClock)
    i.SetSysClockTo72                        0x08000a1c   Section        0  system_stm32f10x.o(i.SetSysClockTo72)
    SetSysClockTo72                          0x08000a1d   Thumb Code   214  system_stm32f10x.o(i.SetSysClockTo72)
    i.SysTick_Handler                        0x08000afc   Section        0  stm32f10x_it.o(i.SysTick_Handler)
    i.SystemInit                             0x08000b0c   Section        0  system_stm32f10x.o(i.SystemInit)
    i.USART1_IRQHandler                      0x08000b6c   Section        0  bsp_usart.o(i.USART1_IRQHandler)
    i.USART_Cmd                              0x08000ca4   Section        0  stm32f10x_usart.o(i.USART_Cmd)
    i.USART_GPIOCONFIG                       0x08000cbc   Section        0  bsp_usart.o(i.USART_GPIOCONFIG)
    i.USART_GetFlagStatus                    0x08000d10   Section        0  stm32f10x_usart.o(i.USART_GetFlagStatus)
    i.USART_GetITStatus                      0x08000d2a   Section        0  stm32f10x_usart.o(i.USART_GetITStatus)
    i.USART_INIT                             0x08000d80   Section        0  bsp_usart.o(i.USART_INIT)
    i.USART_ITConfig                         0x08000d9c   Section        0  stm32f10x_usart.o(i.USART_ITConfig)
    i.USART_Init                             0x08000de8   Section        0  stm32f10x_usart.o(i.USART_Init)
    i.USART_MODECONFIG                       0x08000ec0   Section        0  bsp_usart.o(i.USART_MODECONFIG)
    i.USART_NVICCONFIG                       0x08000f1c   Section        0  bsp_usart.o(i.USART_NVICCONFIG)
    i.USART_ReceiveData                      0x08000f4a   Section        0  stm32f10x_usart.o(i.USART_ReceiveData)
    i.USART_SendData                         0x08000f54   Section        0  stm32f10x_usart.o(i.USART_SendData)
    i.UsageFault_Handler                     0x08000f5c   Section        0  stm32f10x_it.o(i.UsageFault_Handler)
    i.__0printf$3                            0x08000f60   Section        0  printf3.o(i.__0printf$3)
    i.__scatterload_copy                     0x08000f80   Section       14  handlers.o(i.__scatterload_copy)
    i.__scatterload_null                     0x08000f8e   Section        2  handlers.o(i.__scatterload_null)
    i.__scatterload_zeroinit                 0x08000f90   Section       14  handlers.o(i.__scatterload_zeroinit)
    i._printf_core                           0x08000fa0   Section        0  printf3.o(i._printf_core)
    _printf_core                             0x08000fa1   Thumb Code   436  printf3.o(i._printf_core)
    i.eTaskConfirmSleepModeStatus            0x08001158   Section        0  tasks.o(i.eTaskConfirmSleepModeStatus)
    i.fputc                                  0x08001194   Section        0  usart_com.o(i.fputc)
    i.main                                   0x080011c8   Section        0  main.o(i.main)
    i.prvAddCurrentTaskToDelayedList         0x080013b0   Section        0  tasks.o(i.prvAddCurrentTaskToDelayedList)
    prvAddCurrentTaskToDelayedList           0x080013b1   Thumb Code   124  tasks.o(i.prvAddCurrentTaskToDelayedList)
    i.prvAddNewTaskToReadyList               0x08001448   Section        0  tasks.o(i.prvAddNewTaskToReadyList)
    prvAddNewTaskToReadyList                 0x08001449   Thumb Code   150  tasks.o(i.prvAddNewTaskToReadyList)
    i.prvCheckForValidListAndQueue           0x080014fc   Section        0  timers.o(i.prvCheckForValidListAndQueue)
    prvCheckForValidListAndQueue             0x080014fd   Thumb Code    72  timers.o(i.prvCheckForValidListAndQueue)
    i.prvCheckTasksWaitingTermination        0x08001560   Section        0  tasks.o(i.prvCheckTasksWaitingTermination)
    prvCheckTasksWaitingTermination          0x08001561   Thumb Code    86  tasks.o(i.prvCheckTasksWaitingTermination)
    i.prvCopyDataFromQueue                   0x080015c4   Section        0  queue.o(i.prvCopyDataFromQueue)
    prvCopyDataFromQueue                     0x080015c5   Thumb Code    42  queue.o(i.prvCopyDataFromQueue)
    i.prvCopyDataToQueue                     0x080015ee   Section        0  queue.o(i.prvCopyDataToQueue)
    prvCopyDataToQueue                       0x080015ef   Thumb Code   124  queue.o(i.prvCopyDataToQueue)
    i.prvDeleteTCB                           0x0800166a   Section        0  tasks.o(i.prvDeleteTCB)
    prvDeleteTCB                             0x0800166b   Thumb Code    18  tasks.o(i.prvDeleteTCB)
    i.prvGetExpectedIdleTime                 0x0800167c   Section        0  tasks.o(i.prvGetExpectedIdleTime)
    prvGetExpectedIdleTime                   0x0800167d   Thumb Code    56  tasks.o(i.prvGetExpectedIdleTime)
    i.prvGetNextExpireTime                   0x080016c8   Section        0  timers.o(i.prvGetNextExpireTime)
    prvGetNextExpireTime                     0x080016c9   Thumb Code    36  timers.o(i.prvGetNextExpireTime)
    i.prvHeapInit                            0x080016f0   Section        0  heap_4.o(i.prvHeapInit)
    prvHeapInit                              0x080016f1   Thumb Code    98  heap_4.o(i.prvHeapInit)
    i.prvIdleTask                            0x0800176c   Section        0  tasks.o(i.prvIdleTask)
    prvIdleTask                              0x0800176d   Thumb Code    98  tasks.o(i.prvIdleTask)
    i.prvInitialiseNewQueue                  0x08001808   Section        0  queue.o(i.prvInitialiseNewQueue)
    prvInitialiseNewQueue                    0x08001809   Thumb Code    42  queue.o(i.prvInitialiseNewQueue)
    i.prvInitialiseNewTask                   0x08001834   Section        0  tasks.o(i.prvInitialiseNewTask)
    prvInitialiseNewTask                     0x08001835   Thumb Code   160  tasks.o(i.prvInitialiseNewTask)
    i.prvInitialiseTaskLists                 0x080018fc   Section        0  tasks.o(i.prvInitialiseTaskLists)
    prvInitialiseTaskLists                   0x080018fd   Thumb Code    70  tasks.o(i.prvInitialiseTaskLists)
    i.prvInsertBlockIntoFreeList             0x08001964   Section        0  heap_4.o(i.prvInsertBlockIntoFreeList)
    prvInsertBlockIntoFreeList               0x08001965   Thumb Code    96  heap_4.o(i.prvInsertBlockIntoFreeList)
    i.prvInsertTimerInActiveList             0x080019cc   Section        0  timers.o(i.prvInsertTimerInActiveList)
    prvInsertTimerInActiveList               0x080019cd   Thumb Code    80  timers.o(i.prvInsertTimerInActiveList)
    i.prvIsQueueEmpty                        0x08001a24   Section        0  queue.o(i.prvIsQueueEmpty)
    prvIsQueueEmpty                          0x08001a25   Thumb Code    26  queue.o(i.prvIsQueueEmpty)
    i.prvIsQueueFull                         0x08001a3e   Section        0  queue.o(i.prvIsQueueFull)
    prvIsQueueFull                           0x08001a3f   Thumb Code    30  queue.o(i.prvIsQueueFull)
    i.prvNotifyQueueSetContainer             0x08001a5c   Section        0  queue.o(i.prvNotifyQueueSetContainer)
    prvNotifyQueueSetContainer               0x08001a5d   Thumb Code   124  queue.o(i.prvNotifyQueueSetContainer)
    i.prvProcessExpiredTimer                 0x08001b00   Section        0  timers.o(i.prvProcessExpiredTimer)
    prvProcessExpiredTimer                   0x08001b01   Thumb Code    84  timers.o(i.prvProcessExpiredTimer)
    i.prvProcessReceivedCommands             0x08001b84   Section        0  timers.o(i.prvProcessReceivedCommands)
    prvProcessReceivedCommands               0x08001b85   Thumb Code   254  timers.o(i.prvProcessReceivedCommands)
    i.prvProcessTimerOrBlockTask             0x08001cb4   Section        0  timers.o(i.prvProcessTimerOrBlockTask)
    prvProcessTimerOrBlockTask               0x08001cb5   Thumb Code   102  timers.o(i.prvProcessTimerOrBlockTask)
    i.prvResetNextTaskUnblockTime            0x08001d28   Section        0  tasks.o(i.prvResetNextTaskUnblockTime)
    prvResetNextTaskUnblockTime              0x08001d29   Thumb Code    42  tasks.o(i.prvResetNextTaskUnblockTime)
    i.prvSampleTimeNow                       0x08001d5c   Section        0  timers.o(i.prvSampleTimeNow)
    prvSampleTimeNow                         0x08001d5d   Thumb Code    40  timers.o(i.prvSampleTimeNow)
    i.prvSwitchTimerLists                    0x08001d88   Section        0  timers.o(i.prvSwitchTimerLists)
    prvSwitchTimerLists                      0x08001d89   Thumb Code   140  timers.o(i.prvSwitchTimerLists)
    i.prvTaskExitError                       0x08001e48   Section        0  port.o(i.prvTaskExitError)
    prvTaskExitError                         0x08001e49   Thumb Code    48  port.o(i.prvTaskExitError)
    i.prvTimerTask                           0x08001eb4   Section        0  timers.o(i.prvTimerTask)
    prvTimerTask                             0x08001eb5   Thumb Code    26  timers.o(i.prvTimerTask)
    i.prvUnlockQueue                         0x08001ece   Section        0  queue.o(i.prvUnlockQueue)
    prvUnlockQueue                           0x08001ecf   Thumb Code   146  queue.o(i.prvUnlockQueue)
    i.pvPortMalloc                           0x08001f60   Section        0  heap_4.o(i.pvPortMalloc)
    i.pvTaskIncrementMutexHeldCount          0x080020b0   Section        0  tasks.o(i.pvTaskIncrementMutexHeldCount)
    i.pxPortInitialiseStack                  0x080020d0   Section        0  port.o(i.pxPortInitialiseStack)
    i.uxListRemove                           0x080020f4   Section        0  list.o(i.uxListRemove)
    i.vListInitialise                        0x0800211c   Section        0  list.o(i.vListInitialise)
    i.vListInitialiseItem                    0x08002136   Section        0  list.o(i.vListInitialiseItem)
    i.vListInsert                            0x0800213c   Section        0  list.o(i.vListInsert)
    i.vListInsertEnd                         0x08002170   Section        0  list.o(i.vListInsertEnd)
    i.vPortEnterCritical                     0x08002188   Section        0  port.o(i.vPortEnterCritical)
    i.vPortExitCritical                      0x0800220c   Section        0  port.o(i.vPortExitCritical)
    i.vPortFree                              0x08002278   Section        0  heap_4.o(i.vPortFree)
    i.vPortSetupTimerInterrupt               0x0800232c   Section        0  port.o(i.vPortSetupTimerInterrupt)
    i.vPortSuppressTicksAndSleep             0x08002388   Section        0  port.o(i.vPortSuppressTicksAndSleep)
    i.vPortValidateInterruptPriority         0x080024d4   Section        0  port.o(i.vPortValidateInterruptPriority)
    i.vQueueAddToRegistry                    0x08002570   Section        0  queue.o(i.vQueueAddToRegistry)
    i.vQueueWaitForMessageRestricted         0x0800259c   Section        0  queue.o(i.vQueueWaitForMessageRestricted)
    i.vTaskMissedYield                       0x080025e8   Section        0  tasks.o(i.vTaskMissedYield)
    i.vTaskPlaceOnEventList                  0x080025f4   Section        0  tasks.o(i.vTaskPlaceOnEventList)
    i.vTaskPlaceOnEventListRestricted        0x0800264c   Section        0  tasks.o(i.vTaskPlaceOnEventListRestricted)
    i.vTaskPriorityInherit                   0x080026ac   Section        0  tasks.o(i.vTaskPriorityInherit)
    i.vTaskSetTimeOutState                   0x0800275c   Section        0  tasks.o(i.vTaskSetTimeOutState)
    i.vTaskStartScheduler                    0x080027ac   Section        0  tasks.o(i.vTaskStartScheduler)
    i.vTaskStepTick                          0x0800285c   Section        0  tasks.o(i.vTaskStepTick)
    i.vTaskSuspendAll                        0x080028c0   Section        0  tasks.o(i.vTaskSuspendAll)
    i.vTaskSwitchContext                     0x080028d0   Section        0  tasks.o(i.vTaskSwitchContext)
    i.xPortStartScheduler                    0x0800297c   Section        0  port.o(i.xPortStartScheduler)
    i.xPortSysTickHandler                    0x08002a1c   Section        0  port.o(i.xPortSysTickHandler)
    i.xQueueGenericCreate                    0x08002a50   Section        0  queue.o(i.xQueueGenericCreate)
    i.xQueueGenericReceive                   0x08002ac8   Section        0  queue.o(i.xQueueGenericReceive)
    i.xQueueGenericReset                     0x08002c94   Section        0  queue.o(i.xQueueGenericReset)
    i.xQueueGenericSend                      0x08002d48   Section        0  queue.o(i.xQueueGenericSend)
    i.xQueueGenericSendFromISR               0x08002f10   Section        0  queue.o(i.xQueueGenericSendFromISR)
    i.xQueueGiveFromISR                      0x08003024   Section        0  queue.o(i.xQueueGiveFromISR)
    i.xTaskCheckForTimeOut                   0x08003124   Section        0  tasks.o(i.xTaskCheckForTimeOut)
    i.xTaskCreate                            0x080031c8   Section        0  tasks.o(i.xTaskCreate)
    i.xTaskGetSchedulerState                 0x08003228   Section        0  tasks.o(i.xTaskGetSchedulerState)
    i.xTaskGetTickCount                      0x08003248   Section        0  tasks.o(i.xTaskGetTickCount)
    i.xTaskIncrementTick                     0x08003254   Section        0  tasks.o(i.xTaskIncrementTick)
    i.xTaskPriorityDisinherit                0x080033b8   Section        0  tasks.o(i.xTaskPriorityDisinherit)
    i.xTaskRemoveFromEventList               0x08003494   Section        0  tasks.o(i.xTaskRemoveFromEventList)
    i.xTaskResumeAll                         0x08003550   Section        0  tasks.o(i.xTaskResumeAll)
    i.xTimerCreateTimerTask                  0x08003674   Section        0  timers.o(i.xTimerCreateTimerTask)
    i.xTimerGenericCommand                   0x080036ec   Section        0  timers.o(i.xTimerGenericCommand)
    .data                                    0x20000000   Section       20  system_stm32f10x.o(.data)
    .data                                    0x20000014   Section       20  stm32f10x_rcc.o(.data)
    APBAHBPrescTable                         0x20000014   Data          16  stm32f10x_rcc.o(.data)
    ADCPrescTable                            0x20000024   Data           4  stm32f10x_rcc.o(.data)
    .data                                    0x20000028   Section       16  main.o(.data)
    LED_Task_Handle                          0x20000028   Data           4  main.o(.data)
    Receive_Task_Handle                      0x2000002c   Data           4  main.o(.data)
    .data                                    0x20000038   Section        8  stm32f10x_it.o(.data)
    send_data1                               0x20000038   Data           4  stm32f10x_it.o(.data)
    send_data2                               0x2000003c   Data           4  stm32f10x_it.o(.data)
    .data                                    0x20000040   Section       40  bsp_gpio_key.o(.data)
    .data                                    0x20000068   Section       60  tasks.o(.data)
    pxDelayedTaskList                        0x2000006c   Data           4  tasks.o(.data)
    pxOverflowDelayedTaskList                0x20000070   Data           4  tasks.o(.data)
    uxDeletedTasksWaitingCleanUp             0x20000074   Data           4  tasks.o(.data)
    uxCurrentNumberOfTasks                   0x20000078   Data           4  tasks.o(.data)
    xTickCount                               0x2000007c   Data           4  tasks.o(.data)
    uxTopReadyPriority                       0x20000080   Data           4  tasks.o(.data)
    xSchedulerRunning                        0x20000084   Data           4  tasks.o(.data)
    uxPendedTicks                            0x20000088   Data           4  tasks.o(.data)
    xYieldPending                            0x2000008c   Data           4  tasks.o(.data)
    xNumOfOverflows                          0x20000090   Data           4  tasks.o(.data)
    uxTaskNumber                             0x20000094   Data           4  tasks.o(.data)
    xNextTaskUnblockTime                     0x20000098   Data           4  tasks.o(.data)
    xIdleTaskHandle                          0x2000009c   Data           4  tasks.o(.data)
    uxSchedulerSuspended                     0x200000a0   Data           4  tasks.o(.data)
    .data                                    0x200000a4   Section       20  timers.o(.data)
    pxCurrentTimerList                       0x200000a4   Data           4  timers.o(.data)
    pxOverflowTimerList                      0x200000a8   Data           4  timers.o(.data)
    xTimerQueue                              0x200000ac   Data           4  timers.o(.data)
    xTimerTaskHandle                         0x200000b0   Data           4  timers.o(.data)
    xLastTime                                0x200000b4   Data           4  timers.o(.data)
    .data                                    0x200000b8   Section       24  port.o(.data)
    uxCriticalNesting                        0x200000b8   Data           4  port.o(.data)
    ulTimerCountsForOneTick                  0x200000bc   Data           4  port.o(.data)
    xMaximumPossibleSuppressedTicks          0x200000c0   Data           4  port.o(.data)
    ulStoppedTimerCompensation               0x200000c4   Data           4  port.o(.data)
    ucMaxSysCallPriority                     0x200000c8   Data           1  port.o(.data)
    ulMaxPRIGROUPValue                       0x200000cc   Data           4  port.o(.data)
    .data                                    0x200000d0   Section       24  heap_4.o(.data)
    xStart                                   0x200000d0   Data           8  heap_4.o(.data)
    pxEnd                                    0x200000d8   Data           4  heap_4.o(.data)
    xFreeBytesRemaining                      0x200000dc   Data           4  heap_4.o(.data)
    xMinimumEverFreeBytesRemaining           0x200000e0   Data           4  heap_4.o(.data)
    xBlockAllocatedBit                       0x200000e4   Data           4  heap_4.o(.data)
    .data                                    0x200000e8   Section        4  stdout.o(.data)
    .bss                                     0x200000ec   Section     1032  bsp_usart.o(.bss)
    .bss                                     0x200004f4   Section       80  queue.o(.bss)
    .bss                                     0x20000544   Section      740  tasks.o(.bss)
    pxReadyTasksLists                        0x20000544   Data         640  tasks.o(.bss)
    xDelayedTaskList1                        0x200007c4   Data          20  tasks.o(.bss)
    xDelayedTaskList2                        0x200007d8   Data          20  tasks.o(.bss)
    xPendingReadyList                        0x200007ec   Data          20  tasks.o(.bss)
    xTasksWaitingTermination                 0x20000800   Data          20  tasks.o(.bss)
    xSuspendedTaskList                       0x20000814   Data          20  tasks.o(.bss)
    .bss                                     0x20000828   Section       40  timers.o(.bss)
    xActiveTimerList1                        0x20000828   Data          20  timers.o(.bss)
    xActiveTimerList2                        0x2000083c   Data          20  timers.o(.bss)
    .bss                                     0x20000850   Section    16384  heap_4.o(.bss)
    ucHeap                                   0x20000850   Data       16384  heap_4.o(.bss)
    STACK                                    0x20004850   Section     1024  startup_stm32f10x_md.o(STACK)

    Global Symbols

    Symbol Name                              Value     Ov Type        Size  Object(Section)

    BuildAttributes$$THM_ISAv4$P$D$K$B$S$PE$A:L22UL41UL21$X:L11$S22US41US21$IEEE1$IW$USESV6$~STKCKD$USESV7$~SHL$OSPACE$ROPI$EBA8$MICROLIB$REQ8$PRES8$EABIv2 0x00000000   Number         0  anon$$obj.o ABSOLUTE
    __ARM_use_no_argv                        0x00000000   Number         0  main.o ABSOLUTE
    _printf_a                                0x00000000   Number         0  stubs.o ABSOLUTE
    _printf_c                                0x00000000   Number         0  stubs.o ABSOLUTE
    _printf_charcount                        0x00000000   Number         0  stubs.o ABSOLUTE
    _printf_d                                0x00000000   Number         0  stubs.o ABSOLUTE
    _printf_e                                0x00000000   Number         0  stubs.o ABSOLUTE
    _printf_f                                0x00000000   Number         0  stubs.o ABSOLUTE
    _printf_flags                            0x00000000   Number         0  stubs.o ABSOLUTE
    _printf_fp_dec                           0x00000000   Number         0  stubs.o ABSOLUTE
    _printf_fp_hex                           0x00000000   Number         0  stubs.o ABSOLUTE
    _printf_g                                0x00000000   Number         0  stubs.o ABSOLUTE
    _printf_i                                0x00000000   Number         0  stubs.o ABSOLUTE
    _printf_int_dec                          0x00000000   Number         0  stubs.o ABSOLUTE
    _printf_l                                0x00000000   Number         0  stubs.o ABSOLUTE
    _printf_lc                               0x00000000   Number         0  stubs.o ABSOLUTE
    _printf_ll                               0x00000000   Number         0  stubs.o ABSOLUTE
    _printf_lld                              0x00000000   Number         0  stubs.o ABSOLUTE
    _printf_lli                              0x00000000   Number         0  stubs.o ABSOLUTE
    _printf_llo                              0x00000000   Number         0  stubs.o ABSOLUTE
    _printf_llu                              0x00000000   Number         0  stubs.o ABSOLUTE
    _printf_llx                              0x00000000   Number         0  stubs.o ABSOLUTE
    _printf_longlong_dec                     0x00000000   Number         0  stubs.o ABSOLUTE
    _printf_longlong_hex                     0x00000000   Number         0  stubs.o ABSOLUTE
    _printf_longlong_oct                     0x00000000   Number         0  stubs.o ABSOLUTE
    _printf_ls                               0x00000000   Number         0  stubs.o ABSOLUTE
    _printf_mbtowc                           0x00000000   Number         0  stubs.o ABSOLUTE
    _printf_n                                0x00000000   Number         0  stubs.o ABSOLUTE
    _printf_o                                0x00000000   Number         0  stubs.o ABSOLUTE
    _printf_p                                0x00000000   Number         0  stubs.o ABSOLUTE
    _printf_percent                          0x00000000   Number         0  stubs.o ABSOLUTE
    _printf_pre_padding                      0x00000000   Number         0  stubs.o ABSOLUTE
    _printf_return_value                     0x00000000   Number         0  stubs.o ABSOLUTE
    _printf_s                                0x00000000   Number         0  stubs.o ABSOLUTE
    _printf_sizespec                         0x00000000   Number         0  stubs.o ABSOLUTE
    _printf_str                              0x00000000   Number         0  stubs.o ABSOLUTE
    _printf_truncate_signed                  0x00000000   Number         0  stubs.o ABSOLUTE
    _printf_truncate_unsigned                0x00000000   Number         0  stubs.o ABSOLUTE
    _printf_u                                0x00000000   Number         0  stubs.o ABSOLUTE
    _printf_wc                               0x00000000   Number         0  stubs.o ABSOLUTE
    _printf_wctomb                           0x00000000   Number         0  stubs.o ABSOLUTE
    _printf_widthprec                        0x00000000   Number         0  stubs.o ABSOLUTE
    _printf_x                                0x00000000   Number         0  stubs.o ABSOLUTE
    __arm_fini_                               - Undefined Weak Reference
    __cpp_initialize__aeabi_                  - Undefined Weak Reference
    __cxa_finalize                            - Undefined Weak Reference
    __decompress                              - Undefined Weak Reference
    _clock_init                               - Undefined Weak Reference
    _microlib_exit                            - Undefined Weak Reference
    __Vectors_Size                           0x000000ec   Number         0  startup_stm32f10x_md.o ABSOLUTE
    __Vectors                                0x08000000   Data           4  startup_stm32f10x_md.o(RESET)
    __Vectors_End                            0x080000ec   Data           0  startup_stm32f10x_md.o(RESET)
    __main                                   0x080000ed   Thumb Code     0  entry.o(.ARM.Collect$$$$00000000)
    _main_stk                                0x080000ed   Thumb Code     0  entry2.o(.ARM.Collect$$$$00000001)
    _main_scatterload                        0x080000f1   Thumb Code     0  entry5.o(.ARM.Collect$$$$00000004)
    __main_after_scatterload                 0x080000f5   Thumb Code     0  entry5.o(.ARM.Collect$$$$00000004)
    _main_clock                              0x080000f5   Thumb Code     0  entry7b.o(.ARM.Collect$$$$00000008)
    _main_cpp_init                           0x080000f5   Thumb Code     0  entry8b.o(.ARM.Collect$$$$0000000A)
    _main_init                               0x080000f5   Thumb Code     0  entry9a.o(.ARM.Collect$$$$0000000B)
    __rt_lib_shutdown_fini                   0x080000fd   Thumb Code     0  entry12b.o(.ARM.Collect$$$$0000000E)
    __rt_final_cpp                           0x08000101   Thumb Code     0  entry10a.o(.ARM.Collect$$$$0000000F)
    __rt_final_exit                          0x08000101   Thumb Code     0  entry11a.o(.ARM.Collect$$$$00000011)
    SVC_Handler                              0x08000105   Thumb Code    32  port.o(.emb_text)
    __asm___6_port_c_39a90d8d__prvStartFirstTask 0x08000129   Thumb Code    28  port.o(.emb_text)
    PendSV_Handler                           0x08000149   Thumb Code    72  port.o(.emb_text)
    vPortGetIPSR                             0x08000195   Thumb Code     6  port.o(.emb_text)
    Reset_Handler                            0x0800019d   Thumb Code     8  startup_stm32f10x_md.o(.text)
    ADC1_2_IRQHandler                        0x080001b7   Thumb Code     0  startup_stm32f10x_md.o(.text)
    CAN1_RX1_IRQHandler                      0x080001b7   Thumb Code     0  startup_stm32f10x_md.o(.text)
    CAN1_SCE_IRQHandler                      0x080001b7   Thumb Code     0  startup_stm32f10x_md.o(.text)
    DMA1_Channel1_IRQHandler                 0x080001b7   Thumb Code     0  startup_stm32f10x_md.o(.text)
    DMA1_Channel2_IRQHandler                 0x080001b7   Thumb Code     0  startup_stm32f10x_md.o(.text)
    DMA1_Channel3_IRQHandler                 0x080001b7   Thumb Code     0  startup_stm32f10x_md.o(.text)
    DMA1_Channel4_IRQHandler                 0x080001b7   Thumb Code     0  startup_stm32f10x_md.o(.text)
    DMA1_Channel5_IRQHandler                 0x080001b7   Thumb Code     0  startup_stm32f10x_md.o(.text)
    DMA1_Channel6_IRQHandler                 0x080001b7   Thumb Code     0  startup_stm32f10x_md.o(.text)
    DMA1_Channel7_IRQHandler                 0x080001b7   Thumb Code     0  startup_stm32f10x_md.o(.text)
    EXTI1_IRQHandler                         0x080001b7   Thumb Code     0  startup_stm32f10x_md.o(.text)
    EXTI2_IRQHandler                         0x080001b7   Thumb Code     0  startup_stm32f10x_md.o(.text)
    EXTI3_IRQHandler                         0x080001b7   Thumb Code     0  startup_stm32f10x_md.o(.text)
    EXTI4_IRQHandler                         0x080001b7   Thumb Code     0  startup_stm32f10x_md.o(.text)
    EXTI9_5_IRQHandler                       0x080001b7   Thumb Code     0  startup_stm32f10x_md.o(.text)
    FLASH_IRQHandler                         0x080001b7   Thumb Code     0  startup_stm32f10x_md.o(.text)
    I2C1_ER_IRQHandler                       0x080001b7   Thumb Code     0  startup_stm32f10x_md.o(.text)
    I2C1_EV_IRQHandler                       0x080001b7   Thumb Code     0  startup_stm32f10x_md.o(.text)
    I2C2_ER_IRQHandler                       0x080001b7   Thumb Code     0  startup_stm32f10x_md.o(.text)
    I2C2_EV_IRQHandler                       0x080001b7   Thumb Code     0  startup_stm32f10x_md.o(.text)
    PVD_IRQHandler                           0x080001b7   Thumb Code     0  startup_stm32f10x_md.o(.text)
    RCC_IRQHandler                           0x080001b7   Thumb Code     0  startup_stm32f10x_md.o(.text)
    RTCAlarm_IRQHandler                      0x080001b7   Thumb Code     0  startup_stm32f10x_md.o(.text)
    RTC_IRQHandler                           0x080001b7   Thumb Code     0  startup_stm32f10x_md.o(.text)
    SPI1_IRQHandler                          0x080001b7   Thumb Code     0  startup_stm32f10x_md.o(.text)
    SPI2_IRQHandler                          0x080001b7   Thumb Code     0  startup_stm32f10x_md.o(.text)
    TAMPER_IRQHandler                        0x080001b7   Thumb Code     0  startup_stm32f10x_md.o(.text)
    TIM1_BRK_IRQHandler                      0x080001b7   Thumb Code     0  startup_stm32f10x_md.o(.text)
    TIM1_CC_IRQHandler                       0x080001b7   Thumb Code     0  startup_stm32f10x_md.o(.text)
    TIM1_TRG_COM_IRQHandler                  0x080001b7   Thumb Code     0  startup_stm32f10x_md.o(.text)
    TIM1_UP_IRQHandler                       0x080001b7   Thumb Code     0  startup_stm32f10x_md.o(.text)
    TIM2_IRQHandler                          0x080001b7   Thumb Code     0  startup_stm32f10x_md.o(.text)
    TIM3_IRQHandler                          0x080001b7   Thumb Code     0  startup_stm32f10x_md.o(.text)
    TIM4_IRQHandler                          0x080001b7   Thumb Code     0  startup_stm32f10x_md.o(.text)
    USART2_IRQHandler                        0x080001b7   Thumb Code     0  startup_stm32f10x_md.o(.text)
    USART3_IRQHandler                        0x080001b7   Thumb Code     0  startup_stm32f10x_md.o(.text)
    USBWakeUp_IRQHandler                     0x080001b7   Thumb Code     0  startup_stm32f10x_md.o(.text)
    USB_HP_CAN1_TX_IRQHandler                0x080001b7   Thumb Code     0  startup_stm32f10x_md.o(.text)
    USB_LP_CAN1_RX0_IRQHandler               0x080001b7   Thumb Code     0  startup_stm32f10x_md.o(.text)
    WWDG_IRQHandler                          0x080001b7   Thumb Code     0  startup_stm32f10x_md.o(.text)
    __aeabi_memcpy                           0x080001c1   Thumb Code    36  memcpya.o(.text)
    __aeabi_memcpy4                          0x080001c1   Thumb Code     0  memcpya.o(.text)
    __aeabi_memcpy8                          0x080001c1   Thumb Code     0  memcpya.o(.text)
    __aeabi_memset                           0x080001e5   Thumb Code    14  memseta.o(.text)
    __aeabi_memset4                          0x080001e5   Thumb Code     0  memseta.o(.text)
    __aeabi_memset8                          0x080001e5   Thumb Code     0  memseta.o(.text)
    __aeabi_memclr                           0x080001f3   Thumb Code     4  memseta.o(.text)
    __aeabi_memclr4                          0x080001f3   Thumb Code     0  memseta.o(.text)
    __aeabi_memclr8                          0x080001f3   Thumb Code     0  memseta.o(.text)
    _memset$wrapper                          0x080001f7   Thumb Code    18  memseta.o(.text)
    __aeabi_uidiv                            0x08000209   Thumb Code     0  uidiv.o(.text)
    __aeabi_uidivmod                         0x08000209   Thumb Code    44  uidiv.o(.text)
    __scatterload                            0x08000235   Thumb Code    28  init.o(.text)
    __scatterload_rt2                        0x08000235   Thumb Code     0  init.o(.text)
    BusFault_Handler                         0x080002c1   Thumb Code     4  stm32f10x_it.o(i.BusFault_Handler)
    DebugMon_Handler                         0x080002c5   Thumb Code     2  stm32f10x_it.o(i.DebugMon_Handler)
    EXTI0_IRQHandler                         0x080002c9   Thumb Code    98  stm32f10x_it.o(i.EXTI0_IRQHandler)
    EXTI15_10_IRQHandler                     0x0800033d   Thumb Code   102  stm32f10x_it.o(i.EXTI15_10_IRQHandler)
    EXTI_ClearITPendingBit                   0x080003b5   Thumb Code     6  stm32f10x_exti.o(i.EXTI_ClearITPendingBit)
    EXTI_GetITStatus                         0x080003c1   Thumb Code    34  stm32f10x_exti.o(i.EXTI_GetITStatus)
    EXTI_Init                                0x080003e9   Thumb Code   142  stm32f10x_exti.o(i.EXTI_Init)
    GPIO_EXTILineConfig                      0x0800047d   Thumb Code    60  stm32f10x_gpio.o(i.GPIO_EXTILineConfig)
    GPIO_Init                                0x080004bd   Thumb Code   278  stm32f10x_gpio.o(i.GPIO_Init)
    GPIO_ReadInputDataBit                    0x080005d3   Thumb Code    18  stm32f10x_gpio.o(i.GPIO_ReadInputDataBit)
    GPIO_SetBits                             0x080005e5   Thumb Code     4  stm32f10x_gpio.o(i.GPIO_SetBits)
    HardFault_Handler                        0x080005f7   Thumb Code     4  stm32f10x_it.o(i.HardFault_Handler)
    KEY_GPIO_Config                          0x080005fd   Thumb Code    96  bsp_gpio_key.o(i.KEY_GPIO_Config)
    KEY_Init                                 0x08000665   Thumb Code    28  bsp_gpio_key.o(i.KEY_Init)
    KEY_Mode_Config                          0x08000689   Thumb Code    92  bsp_gpio_key.o(i.KEY_Mode_Config)
    KEY_NVIC_Config                          0x080006e5   Thumb Code    76  bsp_gpio_key.o(i.KEY_NVIC_Config)
    KeyLevel_Init                            0x08000731   Thumb Code    28  bsp_gpio_key.o(i.KeyLevel_Init)
    LED_GPIO_Config                          0x0800074d   Thumb Code   134  bsp_gpio_led.o(i.LED_GPIO_Config)
    LED_TOGGLE                               0x080007d9   Thumb Code     8  bsp_gpio_led.o(i.LED_TOGGLE)
    MemManage_Handler                        0x08000841   Thumb Code     4  stm32f10x_it.o(i.MemManage_Handler)
    NMI_Handler                              0x08000845   Thumb Code     2  stm32f10x_it.o(i.NMI_Handler)
    NVIC_Init                                0x08000849   Thumb Code   100  misc.o(i.NVIC_Init)
    NVIC_PriorityGroupConfig                 0x080008b9   Thumb Code    10  misc.o(i.NVIC_PriorityGroupConfig)
    RCC_APB2PeriphClockCmd                   0x080008cd   Thumb Code    26  stm32f10x_rcc.o(i.RCC_APB2PeriphClockCmd)
    RCC_GetClocksFreq                        0x080008ed   Thumb Code   192  stm32f10x_rcc.o(i.RCC_GetClocksFreq)
    SysTick_Handler                          0x08000afd   Thumb Code    16  stm32f10x_it.o(i.SysTick_Handler)
    SystemInit                               0x08000b0d   Thumb Code    78  system_stm32f10x.o(i.SystemInit)
    USART1_IRQHandler                        0x08000b6d   Thumb Code   296  bsp_usart.o(i.USART1_IRQHandler)
    USART_Cmd                                0x08000ca5   Thumb Code    24  stm32f10x_usart.o(i.USART_Cmd)
    USART_GPIOCONFIG                         0x08000cbd   Thumb Code    80  bsp_usart.o(i.USART_GPIOCONFIG)
    USART_GetFlagStatus                      0x08000d11   Thumb Code    26  stm32f10x_usart.o(i.USART_GetFlagStatus)
    USART_GetITStatus                        0x08000d2b   Thumb Code    84  stm32f10x_usart.o(i.USART_GetITStatus)
    USART_INIT                               0x08000d81   Thumb Code    24  bsp_usart.o(i.USART_INIT)
    USART_ITConfig                           0x08000d9d   Thumb Code    74  stm32f10x_usart.o(i.USART_ITConfig)
    USART_Init                               0x08000de9   Thumb Code   210  stm32f10x_usart.o(i.USART_Init)
    USART_MODECONFIG                         0x08000ec1   Thumb Code    86  bsp_usart.o(i.USART_MODECONFIG)
    USART_NVICCONFIG                         0x08000f1d   Thumb Code    46  bsp_usart.o(i.USART_NVICCONFIG)
    USART_ReceiveData                        0x08000f4b   Thumb Code    10  stm32f10x_usart.o(i.USART_ReceiveData)
    USART_SendData                           0x08000f55   Thumb Code     8  stm32f10x_usart.o(i.USART_SendData)
    UsageFault_Handler                       0x08000f5d   Thumb Code     4  stm32f10x_it.o(i.UsageFault_Handler)
    __0printf$3                              0x08000f61   Thumb Code    22  printf3.o(i.__0printf$3)
    __1printf$3                              0x08000f61   Thumb Code     0  printf3.o(i.__0printf$3)
    __2printf                                0x08000f61   Thumb Code     0  printf3.o(i.__0printf$3)
    __scatterload_copy                       0x08000f81   Thumb Code    14  handlers.o(i.__scatterload_copy)
    __scatterload_null                       0x08000f8f   Thumb Code     2  handlers.o(i.__scatterload_null)
    __scatterload_zeroinit                   0x08000f91   Thumb Code    14  handlers.o(i.__scatterload_zeroinit)
    eTaskConfirmSleepModeStatus              0x08001159   Thumb Code    42  tasks.o(i.eTaskConfirmSleepModeStatus)
    fputc                                    0x08001195   Thumb Code    46  usart_com.o(i.fputc)
    main                                     0x080011c9   Thumb Code   180  main.o(i.main)
    pvPortMalloc                             0x08001f61   Thumb Code   262  heap_4.o(i.pvPortMalloc)
    pvTaskIncrementMutexHeldCount            0x080020b1   Thumb Code    26  tasks.o(i.pvTaskIncrementMutexHeldCount)
    pxPortInitialiseStack                    0x080020d1   Thumb Code    30  port.o(i.pxPortInitialiseStack)
    uxListRemove                             0x080020f5   Thumb Code    40  list.o(i.uxListRemove)
    vListInitialise                          0x0800211d   Thumb Code    26  list.o(i.vListInitialise)
    vListInitialiseItem                      0x08002137   Thumb Code     6  list.o(i.vListInitialiseItem)
    vListInsert                              0x0800213d   Thumb Code    52  list.o(i.vListInsert)
    vListInsertEnd                           0x08002171   Thumb Code    24  list.o(i.vListInsertEnd)
    vPortEnterCritical                       0x08002189   Thumb Code    68  port.o(i.vPortEnterCritical)
    vPortExitCritical                        0x0800220d   Thumb Code    48  port.o(i.vPortExitCritical)
    vPortFree                                0x08002279   Thumb Code   120  heap_4.o(i.vPortFree)
    vPortSetupTimerInterrupt                 0x0800232d   Thumb Code    76  port.o(i.vPortSetupTimerInterrupt)
    vPortSuppressTicksAndSleep               0x08002389   Thumb Code   320  port.o(i.vPortSuppressTicksAndSleep)
    vPortValidateInterruptPriority           0x080024d5   Thumb Code    86  port.o(i.vPortValidateInterruptPriority)
    vQueueAddToRegistry                      0x08002571   Thumb Code    38  queue.o(i.vQueueAddToRegistry)
    vQueueWaitForMessageRestricted           0x0800259d   Thumb Code    74  queue.o(i.vQueueWaitForMessageRestricted)
    vTaskMissedYield                         0x080025e9   Thumb Code     8  tasks.o(i.vTaskMissedYield)
    vTaskPlaceOnEventList                    0x080025f5   Thumb Code    42  tasks.o(i.vTaskPlaceOnEventList)
    vTaskPlaceOnEventListRestricted          0x0800264d   Thumb Code    50  tasks.o(i.vTaskPlaceOnEventListRestricted)
    vTaskPriorityInherit                     0x080026ad   Thumb Code   164  tasks.o(i.vTaskPriorityInherit)
    vTaskSetTimeOutState                     0x0800275d   Thumb Code    32  tasks.o(i.vTaskSetTimeOutState)
    vTaskStartScheduler                      0x080027ad   Thumb Code   108  tasks.o(i.vTaskStartScheduler)
    vTaskStepTick                            0x0800285d   Thumb Code    50  tasks.o(i.vTaskStepTick)
    vTaskSuspendAll                          0x080028c1   Thumb Code    12  tasks.o(i.vTaskSuspendAll)
    vTaskSwitchContext                       0x080028d1   Thumb Code   110  tasks.o(i.vTaskSwitchContext)
    xPortStartScheduler                      0x0800297d   Thumb Code   140  port.o(i.xPortStartScheduler)
    xPortSysTickHandler                      0x08002a1d   Thumb Code    46  port.o(i.xPortSysTickHandler)
    xQueueGenericCreate                      0x08002a51   Thumb Code    78  queue.o(i.xQueueGenericCreate)
    xQueueGenericReceive                     0x08002ac9   Thumb Code   416  queue.o(i.xQueueGenericReceive)
    xQueueGenericReset                       0x08002c95   Thumb Code   136  queue.o(i.xQueueGenericReset)
    xQueueGenericSend                        0x08002d49   Thumb Code   412  queue.o(i.xQueueGenericSend)
    xQueueGenericSendFromISR                 0x08002f11   Thumb Code   234  queue.o(i.xQueueGenericSendFromISR)
    xQueueGiveFromISR                        0x08003025   Thumb Code   216  queue.o(i.xQueueGiveFromISR)
    xTaskCheckForTimeOut                     0x08003125   Thumb Code   116  tasks.o(i.xTaskCheckForTimeOut)
    xTaskCreate                              0x080031c9   Thumb Code    96  tasks.o(i.xTaskCreate)
    xTaskGetSchedulerState                   0x08003229   Thumb Code    24  tasks.o(i.xTaskGetSchedulerState)
    xTaskGetTickCount                        0x08003249   Thumb Code     6  tasks.o(i.xTaskGetTickCount)
    xTaskIncrementTick                       0x08003255   Thumb Code   272  tasks.o(i.xTaskIncrementTick)
    xTaskPriorityDisinherit                  0x080033b9   Thumb Code   168  tasks.o(i.xTaskPriorityDisinherit)
    xTaskRemoveFromEventList                 0x08003495   Thumb Code   122  tasks.o(i.xTaskRemoveFromEventList)
    xTaskResumeAll                           0x08003551   Thumb Code   214  tasks.o(i.xTaskResumeAll)
    xTimerCreateTimerTask                    0x08003675   Thumb Code    56  timers.o(i.xTimerCreateTimerTask)
    xTimerGenericCommand                     0x080036ed   Thumb Code   118  timers.o(i.xTimerGenericCommand)
    Region$$Table$$Base                      0x08003794   Number         0  anon$$obj.o(Region$$Table)
    Region$$Table$$Limit                     0x080037b4   Number         0  anon$$obj.o(Region$$Table)
    SystemCoreClock                          0x20000000   Data           4  system_stm32f10x.o(.data)
    AHBPrescTable                            0x20000004   Data          16  system_stm32f10x.o(.data)
    Test_Queue                               0x20000030   Data           4  main.o(.data)
    BinarySem_Handle                         0x20000034   Data           4  main.o(.data)
    key1_info                                0x20000040   Data          20  bsp_gpio_key.o(.data)
    key2_info                                0x20000054   Data          20  bsp_gpio_key.o(.data)
    pxCurrentTCB                             0x20000068   Data           4  tasks.o(.data)
    __stdout                                 0x200000e8   Data           4  stdout.o(.data)
    usart_receive                            0x200000ec   Data        1032  bsp_usart.o(.bss)
    xQueueRegistry                           0x200004f4   Data          80  queue.o(.bss)
    __initial_sp                             0x20004c50   Data           0  startup_stm32f10x_md.o(STACK)



==============================================================================

Memory Map of the image

  Image Entry point : 0x080000ed

  Load Region LR_IROM1 (Base: 0x08000000, Size: 0x000038a0, Max: 0x00010000, ABSOLUTE)

    Execution Region ER_IROM1 (Exec base: 0x08000000, Load base: 0x08000000, Size: 0x000037b4, Max: 0x00010000, ABSOLUTE)

    Exec Addr    Load Addr    Size         Type   Attr      Idx    E Section Name        Object

    0x08000000   0x08000000   0x000000ec   Data   RO            3    RESET               startup_stm32f10x_md.o
    0x080000ec   0x080000ec   0x00000000   Code   RO         4544  * .ARM.Collect$$$$00000000  mc_w.l(entry.o)
    0x080000ec   0x080000ec   0x00000004   Code   RO         4822    .ARM.Collect$$$$00000001  mc_w.l(entry2.o)
    0x080000f0   0x080000f0   0x00000004   Code   RO         4825    .ARM.Collect$$$$00000004  mc_w.l(entry5.o)
    0x080000f4   0x080000f4   0x00000000   Code   RO         4827    .ARM.Collect$$$$00000008  mc_w.l(entry7b.o)
    0x080000f4   0x080000f4   0x00000000   Code   RO         4829    .ARM.Collect$$$$0000000A  mc_w.l(entry8b.o)
    0x080000f4   0x080000f4   0x00000008   Code   RO         4830    .ARM.Collect$$$$0000000B  mc_w.l(entry9a.o)
    0x080000fc   0x080000fc   0x00000004   Code   RO         4837    .ARM.Collect$$$$0000000E  mc_w.l(entry12b.o)
    0x08000100   0x08000100   0x00000000   Code   RO         4832    .ARM.Collect$$$$0000000F  mc_w.l(entry10a.o)
    0x08000100   0x08000100   0x00000000   Code   RO         4834    .ARM.Collect$$$$00000011  mc_w.l(entry11a.o)
    0x08000100   0x08000100   0x00000004   Code   RO         4823    .ARM.Collect$$$$00002712  mc_w.l(entry2.o)
    0x08000104   0x08000104   0x00000096   Code   RO         4412    .emb_text           port.o
    0x0800019a   0x0800019a   0x00000002   PAD
    0x0800019c   0x0800019c   0x00000024   Code   RO            4    .text               startup_stm32f10x_md.o
    0x080001c0   0x080001c0   0x00000024   Code   RO         4547    .text               mc_w.l(memcpya.o)
    0x080001e4   0x080001e4   0x00000024   Code   RO         4549    .text               mc_w.l(memseta.o)
    0x08000208   0x08000208   0x0000002c   Code   RO         4839    .text               mc_w.l(uidiv.o)
    0x08000234   0x08000234   0x00000024   Code   RO         4854    .text               mc_w.l(init.o)
    0x08000258   0x08000258   0x00000068   Code   RO         3098    i.BSP_Init          main.o
    0x080002c0   0x080002c0   0x00000004   Code   RO         3268    i.BusFault_Handler  stm32f10x_it.o
    0x080002c4   0x080002c4   0x00000002   Code   RO         3269    i.DebugMon_Handler  stm32f10x_it.o
    0x080002c6   0x080002c6   0x00000002   PAD
    0x080002c8   0x080002c8   0x00000074   Code   RO         3270    i.EXTI0_IRQHandler  stm32f10x_it.o
    0x0800033c   0x0800033c   0x00000078   Code   RO         3271    i.EXTI15_10_IRQHandler  stm32f10x_it.o
    0x080003b4   0x080003b4   0x0000000c   Code   RO          929    i.EXTI_ClearITPendingBit  stm32f10x_exti.o
    0x080003c0   0x080003c0   0x00000028   Code   RO          933    i.EXTI_GetITStatus  stm32f10x_exti.o
    0x080003e8   0x080003e8   0x00000094   Code   RO          934    i.EXTI_Init         stm32f10x_exti.o
    0x0800047c   0x0800047c   0x00000040   Code   RO         1279    i.GPIO_EXTILineConfig  stm32f10x_gpio.o
    0x080004bc   0x080004bc   0x00000116   Code   RO         1282    i.GPIO_Init         stm32f10x_gpio.o
    0x080005d2   0x080005d2   0x00000012   Code   RO         1286    i.GPIO_ReadInputDataBit  stm32f10x_gpio.o
    0x080005e4   0x080005e4   0x00000004   Code   RO         1290    i.GPIO_SetBits      stm32f10x_gpio.o
    0x080005e8   0x080005e8   0x0000000e   Code   RO         3350    i.Get_KeyCurrentLevel  bsp_gpio_key.o
    0x080005f6   0x080005f6   0x00000004   Code   RO         3272    i.HardFault_Handler  stm32f10x_it.o
    0x080005fa   0x080005fa   0x00000002   PAD
    0x080005fc   0x080005fc   0x00000068   Code   RO         3351    i.KEY_GPIO_Config   bsp_gpio_key.o
    0x08000664   0x08000664   0x00000024   Code   RO         3352    i.KEY_Init          bsp_gpio_key.o
    0x08000688   0x08000688   0x0000005c   Code   RO         3353    i.KEY_Mode_Config   bsp_gpio_key.o
    0x080006e4   0x080006e4   0x0000004c   Code   RO         3354    i.KEY_NVIC_Config   bsp_gpio_key.o
    0x08000730   0x08000730   0x0000001c   Code   RO         3357    i.KeyLevel_Init     bsp_gpio_key.o
    0x0800074c   0x0800074c   0x0000008c   Code   RO         3415    i.LED_GPIO_Config   bsp_gpio_led.o
    0x080007d8   0x080007d8   0x00000008   Code   RO         3418    i.LED_TOGGLE        bsp_gpio_led.o
    0x080007e0   0x080007e0   0x00000060   Code   RO         3099    i.LED_Task          main.o
    0x08000840   0x08000840   0x00000004   Code   RO         3273    i.MemManage_Handler  stm32f10x_it.o
    0x08000844   0x08000844   0x00000002   Code   RO         3274    i.NMI_Handler       stm32f10x_it.o
    0x08000846   0x08000846   0x00000002   PAD
    0x08000848   0x08000848   0x00000070   Code   RO          127    i.NVIC_Init         misc.o
    0x080008b8   0x080008b8   0x00000014   Code   RO          128    i.NVIC_PriorityGroupConfig  misc.o
    0x080008cc   0x080008cc   0x00000020   Code   RO         1700    i.RCC_APB2PeriphClockCmd  stm32f10x_rcc.o
    0x080008ec   0x080008ec   0x000000d4   Code   RO         1708    i.RCC_GetClocksFreq  stm32f10x_rcc.o
    0x080009c0   0x080009c0   0x00000054   Code   RO         3100    i.Receive_Task      main.o
    0x08000a14   0x08000a14   0x00000008   Code   RO           10    i.SetSysClock       system_stm32f10x.o
    0x08000a1c   0x08000a1c   0x000000e0   Code   RO           11    i.SetSysClockTo72   system_stm32f10x.o
    0x08000afc   0x08000afc   0x00000010   Code   RO         3275    i.SysTick_Handler   stm32f10x_it.o
    0x08000b0c   0x08000b0c   0x00000060   Code   RO           13    i.SystemInit        system_stm32f10x.o
    0x08000b6c   0x08000b6c   0x00000138   Code   RO         3532    i.USART1_IRQHandler  bsp_usart.o
    0x08000ca4   0x08000ca4   0x00000018   Code   RO         2868    i.USART_Cmd         stm32f10x_usart.o
    0x08000cbc   0x08000cbc   0x00000054   Code   RO         3533    i.USART_GPIOCONFIG  bsp_usart.o
    0x08000d10   0x08000d10   0x0000001a   Code   RO         2871    i.USART_GetFlagStatus  stm32f10x_usart.o
    0x08000d2a   0x08000d2a   0x00000054   Code   RO         2872    i.USART_GetITStatus  stm32f10x_usart.o
    0x08000d7e   0x08000d7e   0x00000002   PAD
    0x08000d80   0x08000d80   0x0000001c   Code   RO         3534    i.USART_INIT        bsp_usart.o
    0x08000d9c   0x08000d9c   0x0000004a   Code   RO         2874    i.USART_ITConfig    stm32f10x_usart.o
    0x08000de6   0x08000de6   0x00000002   PAD
    0x08000de8   0x08000de8   0x000000d8   Code   RO         2875    i.USART_Init        stm32f10x_usart.o
    0x08000ec0   0x08000ec0   0x0000005c   Code   RO         3535    i.USART_MODECONFIG  bsp_usart.o
    0x08000f1c   0x08000f1c   0x0000002e   Code   RO         3536    i.USART_NVICCONFIG  bsp_usart.o
    0x08000f4a   0x08000f4a   0x0000000a   Code   RO         2882    i.USART_ReceiveData  stm32f10x_usart.o
    0x08000f54   0x08000f54   0x00000008   Code   RO         2885    i.USART_SendData    stm32f10x_usart.o
    0x08000f5c   0x08000f5c   0x00000004   Code   RO         3276    i.UsageFault_Handler  stm32f10x_it.o
    0x08000f60   0x08000f60   0x00000020   Code   RO         4642    i.__0printf$3       mc_w.l(printf3.o)
    0x08000f80   0x08000f80   0x0000000e   Code   RO         4862    i.__scatterload_copy  mc_w.l(handlers.o)
    0x08000f8e   0x08000f8e   0x00000002   Code   RO         4863    i.__scatterload_null  mc_w.l(handlers.o)
    0x08000f90   0x08000f90   0x0000000e   Code   RO         4864    i.__scatterload_zeroinit  mc_w.l(handlers.o)
    0x08000f9e   0x08000f9e   0x00000002   PAD
    0x08000fa0   0x08000fa0   0x000001b8   Code   RO         4649    i._printf_core      mc_w.l(printf3.o)
    0x08001158   0x08001158   0x0000003c   Code   RO         3948    i.eTaskConfirmSleepModeStatus  tasks.o
    0x08001194   0x08001194   0x00000034   Code   RO         3578    i.fputc             usart_com.o
    0x080011c8   0x080011c8   0x000001e8   Code   RO         3101    i.main              main.o
    0x080013b0   0x080013b0   0x00000098   Code   RO         3951    i.prvAddCurrentTaskToDelayedList  tasks.o
    0x08001448   0x08001448   0x000000b4   Code   RO         3952    i.prvAddNewTaskToReadyList  tasks.o
    0x080014fc   0x080014fc   0x00000064   Code   RO         4282    i.prvCheckForValidListAndQueue  timers.o
    0x08001560   0x08001560   0x00000064   Code   RO         3953    i.prvCheckTasksWaitingTermination  tasks.o
    0x080015c4   0x080015c4   0x0000002a   Code   RO         3735    i.prvCopyDataFromQueue  queue.o
    0x080015ee   0x080015ee   0x0000007c   Code   RO         3736    i.prvCopyDataToQueue  queue.o
    0x0800166a   0x0800166a   0x00000012   Code   RO         3954    i.prvDeleteTCB      tasks.o
    0x0800167c   0x0800167c   0x0000004c   Code   RO         3955    i.prvGetExpectedIdleTime  tasks.o
    0x080016c8   0x080016c8   0x00000028   Code   RO         4283    i.prvGetNextExpireTime  timers.o
    0x080016f0   0x080016f0   0x0000007c   Code   RO         4495    i.prvHeapInit       heap_4.o
    0x0800176c   0x0800176c   0x0000009c   Code   RO         3956    i.prvIdleTask       tasks.o
    0x08001808   0x08001808   0x0000002a   Code   RO         3738    i.prvInitialiseNewQueue  queue.o
    0x08001832   0x08001832   0x00000002   PAD
    0x08001834   0x08001834   0x000000c8   Code   RO         3957    i.prvInitialiseNewTask  tasks.o
    0x080018fc   0x080018fc   0x00000068   Code   RO         3958    i.prvInitialiseTaskLists  tasks.o
    0x08001964   0x08001964   0x00000068   Code   RO         4496    i.prvInsertBlockIntoFreeList  heap_4.o
    0x080019cc   0x080019cc   0x00000058   Code   RO         4285    i.prvInsertTimerInActiveList  timers.o
    0x08001a24   0x08001a24   0x0000001a   Code   RO         3739    i.prvIsQueueEmpty   queue.o
    0x08001a3e   0x08001a3e   0x0000001e   Code   RO         3740    i.prvIsQueueFull    queue.o
    0x08001a5c   0x08001a5c   0x000000a4   Code   RO         3741    i.prvNotifyQueueSetContainer  queue.o
    0x08001b00   0x08001b00   0x00000084   Code   RO         4286    i.prvProcessExpiredTimer  timers.o
    0x08001b84   0x08001b84   0x00000130   Code   RO         4287    i.prvProcessReceivedCommands  timers.o
    0x08001cb4   0x08001cb4   0x00000074   Code   RO         4288    i.prvProcessTimerOrBlockTask  timers.o
    0x08001d28   0x08001d28   0x00000034   Code   RO         3959    i.prvResetNextTaskUnblockTime  tasks.o
    0x08001d5c   0x08001d5c   0x0000002c   Code   RO         4289    i.prvSampleTimeNow  timers.o
    0x08001d88   0x08001d88   0x000000c0   Code   RO         4290    i.prvSwitchTimerLists  timers.o
    0x08001e48   0x08001e48   0x0000006c   Code   RO         4413    i.prvTaskExitError  port.o
    0x08001eb4   0x08001eb4   0x0000001a   Code   RO         4291    i.prvTimerTask      timers.o
    0x08001ece   0x08001ece   0x00000092   Code   RO         3742    i.prvUnlockQueue    queue.o
    0x08001f60   0x08001f60   0x00000150   Code   RO         4497    i.pvPortMalloc      heap_4.o
    0x080020b0   0x080020b0   0x00000020   Code   RO         3961    i.pvTaskIncrementMutexHeldCount  tasks.o
    0x080020d0   0x080020d0   0x00000024   Code   RO         4414    i.pxPortInitialiseStack  port.o
    0x080020f4   0x080020f4   0x00000028   Code   RO         3698    i.uxListRemove      list.o
    0x0800211c   0x0800211c   0x0000001a   Code   RO         3699    i.vListInitialise   list.o
    0x08002136   0x08002136   0x00000006   Code   RO         3700    i.vListInitialiseItem  list.o
    0x0800213c   0x0800213c   0x00000034   Code   RO         3701    i.vListInsert       list.o
    0x08002170   0x08002170   0x00000018   Code   RO         3702    i.vListInsertEnd    list.o
    0x08002188   0x08002188   0x00000084   Code   RO         4416    i.vPortEnterCritical  port.o
    0x0800220c   0x0800220c   0x0000006c   Code   RO         4417    i.vPortExitCritical  port.o
    0x08002278   0x08002278   0x000000b4   Code   RO         4498    i.vPortFree         heap_4.o
    0x0800232c   0x0800232c   0x0000005c   Code   RO         4418    i.vPortSetupTimerInterrupt  port.o
    0x08002388   0x08002388   0x0000014c   Code   RO         4419    i.vPortSuppressTicksAndSleep  port.o
    0x080024d4   0x080024d4   0x0000009c   Code   RO         4420    i.vPortValidateInterruptPriority  port.o
    0x08002570   0x08002570   0x0000002c   Code   RO         3746    i.vQueueAddToRegistry  queue.o
    0x0800259c   0x0800259c   0x0000004a   Code   RO         3749    i.vQueueWaitForMessageRestricted  queue.o
    0x080025e6   0x080025e6   0x00000002   PAD
    0x080025e8   0x080025e8   0x0000000c   Code   RO         3971    i.vTaskMissedYield  tasks.o
    0x080025f4   0x080025f4   0x00000058   Code   RO         3973    i.vTaskPlaceOnEventList  tasks.o
    0x0800264c   0x0800264c   0x00000060   Code   RO         3974    i.vTaskPlaceOnEventListRestricted  tasks.o
    0x080026ac   0x080026ac   0x000000b0   Code   RO         3976    i.vTaskPriorityInherit  tasks.o
    0x0800275c   0x0800275c   0x00000050   Code   RO         3979    i.vTaskSetTimeOutState  tasks.o
    0x080027ac   0x080027ac   0x000000b0   Code   RO         3980    i.vTaskStartScheduler  tasks.o
    0x0800285c   0x0800285c   0x00000064   Code   RO         3981    i.vTaskStepTick     tasks.o
    0x080028c0   0x080028c0   0x00000010   Code   RO         3983    i.vTaskSuspendAll   tasks.o
    0x080028d0   0x080028d0   0x000000ac   Code   RO         3984    i.vTaskSwitchContext  tasks.o
    0x0800297c   0x0800297c   0x000000a0   Code   RO         4421    i.xPortStartScheduler  port.o
    0x08002a1c   0x08002a1c   0x00000034   Code   RO         4422    i.xPortSysTickHandler  port.o
    0x08002a50   0x08002a50   0x00000078   Code   RO         3754    i.xQueueGenericCreate  queue.o
    0x08002ac8   0x08002ac8   0x000001cc   Code   RO         3755    i.xQueueGenericReceive  queue.o
    0x08002c94   0x08002c94   0x000000b4   Code   RO         3756    i.xQueueGenericReset  queue.o
    0x08002d48   0x08002d48   0x000001c8   Code   RO         3757    i.xQueueGenericSend  queue.o
    0x08002f10   0x08002f10   0x00000114   Code   RO         3758    i.xQueueGenericSendFromISR  queue.o
    0x08003024   0x08003024   0x00000100   Code   RO         3759    i.xQueueGiveFromISR  queue.o
    0x08003124   0x08003124   0x000000a4   Code   RO         3985    i.xTaskCheckForTimeOut  tasks.o
    0x080031c8   0x080031c8   0x00000060   Code   RO         3986    i.xTaskCreate       tasks.o
    0x08003228   0x08003228   0x00000020   Code   RO         3990    i.xTaskGetSchedulerState  tasks.o
    0x08003248   0x08003248   0x0000000c   Code   RO         3991    i.xTaskGetTickCount  tasks.o
    0x08003254   0x08003254   0x00000164   Code   RO         3993    i.xTaskIncrementTick  tasks.o
    0x080033b8   0x080033b8   0x000000dc   Code   RO         3996    i.xTaskPriorityDisinherit  tasks.o
    0x08003494   0x08003494   0x000000bc   Code   RO         3997    i.xTaskRemoveFromEventList  tasks.o
    0x08003550   0x08003550   0x00000124   Code   RO         3999    i.xTaskResumeAll    tasks.o
    0x08003674   0x08003674   0x00000078   Code   RO         4295    i.xTimerCreateTimerTask  timers.o
    0x080036ec   0x080036ec   0x000000a8   Code   RO         4296    i.xTimerGenericCommand  timers.o
    0x08003794   0x08003794   0x00000020   Data   RO         4860    Region$$Table       anon$$obj.o


    Execution Region RW_IRAM1 (Exec base: 0x20000000, Load base: 0x080037b4, Size: 0x00004c50, Max: 0x00005000, ABSOLUTE)

    Exec Addr    Load Addr    Size         Type   Attr      Idx    E Section Name        Object

    0x20000000   0x080037b4   0x00000014   Data   RW           14    .data               system_stm32f10x.o
    0x20000014   0x080037c8   0x00000014   Data   RW         1728    .data               stm32f10x_rcc.o
    0x20000028   0x080037dc   0x00000010   Data   RW         3102    .data               main.o
    0x20000038   0x080037ec   0x00000008   Data   RW         3277    .data               stm32f10x_it.o
    0x20000040   0x080037f4   0x00000028   Data   RW         3358    .data               bsp_gpio_key.o
    0x20000068   0x0800381c   0x0000003c   Data   RW         4002    .data               tasks.o
    0x200000a4   0x08003858   0x00000014   Data   RW         4304    .data               timers.o
    0x200000b8   0x0800386c   0x00000018   Data   RW         4423    .data               port.o
    0x200000d0   0x08003884   0x00000018   Data   RW         4503    .data               heap_4.o
    0x200000e8   0x0800389c   0x00000004   Data   RW         4838    .data               mc_w.l(stdout.o)
    0x200000ec        -       0x00000408   Zero   RW         3537    .bss                bsp_usart.o
    0x200004f4        -       0x00000050   Zero   RW         3769    .bss                queue.o
    0x20000544        -       0x000002e4   Zero   RW         4001    .bss                tasks.o
    0x20000828        -       0x00000028   Zero   RW         4303    .bss                timers.o
    0x20000850        -       0x00004000   Zero   RW         4502    .bss                heap_4.o
    0x20004850        -       0x00000400   Zero   RW            1    STACK               startup_stm32f10x_md.o


==============================================================================

Image component sizes


      Code (inc. data)   RO Data    RW Data    ZI Data      Debug   Object Name

       350         16          0         40          0       5687   bsp_gpio_key.o
       148          6          0          0          0       1407   bsp_gpio_led.o
       562         30          0          0       1032       4361   bsp_usart.o
         0          0          0          0          0       3896   event_groups.o
       744        168          0         24      16384       3839   heap_4.o
       148          0          0          0          0       3126   list.o
       772        446          0         16          0     240313   main.o
       132         22          0          0          0       1703   misc.o
      1326        326          0         24          0      11418   port.o
      2440        302          0          0         80      14253   queue.o
        36          8        236          0       1024        944   startup_stm32f10x_md.o
       200         18          0          0          0       2328   stm32f10x_exti.o
       364          4          0          0          0       4005   stm32f10x_gpio.o
       272         36          0          8          0      12893   stm32f10x_it.o
       244         26          0         20          0       4053   stm32f10x_rcc.o
       442          6          0          0          0       6589   stm32f10x_usart.o
       328         28          0         20          0     237589   system_stm32f10x.o
      3406        940          0         60        740      29478   tasks.o
      1330        332          0         20         40       8623   timers.o
        52          6          0          0          0        588   usart_com.o

    ----------------------------------------------------------------------
     13312       2720        268        232      19300     597093   Object Totals
         0          0         32          0          0          0   (incl. Generated)
        16          0          0          0          0          0   (incl. Padding)

    ----------------------------------------------------------------------

      Code (inc. data)   RO Data    RW Data    ZI Data      Debug   Library Member Name

         0          0          0          0          0          0   entry.o
         0          0          0          0          0          0   entry10a.o
         0          0          0          0          0          0   entry11a.o
         4          0          0          0          0          0   entry12b.o
         8          4          0          0          0          0   entry2.o
         4          0          0          0          0          0   entry5.o
         0          0          0          0          0          0   entry7b.o
         0          0          0          0          0          0   entry8b.o
         8          4          0          0          0          0   entry9a.o
        30          0          0          0          0          0   handlers.o
        36          8          0          0          0         68   init.o
        36          0          0          0          0         68   memcpya.o
        36          0          0          0          0        108   memseta.o
       472         14          0          0          0        184   printf3.o
         0          0          0          4          0          0   stdout.o
        44          0          0          0          0         80   uidiv.o

    ----------------------------------------------------------------------
       680         30          0          4          0        508   Library Totals
         2          0          0          0          0          0   (incl. Padding)

    ----------------------------------------------------------------------

      Code (inc. data)   RO Data    RW Data    ZI Data      Debug   Library Name

       678         30          0          4          0        508   mc_w.l

    ----------------------------------------------------------------------
       680         30          0          4          0        508   Library Totals

    ----------------------------------------------------------------------

==============================================================================


      Code (inc. data)   RO Data    RW Data    ZI Data      Debug   

     13992       2750        268        236      19300     591461   Grand Totals
     13992       2750        268        236      19300     591461   ELF Image Totals
     13992       2750        268        236          0          0   ROM Totals

==============================================================================

    Total RO  Size (Code + RO Data)                14260 (  13.93kB)
    Total RW  Size (RW Data + ZI Data)             19536 (  19.08kB)
    Total ROM Size (Code + RO Data + RW Data)      14496 (  14.16kB)

==============================================================================

