Component: ARM Compiler 5.06 update 7 (build 960) Tool: armlink [4d3601]

==============================================================================

Section Cross References

    startup_stm32f10x_md.o(RESET) refers to startup_stm32f10x_md.o(STACK) for __initial_sp
    startup_stm32f10x_md.o(RESET) refers to startup_stm32f10x_md.o(.text) for Reset_Handler
    startup_stm32f10x_md.o(RESET) refers to stm32f10x_it.o(i.NMI_Handler) for NMI_Handler
    startup_stm32f10x_md.o(RESET) refers to stm32f10x_it.o(i.HardFault_Handler) for HardFault_Handler
    startup_stm32f10x_md.o(RESET) refers to stm32f10x_it.o(i.MemManage_Handler) for MemManage_Handler
    startup_stm32f10x_md.o(RESET) refers to stm32f10x_it.o(i.BusFault_Handler) for BusFault_Handler
    startup_stm32f10x_md.o(RESET) refers to stm32f10x_it.o(i.UsageFault_Handler) for UsageFault_Handler
    startup_stm32f10x_md.o(RESET) refers to port.o(.emb_text) for SVC_Handler
    startup_stm32f10x_md.o(RESET) refers to stm32f10x_it.o(i.DebugMon_Handler) for DebugMon_Handler
    startup_stm32f10x_md.o(RESET) refers to stm32f10x_it.o(i.SysTick_Handler) for SysTick_Handler
    startup_stm32f10x_md.o(RESET) refers to stm32f10x_it.o(i.EXTI0_IRQHandler) for EXTI0_IRQHandler
    startup_stm32f10x_md.o(RESET) refers to bsp_debug.o(i.DMA1_Channel4_IRQHandler) for DMA1_Channel4_IRQHandler
    startup_stm32f10x_md.o(RESET) refers to bsp_debug.o(i.DMA1_Channel5_IRQHandler) for DMA1_Channel5_IRQHandler
    startup_stm32f10x_md.o(RESET) refers to bsp_debug.o(i.USART1_IRQHandler) for USART1_IRQHandler
    startup_stm32f10x_md.o(RESET) refers to stm32f10x_it.o(i.EXTI15_10_IRQHandler) for EXTI15_10_IRQHandler
    startup_stm32f10x_md.o(.text) refers to system_stm32f10x.o(i.SystemInit) for SystemInit
    startup_stm32f10x_md.o(.text) refers to entry.o(.ARM.Collect$$$$00000000) for __main
    system_stm32f10x.o(i.SetSysClock) refers to system_stm32f10x.o(i.SetSysClockTo72) for SetSysClockTo72
    system_stm32f10x.o(i.SystemCoreClockUpdate) refers to system_stm32f10x.o(.data) for SystemCoreClock
    system_stm32f10x.o(i.SystemInit) refers to system_stm32f10x.o(i.SetSysClock) for SetSysClock
    stm32f10x_adc.o(i.ADC_DeInit) refers to stm32f10x_rcc.o(i.RCC_APB2PeriphResetCmd) for RCC_APB2PeriphResetCmd
    stm32f10x_bkp.o(i.BKP_DeInit) refers to stm32f10x_rcc.o(i.RCC_BackupResetCmd) for RCC_BackupResetCmd
    stm32f10x_can.o(i.CAN_DeInit) refers to stm32f10x_rcc.o(i.RCC_APB1PeriphResetCmd) for RCC_APB1PeriphResetCmd
    stm32f10x_can.o(i.CAN_GetITStatus) refers to stm32f10x_can.o(i.CheckITStatus) for CheckITStatus
    stm32f10x_cec.o(i.CEC_DeInit) refers to stm32f10x_rcc.o(i.RCC_APB1PeriphResetCmd) for RCC_APB1PeriphResetCmd
    stm32f10x_dac.o(i.DAC_DeInit) refers to stm32f10x_rcc.o(i.RCC_APB1PeriphResetCmd) for RCC_APB1PeriphResetCmd
    stm32f10x_flash.o(i.FLASH_EnableWriteProtection) refers to stm32f10x_flash.o(i.FLASH_WaitForLastOperation) for FLASH_WaitForLastOperation
    stm32f10x_flash.o(i.FLASH_EraseAllBank1Pages) refers to stm32f10x_flash.o(i.FLASH_WaitForLastBank1Operation) for FLASH_WaitForLastBank1Operation
    stm32f10x_flash.o(i.FLASH_EraseAllPages) refers to stm32f10x_flash.o(i.FLASH_WaitForLastOperation) for FLASH_WaitForLastOperation
    stm32f10x_flash.o(i.FLASH_EraseOptionBytes) refers to stm32f10x_flash.o(i.FLASH_GetReadOutProtectionStatus) for FLASH_GetReadOutProtectionStatus
    stm32f10x_flash.o(i.FLASH_EraseOptionBytes) refers to stm32f10x_flash.o(i.FLASH_WaitForLastOperation) for FLASH_WaitForLastOperation
    stm32f10x_flash.o(i.FLASH_ErasePage) refers to stm32f10x_flash.o(i.FLASH_WaitForLastOperation) for FLASH_WaitForLastOperation
    stm32f10x_flash.o(i.FLASH_ProgramHalfWord) refers to stm32f10x_flash.o(i.FLASH_WaitForLastOperation) for FLASH_WaitForLastOperation
    stm32f10x_flash.o(i.FLASH_ProgramOptionByteData) refers to stm32f10x_flash.o(i.FLASH_WaitForLastOperation) for FLASH_WaitForLastOperation
    stm32f10x_flash.o(i.FLASH_ProgramWord) refers to stm32f10x_flash.o(i.FLASH_WaitForLastOperation) for FLASH_WaitForLastOperation
    stm32f10x_flash.o(i.FLASH_ReadOutProtection) refers to stm32f10x_flash.o(i.FLASH_WaitForLastOperation) for FLASH_WaitForLastOperation
    stm32f10x_flash.o(i.FLASH_UserOptionByteConfig) refers to stm32f10x_flash.o(i.FLASH_WaitForLastOperation) for FLASH_WaitForLastOperation
    stm32f10x_flash.o(i.FLASH_WaitForLastBank1Operation) refers to stm32f10x_flash.o(i.FLASH_GetBank1Status) for FLASH_GetBank1Status
    stm32f10x_flash.o(i.FLASH_WaitForLastOperation) refers to stm32f10x_flash.o(i.FLASH_GetBank1Status) for FLASH_GetBank1Status
    stm32f10x_gpio.o(i.GPIO_AFIODeInit) refers to stm32f10x_rcc.o(i.RCC_APB2PeriphResetCmd) for RCC_APB2PeriphResetCmd
    stm32f10x_gpio.o(i.GPIO_DeInit) refers to stm32f10x_rcc.o(i.RCC_APB2PeriphResetCmd) for RCC_APB2PeriphResetCmd
    stm32f10x_i2c.o(i.I2C_DeInit) refers to stm32f10x_rcc.o(i.RCC_APB1PeriphResetCmd) for RCC_APB1PeriphResetCmd
[...]
    i.LED_OFF                                0x08001d94   Section        0  bsp_gpio_led.o(i.LED_OFF)
    i.LED_ON                                 0x08001db2   Section        0  bsp_gpio_led.o(i.LED_ON)
    i.LED_TOGGLE                             0x08001dd0   Section        0  bsp_gpio_led.o(i.LED_TOGGLE)
    i.MemManage_Handler                      0x08001dd8   Section        0  stm32f10x_it.o(i.MemManage_Handler)
    i.NMI_Handler                            0x08001ddc   Section        0  stm32f10x_it.o(i.NMI_Handler)
    i.NVIC_Init                              0x08001de0   Section        0  misc.o(i.NVIC_Init)
    i.NVIC_PriorityGroupConfig               0x08001e50   Section        0  misc.o(i.NVIC_PriorityGroupConfig)
    i.OLED_CLS                               0x08001e64   Section        0  bsp_i2c_oled.o(i.OLED_CLS)
    i.OLED_CheckDevice                       0x08001e6e   Section        0  bsp_i2c_oled.o(i.OLED_CheckDevice)
    i.OLED_DrawBitMap                        0x08001ebc   Section        0  bsp_i2c_oled.o(i.OLED_DrawBitMap)
    i.OLED_Fill                              0x08001fb4   Section        0  bsp_i2c_oled.o(i.OLED_Fill)
    i.OLED_Init                              0x08001ff0   Section        0  bsp_i2c_oled.o(i.OLED_Init)
    i.OLED_SetPos                            0x080020f8   Section        0  bsp_i2c_oled.o(i.OLED_SetPos)
    i.OLED_ShowChar                          0x08002128   Section        0  bsp_i2c_oled.o(i.OLED_ShowChar)
    i.OLED_ShowChinese                       0x0800219c   Section        0  bsp_i2c_oled.o(i.OLED_ShowChinese)
    i.OLED_ShowChinese_F16X16                0x080021d8   Section        0  bsp_i2c_oled.o(i.OLED_ShowChinese_F16X16)
    i.OLED_ShowString                        0x08002204   Section        0  bsp_i2c_oled.o(i.OLED_ShowString)
    i.OLED_ShowString_F8X16                  0x08002234   Section        0  bsp_i2c_oled.o(i.OLED_ShowString_F8X16)
    i.OLED_WriteBuffer                       0x0800225c   Section        0  bsp_i2c_oled.o(i.OLED_WriteBuffer)
    i.OLED_WriteByte                         0x080022c6   Section        0  bsp_i2c_oled.o(i.OLED_WriteByte)
    i.RCC_AHBPeriphClockCmd                  0x08002324   Section        0  stm32f10x_rcc.o(i.RCC_AHBPeriphClockCmd)
    i.RCC_APB1PeriphClockCmd                 0x08002344   Section        0  stm32f10x_rcc.o(i.RCC_APB1PeriphClockCmd)
    i.RCC_APB2PeriphClockCmd                 0x08002364   Section        0  stm32f10x_rcc.o(i.RCC_APB2PeriphClockCmd)
    i.RCC_GetClocksFreq                      0x08002384   Section        0  stm32f10x_rcc.o(i.RCC_GetClocksFreq)
    i.SetSysClock                            0x08002458   Section        0  system_stm32f10x.o(i.SetSysClock)
    SetSysClock                              0x08002459   Thumb Code     8  system_stm32f10x.o(i.SetSysClock)
    i.SetSysClockTo72                        0x08002460   Section        0  system_stm32f10x.o(i.SetSysClockTo72)
    SetSysClockTo72                          0x08002461   Thumb Code   214  system_stm32f10x.o(i.SetSysClockTo72)
    i.SysTick_Handler                        0x08002540   Section        0  stm32f10x_it.o(i.SysTick_Handler)
    i.SystemInit                             0x08002550   Section        0  system_stm32f10x.o(i.SystemInit)
    i.UART_DMA_Send                          0x080025b0   Section        0  bsp_debug.o(i.UART_DMA_Send)
    i.UART_DisableInterrupts                 0x08002662   Section        0  bsp_debug.o(i.UART_DisableInterrupts)
    UART_DisableInterrupts                   0x08002663   Thumb Code    32  bsp_debug.o(i.UART_DisableInterrupts)
    i.UART_Driver_Init                       0x08002684   Section        0  bsp_debug.o(i.UART_Driver_Init)
    i.UART_Early_SendBuffer                  0x080026f8   Section        0  bsp_debug.o(i.UART_Early_SendBuffer)
    i.UART_Early_SendByte                    0x0800271a   Section        0  bsp_debug.o(i.UART_Early_SendByte)
    i.UART_EnableInterrupts                  0x0800274e   Section        0  bsp_debug.o(i.UART_EnableInterrupts)
    UART_EnableInterrupts                    0x0800274f   Thumb Code    56  bsp_debug.o(i.UART_EnableInterrupts)
    i.UART_InitDMA                           0x08002788   Section        0  bsp_debug.o(i.UART_InitDMA)
    UART_InitDMA                             0x08002789   Thumb Code   162  bsp_debug.o(i.UART_InitDMA)
    i.UART_InitNVIC                          0x08002834   Section        0  bsp_debug.o(i.UART_InitNVIC)
    UART_InitNVIC                            0x08002835   Thumb Code    82  bsp_debug.o(i.UART_InitNVIC)
    i.UART_SwitchToRTOSMode                  0x0800288c   Section        0  bsp_debug.o(i.UART_SwitchToRTOSMode)
    i.USART1_IRQHandler                      0x08002934   Section        0  bsp_debug.o(i.USART1_IRQHandler)
    i.USART_ClearITPendingBit                0x08002984   Section        0  stm32f10x_usart.o(i.USART_ClearITPendingBit)
    i.USART_Cmd                              0x080029a2   Section        0  stm32f10x_usart.o(i.USART_Cmd)
    i.USART_DMACmd                           0x080029ba   Section        0  stm32f10x_usart.o(i.USART_DMACmd)
    i.USART_GetFlagStatus                    0x080029cc   Section        0  stm32f10x_usart.o(i.USART_GetFlagStatus)
    i.USART_GetITStatus                      0x080029e6   Section        0  stm32f10x_usart.o(i.USART_GetITStatus)
    i.USART_ITConfig                         0x08002a3a   Section        0  stm32f10x_usart.o(i.USART_ITConfig)
    i.USART_Init                             0x08002a84   Section        0  stm32f10x_usart.o(i.USART_Init)
    i.USART_ReceiveData                      0x08002b5c   Section        0  stm32f10x_usart.o(i.USART_ReceiveData)
    i.USART_SendData                         0x08002b66   Section        0  stm32f10x_usart.o(i.USART_SendData)
    i.UsageFault_Handler                     0x08002b6e   Section        0  stm32f10x_it.o(i.UsageFault_Handler)
    i.__0printf                              0x08002b74   Section        0  printfa.o(i.__0printf)
    i.__0sprintf                             0x08002b94   Section        0  printfa.o(i.__0sprintf)
    i.__0vsnprintf                           0x08002bbc   Section        0  printfa.o(i.__0vsnprintf)
    i.__scatterload_copy                     0x08002bf0   Section       14  handlers.o(i.__scatterload_copy)
    i.__scatterload_null                     0x08002bfe   Section        2  handlers.o(i.__scatterload_null)
    i.__scatterload_zeroinit                 0x08002c00   Section       14  handlers.o(i.__scatterload_zeroinit)
    i._fp_digits                             0x08002c10   Section        0  printfa.o(i._fp_digits)
    _fp_digits                               0x08002c11   Thumb Code   366  printfa.o(i._fp_digits)
    i._printf_core                           0x08002d94   Section        0  printfa.o(i._printf_core)
    _printf_core                             0x08002d95   Thumb Code  1704  printfa.o(i._printf_core)
    i._printf_post_padding                   0x08003448   Section        0  printfa.o(i._printf_post_padding)
    _printf_post_padding                     0x08003449   Thumb Code    36  printfa.o(i._printf_post_padding)
    i._printf_pre_padding                    0x0800346c   Section        0  printfa.o(i._printf_pre_padding)
    _printf_pre_padding                      0x0800346d   Thumb Code    46  printfa.o(i._printf_pre_padding)
    i._snputc                                0x0800349a   Section        0  printfa.o(i._snputc)
    _snputc                                  0x0800349b   Thumb Code    22  printfa.o(i._snputc)
    i._sputc                                 0x080034b0   Section        0  printfa.o(i._sputc)
    _sputc                                   0x080034b1   Thumb Code    10  printfa.o(i._sputc)
    i.eTaskConfirmSleepModeStatus            0x080034bc   Section        0  tasks.o(i.eTaskConfirmSleepModeStatus)
    i.fputc                                  0x080034f8   Section        0  usart_com.o(i.fputc)
    i.main                                   0x08003510   Section        0  main.o(i.main)
    i.prvAddCurrentTaskToDelayedList         0x0800358c   Section        0  tasks.o(i.prvAddCurrentTaskToDelayedList)
    prvAddCurrentTaskToDelayedList           0x0800358d   Thumb Code   124  tasks.o(i.prvAddCurrentTaskToDelayedList)
    i.prvAddNewTaskToReadyList               0x08003624   Section        0  tasks.o(i.prvAddNewTaskToReadyList)
    prvAddNewTaskToReadyList                 0x08003625   Thumb Code   150  tasks.o(i.prvAddNewTaskToReadyList)
    i.prvCheckForValidListAndQueue           0x080036d8   Section        0  timers.o(i.prvCheckForValidListAndQueue)
    prvCheckForValidListAndQueue             0x080036d9   Thumb Code    72  timers.o(i.prvCheckForValidListAndQueue)
    i.prvCheckTasksWaitingTermination        0x0800373c   Section        0  tasks.o(i.prvCheckTasksWaitingTermination)
    prvCheckTasksWaitingTermination          0x0800373d   Thumb Code    86  tasks.o(i.prvCheckTasksWaitingTermination)
    i.prvCopyDataFromQueue                   0x080037a0   Section        0  queue.o(i.prvCopyDataFromQueue)
    prvCopyDataFromQueue                     0x080037a1   Thumb Code    42  queue.o(i.prvCopyDataFromQueue)
    i.prvCopyDataToQueue                     0x080037ca   Section        0  queue.o(i.prvCopyDataToQueue)
    prvCopyDataToQueue                       0x080037cb   Thumb Code   124  queue.o(i.prvCopyDataToQueue)
    i.prvDeleteTCB                           0x08003846   Section        0  tasks.o(i.prvDeleteTCB)
    prvDeleteTCB                             0x08003847   Thumb Code    18  tasks.o(i.prvDeleteTCB)
    i.prvGetExpectedIdleTime                 0x08003858   Section        0  tasks.o(i.prvGetExpectedIdleTime)
    prvGetExpectedIdleTime                   0x08003859   Thumb Code    56  tasks.o(i.prvGetExpectedIdleTime)
    i.prvGetNextExpireTime                   0x080038a4   Section        0  timers.o(i.prvGetNextExpireTime)
    prvGetNextExpireTime                     0x080038a5   Thumb Code    36  timers.o(i.prvGetNextExpireTime)
    i.prvHeapInit                            0x080038cc   Section        0  heap_4.o(i.prvHeapInit)
    prvHeapInit                              0x080038cd   Thumb Code    98  heap_4.o(i.prvHeapInit)
    i.prvIdleTask                            0x08003948   Section        0  tasks.o(i.prvIdleTask)
    prvIdleTask                              0x08003949   Thumb Code    98  tasks.o(i.prvIdleTask)
    i.prvInitialiseMutex                     0x080039e4   Section        0  queue.o(i.prvInitialiseMutex)
    prvInitialiseMutex                       0x080039e5   Thumb Code    28  queue.o(i.prvInitialiseMutex)
    i.prvInitialiseNewQueue                  0x08003a00   Section        0  queue.o(i.prvInitialiseNewQueue)
    prvInitialiseNewQueue                    0x08003a01   Thumb Code    42  queue.o(i.prvInitialiseNewQueue)
    i.prvInitialiseNewTask                   0x08003a2c   Section        0  tasks.o(i.prvInitialiseNewTask)
    prvInitialiseNewTask                     0x08003a2d   Thumb Code   160  tasks.o(i.prvInitialiseNewTask)
    i.prvInitialiseTaskLists                 0x08003af4   Section        0  tasks.o(i.prvInitialiseTaskLists)
    prvInitialiseTaskLists                   0x08003af5   Thumb Code    70  tasks.o(i.prvInitialiseTaskLists)
    i.prvInsertBlockIntoFreeList             0x08003b5c   Section        0  heap_4.o(i.prvInsertBlockIntoFreeList)
    prvInsertBlockIntoFreeList               0x08003b5d   Thumb Code    96  heap_4.o(i.prvInsertBlockIntoFreeList)
    i.prvInsertTimerInActiveList             0x08003bc4   Section        0  timers.o(i.prvInsertTimerInActiveList)
    prvInsertTimerInActiveList               0x08003bc5   Thumb Code    80  timers.o(i.prvInsertTimerInActiveList)
    i.prvIsQueueEmpty                        0x08003c1c   Section        0  queue.o(i.prvIsQueueEmpty)
    prvIsQueueEmpty                          0x08003c1d   Thumb Code    26  queue.o(i.prvIsQueueEmpty)
    i.prvIsQueueFull                         0x08003c36   Section        0  queue.o(i.prvIsQueueFull)
    prvIsQueueFull                           0x08003c37   Thumb Code    30  queue.o(i.prvIsQueueFull)
    i.prvNotifyQueueSetContainer             0x08003c54   Section        0  queue.o(i.prvNotifyQueueSetContainer)
    prvNotifyQueueSetContainer               0x08003c55   Thumb Code   124  queue.o(i.prvNotifyQueueSetContainer)
    i.prvProcessExpiredTimer                 0x08003cf8   Section        0  timers.o(i.prvProcessExpiredTimer)
    prvProcessExpiredTimer                   0x08003cf9   Thumb Code    84  timers.o(i.prvProcessExpiredTimer)
    i.prvProcessReceivedCommands             0x08003d7c   Section        0  timers.o(i.prvProcessReceivedCommands)
    prvProcessReceivedCommands               0x08003d7d   Thumb Code   254  timers.o(i.prvProcessReceivedCommands)
    i.prvProcessTimerOrBlockTask             0x08003eac   Section        0  timers.o(i.prvProcessTimerOrBlockTask)
    prvProcessTimerOrBlockTask               0x08003ead   Thumb Code   102  timers.o(i.prvProcessTimerOrBlockTask)
    i.prvResetNextTaskUnblockTime            0x08003f20   Section        0  tasks.o(i.prvResetNextTaskUnblockTime)
    prvResetNextTaskUnblockTime              0x08003f21   Thumb Code    42  tasks.o(i.prvResetNextTaskUnblockTime)
    i.prvSampleTimeNow                       0x08003f54   Section        0  timers.o(i.prvSampleTimeNow)
    prvSampleTimeNow                         0x08003f55   Thumb Code    40  timers.o(i.prvSampleTimeNow)
    i.prvSwitchTimerLists                    0x08003f80   Section        0  timers.o(i.prvSwitchTimerLists)
    prvSwitchTimerLists                      0x08003f81   Thumb Code   140  timers.o(i.prvSwitchTimerLists)
    i.prvTaskExitError                       0x08004040   Section        0  port.o(i.prvTaskExitError)
    prvTaskExitError                         0x08004041   Thumb Code    48  port.o(i.prvTaskExitError)
    i.prvTimerTask                           0x080040ac   Section        0  timers.o(i.prvTimerTask)
    prvTimerTask                             0x080040ad   Thumb Code    26  timers.o(i.prvTimerTask)
    i.prvUnlockQueue                         0x080040c6   Section        0  queue.o(i.prvUnlockQueue)
    prvUnlockQueue                           0x080040c7   Thumb Code   146  queue.o(i.prvUnlockQueue)
    i.pvPortMalloc                           0x08004158   Section        0  heap_4.o(i.pvPortMalloc)
    i.pvTaskIncrementMutexHeldCount          0x080042a8   Section        0  tasks.o(i.pvTaskIncrementMutexHeldCount)
    i.pxPortInitialiseStack                  0x080042c8   Section        0  port.o(i.pxPortInitialiseStack)
    i.uart_printf                            0x080042ec   Section        0  bsp_debug.o(i.uart_printf)
    i.uxListRemove                           0x08004340   Section        0  list.o(i.uxListRemove)
    i.vListInitialise                        0x08004368   Section        0  list.o(i.vListInitialise)
    i.vListInitialiseItem                    0x08004382   Section        0  list.o(i.vListInitialiseItem)
    i.vListInsert                            0x08004388   Section        0  list.o(i.vListInsert)
    i.vListInsertEnd                         0x080043bc   Section        0  list.o(i.vListInsertEnd)
    i.vPortEnterCritical                     0x080043d4   Section        0  port.o(i.vPortEnterCritical)
    i.vPortExitCritical                      0x08004458   Section        0  port.o(i.vPortExitCritical)
    i.vPortFree                              0x080044c4   Section        0  heap_4.o(i.vPortFree)
    i.vPortSetupTimerInterrupt               0x08004578   Section        0  port.o(i.vPortSetupTimerInterrupt)
    i.vPortSuppressTicksAndSleep             0x080045d4   Section        0  port.o(i.vPortSuppressTicksAndSleep)
    i.vPortValidateInterruptPriority         0x08004720   Section        0  port.o(i.vPortValidateInterruptPriority)
    i.vQueueAddToRegistry                    0x080047bc   Section        0  queue.o(i.vQueueAddToRegistry)
    i.vQueueWaitForMessageRestricted         0x080047e8   Section        0  queue.o(i.vQueueWaitForMessageRestricted)
    i.vTaskDelay                             0x08004834   Section        0  tasks.o(i.vTaskDelay)
    i.vTaskMissedYield                       0x080048ac   Section        0  tasks.o(i.vTaskMissedYield)
    i.vTaskPlaceOnEventList                  0x080048b8   Section        0  tasks.o(i.vTaskPlaceOnEventList)
    i.vTaskPlaceOnEventListRestricted        0x08004910   Section        0  tasks.o(i.vTaskPlaceOnEventListRestricted)
    i.vTaskPriorityInherit                   0x08004970   Section        0  tasks.o(i.vTaskPriorityInherit)
    i.vTaskSetTimeOutState                   0x08004a20   Section        0  tasks.o(i.vTaskSetTimeOutState)
    i.vTaskStartScheduler                    0x08004a70   Section        0  tasks.o(i.vTaskStartScheduler)
    i.vTaskStepTick                          0x08004b20   Section        0  tasks.o(i.vTaskStepTick)
    i.vTaskSuspendAll                        0x08004b84   Section        0  tasks.o(i.vTaskSuspendAll)
    i.vTaskSwitchContext                     0x08004b94   Section        0  tasks.o(i.vTaskSwitchContext)
    i.xPortStartScheduler                    0x08004c40   Section        0  port.o(i.xPortStartScheduler)
    i.xPortSysTickHandler                    0x08004ce0   Section        0  port.o(i.xPortSysTickHandler)
    i.xQueueCreateMutex                      0x08004d14   Section        0  queue.o(i.xQueueCreateMutex)
    i.xQueueGenericCreate                    0x08004d38   Section        0  queue.o(i.xQueueGenericCreate)
    i.xQueueGenericReceive                   0x08004db0   Section        0  queue.o(i.xQueueGenericReceive)
    i.xQueueGenericReset                     0x08004f7c   Section        0  queue.o(i.xQueueGenericReset)
    i.xQueueGenericSend                      0x08005030   Section        0  queue.o(i.xQueueGenericSend)
    i.xQueueGenericSendFromISR               0x080051f8   Section        0  queue.o(i.xQueueGenericSendFromISR)
    i.xQueueGiveFromISR                      0x0800530c   Section        0  queue.o(i.xQueueGiveFromISR)
    i.xTaskCheckForTimeOut                   0x0800540c   Section        0  tasks.o(i.xTaskCheckForTimeOut)
    i.xTaskCreate                            0x080054b0   Section        0  tasks.o(i.xTaskCreate)
    i.xTaskGetSchedulerState                 0x08005510   Section        0  tasks.o(i.xTaskGetSchedulerState)
    i.xTaskGetTickCount                      0x08005530   Section        0  tasks.o(i.xTaskGetTickCount)
    i.xTaskIncrementTick                     0x0800553c   Section        0  tasks.o(i.xTaskIncrementTick)
    i.xTaskPriorityDisinherit                0x080056a0   Section        0  tasks.o(i.xTaskPriorityDisinherit)
    i.xTaskRemoveFromEventList               0x0800577c   Section        0  tasks.o(i.xTaskRemoveFromEventList)
    i.xTaskResumeAll                         0x08005838   Section        0  tasks.o(i.xTaskResumeAll)
    i.xTimerCreateTimerTask                  0x0800595c   Section        0  timers.o(i.xTimerCreateTimerTask)
    i.xTimerGenericCommand                   0x080059d4   Section        0  timers.o(i.xTimerGenericCommand)
    .constdata                               0x08005a7c   Section       20  bsp_debug.o(.constdata)
    .constdata                               0x08005a90   Section    10668  bsp_fonts.o(.constdata)
    .data                                    0x20000000   Section       20  system_stm32f10x.o(.data)
    .data                                    0x20000014   Section       20  stm32f10x_rcc.o(.data)
    APBAHBPrescTable                         0x20000014   Data          16  stm32f10x_rcc.o(.data)
    ADCPrescTable                            0x20000024   Data           4  stm32f10x_rcc.o(.data)
    .data                                    0x20000028   Section        8  main.o(.data)
    Display_Task_Handler                     0x20000028   Data           4  main.o(.data)
    DHT11_Task_Handler                       0x2000002c   Data           4  main.o(.data)
    .data                                    0x20000030   Section       60  bsp_debug.o(.data)
    .data                                    0x20000070   Section       96  bsp_gpio_key.o(.data)
    .data                                    0x200000d0   Section        4  bsp_i2c.o(.data)
    .data                                    0x200000d4   Section        4  app_oled.o(.data)
    .data                                    0x200000d8   Section        4  app_dht11.o(.data)
    .data                                    0x200000dc   Section       60  tasks.o(.data)
    pxDelayedTaskList                        0x200000e0   Data           4  tasks.o(.data)
    pxOverflowDelayedTaskList                0x200000e4   Data           4  tasks.o(.data)
    uxDeletedTasksWaitingCleanUp             0x200000e8   Data           4  tasks.o(.data)
    uxCurrentNumberOfTasks                   0x200000ec   Data           4  tasks.o(.data)
    xTickCount                               0x200000f0   Data           4  tasks.o(.data)
    uxTopReadyPriority                       0x200000f4   Data           4  tasks.o(.data)
    xSchedulerRunning                        0x200000f8   Data           4  tasks.o(.data)
    uxPendedTicks                            0x200000fc   Data           4  tasks.o(.data)
    xYieldPending                            0x20000100   Data           4  tasks.o(.data)
    xNumOfOverflows                          0x20000104   Data           4  tasks.o(.data)
    uxTaskNumber                             0x20000108   Data           4  tasks.o(.data)
    xNextTaskUnblockTime                     0x2000010c   Data           4  tasks.o(.data)
    xIdleTaskHandle                          0x20000110   Data           4  tasks.o(.data)
    uxSchedulerSuspended                     0x20000114   Data           4  tasks.o(.data)
    .data                                    0x20000118   Section       20  timers.o(.data)
    pxCurrentTimerList                       0x20000118   Data           4  timers.o(.data)
    pxOverflowTimerList                      0x2000011c   Data           4  timers.o(.data)
    xTimerQueue                              0x20000120   Data           4  timers.o(.data)
    xTimerTaskHandle                         0x20000124   Data           4  timers.o(.data)
    xLastTime                                0x20000128   Data           4  timers.o(.data)
    .data                                    0x2000012c   Section       24  port.o(.data)
    uxCriticalNesting                        0x2000012c   Data           4  port.o(.data)
    ulTimerCountsForOneTick                  0x20000130   Data           4  port.o(.data)
    xMaximumPossibleSuppressedTicks          0x20000134   Data           4  port.o(.data)
    ulStoppedTimerCompensation               0x20000138   Data           4  port.o(.data)
    ucMaxSysCallPriority                     0x2000013c   Data           1  port.o(.data)
    ulMaxPRIGROUPValue                       0x20000140   Data           4  port.o(.data)
    .data                                    0x20000144   Section       24  heap_4.o(.data)
    xStart                                   0x20000144   Data           8  heap_4.o(.data)
    pxEnd                                    0x2000014c   Data           4  heap_4.o(.data)
    xFreeBytesRemaining                      0x20000150   Data           4  heap_4.o(.data)
    xMinimumEverFreeBytesRemaining           0x20000154   Data           4  heap_4.o(.data)
    xBlockAllocatedBit                       0x20000158   Data           4  heap_4.o(.data)
    .data                                    0x2000015c   Section        4  stdout.o(.data)
    .bss                                     0x20000160   Section       80  queue.o(.bss)
    .bss                                     0x200001b0   Section      740  tasks.o(.bss)
    pxReadyTasksLists                        0x200001b0   Data         640  tasks.o(.bss)
    xDelayedTaskList1                        0x20000430   Data          20  tasks.o(.bss)
    xDelayedTaskList2                        0x20000444   Data          20  tasks.o(.bss)
    xPendingReadyList                        0x20000458   Data          20  tasks.o(.bss)
    xTasksWaitingTermination                 0x2000046c   Data          20  tasks.o(.bss)
    xSuspendedTaskList                       0x20000480   Data          20  tasks.o(.bss)
    .bss                                     0x20000494   Section       40  timers.o(.bss)
    xActiveTimerList1                        0x20000494   Data          20  timers.o(.bss)
    xActiveTimerList2                        0x200004a8   Data          20  timers.o(.bss)
    .bss                                     0x200004bc   Section     8192  heap_4.o(.bss)
    ucHeap                                   0x200004bc   Data        8192  heap_4.o(.bss)
    STACK                                    0x200024c0   Section     2560  startup_stm32f10x_md.o(STACK)

    Global Symbols

    Symbol Name                              Value     Ov Type        Size  Object(Section)

    BuildAttributes$$THM_ISAv4$P$D$K$B$S$PE$A:L22UL41UL21$X:L11$S22US41US21$IEEE1$IW$USESV6$~STKCKD$USESV7$~SHL$OSPACE$ROPI$EBA8$MICROLIB$REQ8$PRES8$EABIv2 0x00000000   Number         0  anon$$obj.o ABSOLUTE
    __ARM_use_no_argv                        0x00000000   Number         0  main.o ABSOLUTE
    _printf_a                                0x00000000   Number         0  stubs.o ABSOLUTE
    _printf_c                                0x00000000   Number         0  stubs.o ABSOLUTE
    _printf_charcount                        0x00000000   Number         0  stubs.o ABSOLUTE
    _printf_d                                0x00000000   Number         0  stubs.o ABSOLUTE
    _printf_e                                0x00000000   Number         0  stubs.o ABSOLUTE
    _printf_f                                0x00000000   Number         0  stubs.o ABSOLUTE
    _printf_flags                            0x00000000   Number         0  stubs.o ABSOLUTE
    _printf_fp_dec                           0x00000000   Number         0  stubs.o ABSOLUTE
    _printf_fp_hex                           0x00000000   Number         0  stubs.o ABSOLUTE
    _printf_g                                0x00000000   Number         0  stubs.o ABSOLUTE
    _printf_i                                0x00000000   Number         0  stubs.o ABSOLUTE
    _printf_int_dec                          0x00000000   Number         0  stubs.o ABSOLUTE
    _printf_l                                0x00000000   Number         0  stubs.o ABSOLUTE
    _printf_lc                               0x00000000   Number         0  stubs.o ABSOLUTE
    _printf_ll                               0x00000000   Number         0  stubs.o ABSOLUTE
    _printf_lld                              0x00000000   Number         0  stubs.o ABSOLUTE
    _printf_lli                              0x00000000   Number         0  stubs.o ABSOLUTE
    _printf_llo                              0x00000000   Number         0  stubs.o ABSOLUTE
    _printf_llu                              0x00000000   Number         0  stubs.o ABSOLUTE
    _printf_llx                              0x00000000   Number         0  stubs.o ABSOLUTE
    _printf_longlong_dec                     0x00000000   Number         0  stubs.o ABSOLUTE
    _printf_longlong_hex                     0x00000000   Number         0  stubs.o ABSOLUTE
    _printf_longlong_oct                     0x00000000   Number         0  stubs.o ABSOLUTE
    _printf_ls                               0x00000000   Number         0  stubs.o ABSOLUTE
    _printf_mbtowc                           0x00000000   Number         0  stubs.o ABSOLUTE
    _printf_n                                0x00000000   Number         0  stubs.o ABSOLUTE
    _printf_o                                0x00000000   Number         0  stubs.o ABSOLUTE
    _printf_p                                0x00000000   Number         0  stubs.o ABSOLUTE
    _printf_percent                          0x00000000   Number         0  stubs.o ABSOLUTE
    _printf_pre_padding                      0x00000000   Number         0  stubs.o ABSOLUTE
    _printf_return_value                     0x00000000   Number         0  stubs.o ABSOLUTE
    _printf_s                                0x00000000   Number         0  stubs.o ABSOLUTE
    _printf_sizespec                         0x00000000   Number         0  stubs.o ABSOLUTE
    _printf_str                              0x00000000   Number         0  stubs.o ABSOLUTE
    _printf_truncate_signed                  0x00000000   Number         0  stubs.o ABSOLUTE
    _printf_truncate_unsigned                0x00000000   Number         0  stubs.o ABSOLUTE
    _printf_u                                0x00000000   Number         0  stubs.o ABSOLUTE
    _printf_wc                               0x00000000   Number         0  stubs.o ABSOLUTE
    _printf_wctomb                           0x00000000   Number         0  stubs.o ABSOLUTE
    _printf_widthprec                        0x00000000   Number         0  stubs.o ABSOLUTE
    _printf_x                                0x00000000   Number         0  stubs.o ABSOLUTE
    __arm_fini_                               - Undefined Weak Reference
    __cpp_initialize__aeabi_                  - Undefined Weak Reference
    __cxa_finalize                            - Undefined Weak Reference
    _clock_init                               - Undefined Weak Reference
    _microlib_exit                            - Undefined Weak Reference
    __Vectors_Size                           0x000000ec   Number         0  startup_stm32f10x_md.o ABSOLUTE
    __Vectors                                0x08000000   Data           4  startup_stm32f10x_md.o(RESET)
    __Vectors_End                            0x080000ec   Data           0  startup_stm32f10x_md.o(RESET)
    __main                                   0x080000ed   Thumb Code     0  entry.o(.ARM.Collect$$$$00000000)
    _main_stk                                0x080000ed   Thumb Code     0  entry2.o(.ARM.Collect$$$$00000001)
    _main_scatterload                        0x080000f1   Thumb Code     0  entry5.o(.ARM.Collect$$$$00000004)
    __main_after_scatterload                 0x080000f5   Thumb Code     0  entry5.o(.ARM.Collect$$$$00000004)
    _main_clock                              0x080000f5   Thumb Code     0  entry7b.o(.ARM.Collect$$$$00000008)
    _main_cpp_init                           0x080000f5   Thumb Code     0  entry8b.o(.ARM.Collect$$$$0000000A)
    _main_init                               0x080000f5   Thumb Code     0  entry9a.o(.ARM.Collect$$$$0000000B)
    __rt_lib_shutdown_fini                   0x080000fd   Thumb Code     0  entry12b.o(.ARM.Collect$$$$0000000E)
    __rt_final_cpp                           0x08000101   Thumb Code     0  entry10a.o(.ARM.Collect$$$$0000000F)
    __rt_final_exit                          0x08000101   Thumb Code     0  entry11a.o(.ARM.Collect$$$$00000011)
    SVC_Handler                              0x08000105   Thumb Code    32  port.o(.emb_text)
    __asm___6_port_c_39a90d8d__prvStartFirstTask 0x08000129   Thumb Code    28  port.o(.emb_text)
    PendSV_Handler                           0x08000149   Thumb Code    72  port.o(.emb_text)
    vPortGetIPSR                             0x08000195   Thumb Code     6  port.o(.emb_text)
    Reset_Handler                            0x0800019d   Thumb Code     8  startup_stm32f10x_md.o(.text)
    ADC1_2_IRQHandler                        0x080001b7   Thumb Code     0  startup_stm32f10x_md.o(.text)
    CAN1_RX1_IRQHandler                      0x080001b7   Thumb Code     0  startup_stm32f10x_md.o(.text)
    CAN1_SCE_IRQHandler                      0x080001b7   Thumb Code     0  startup_stm32f10x_md.o(.text)
    DMA1_Channel1_IRQHandler                 0x080001b7   Thumb Code     0  startup_stm32f10x_md.o(.text)
    DMA1_Channel2_IRQHandler                 0x080001b7   Thumb Code     0  startup_stm32f10x_md.o(.text)
    DMA1_Channel3_IRQHandler                 0x080001b7   Thumb Code     0  startup_stm32f10x_md.o(.text)
    DMA1_Channel6_IRQHandler                 0x080001b7   Thumb Code     0  startup_stm32f10x_md.o(.text)
    DMA1_Channel7_IRQHandler                 0x080001b7   Thumb Code     0  startup_stm32f10x_md.o(.text)
    EXTI1_IRQHandler                         0x080001b7   Thumb Code     0  startup_stm32f10x_md.o(.text)
    EXTI2_IRQHandler                         0x080001b7   Thumb Code     0  startup_stm32f10x_md.o(.text)
    EXTI3_IRQHandler                         0x080001b7   Thumb Code     0  startup_stm32f10x_md.o(.text)
    EXTI4_IRQHandler                         0x080001b7   Thumb Code     0  startup_stm32f10x_md.o(.text)
    EXTI9_5_IRQHandler                       0x080001b7   Thumb Code     0  startup_stm32f10x_md.o(.text)
    FLASH_IRQHandler                         0x080001b7   Thumb Code     0  startup_stm32f10x_md.o(.text)
    I2C1_ER_IRQHandler                       0x080001b7   Thumb Code     0  startup_stm32f10x_md.o(.text)
    I2C1_EV_IRQHandler                       0x080001b7   Thumb Code     0  startup_stm32f10x_md.o(.text)
    I2C2_ER_IRQHandler                       0x080001b7   Thumb Code     0  startup_stm32f10x_md.o(.text)
    I2C2_EV_IRQHandler                       0x080001b7   Thumb Code     0  startup_stm32f10x_md.o(.text)
    PVD_IRQHandler                           0x080001b7   Thumb Code     0  startup_stm32f10x_md.o(.text)
    RCC_IRQHandler                           0x080001b7   Thumb Code     0  startup_stm32f10x_md.o(.text)
    RTCAlarm_IRQHandler                      0x080001b7   Thumb Code     0  startup_stm32f10x_md.o(.text)
    RTC_IRQHandler                           0x080001b7   Thumb Code     0  startup_stm32f10x_md.o(.text)
    SPI1_IRQHandler                          0x080001b7   Thumb Code     0  startup_stm32f10x_md.o(.text)
    SPI2_IRQHandler                          0x080001b7   Thumb Code     0  startup_stm32f10x_md.o(.text)
    TAMPER_IRQHandler                        0x080001b7   Thumb Code     0  startup_stm32f10x_md.o(.text)
    TIM1_BRK_IRQHandler                      0x080001b7   Thumb Code     0  startup_stm32f10x_md.o(.text)
    TIM1_CC_IRQHandler                       0x080001b7   Thumb Code     0  startup_stm32f10x_md.o(.text)
    TIM1_TRG_COM_IRQHandler                  0x080001b7   Thumb Code     0  startup_stm32f10x_md.o(.text)
    TIM1_UP_IRQHandler                       0x080001b7   Thumb Code     0  startup_stm32f10x_md.o(.text)
    TIM2_IRQHandler                          0x080001b7   Thumb Code     0  startup_stm32f10x_md.o(.text)
    TIM3_IRQHandler                          0x080001b7   Thumb Code     0  startup_stm32f10x_md.o(.text)
    TIM4_IRQHandler                          0x080001b7   Thumb Code     0  startup_stm32f10x_md.o(.text)
    USART2_IRQHandler                        0x080001b7   Thumb Code     0  startup_stm32f10x_md.o(.text)
    USART3_IRQHandler                        0x080001b7   Thumb Code     0  startup_stm32f10x_md.o(.text)
    USBWakeUp_IRQHandler                     0x080001b7   Thumb Code     0  startup_stm32f10x_md.o(.text)
    USB_HP_CAN1_TX_IRQHandler                0x080001b7   Thumb Code     0  startup_stm32f10x_md.o(.text)
    USB_LP_CAN1_RX0_IRQHandler               0x080001b7   Thumb Code     0  startup_stm32f10x_md.o(.text)
    WWDG_IRQHandler                          0x080001b7   Thumb Code     0  startup_stm32f10x_md.o(.text)
    __aeabi_memcpy                           0x080001c1   Thumb Code    36  memcpya.o(.text)
    __aeabi_memcpy4                          0x080001c1   Thumb Code     0  memcpya.o(.text)
    __aeabi_memcpy8                          0x080001c1   Thumb Code     0  memcpya.o(.text)
    __aeabi_memset                           0x080001e5   Thumb Code    14  memseta.o(.text)
    __aeabi_memset4                          0x080001e5   Thumb Code     0  memseta.o(.text)
    __aeabi_memset8                          0x080001e5   Thumb Code     0  memseta.o(.text)
    __aeabi_memclr                           0x080001f3   Thumb Code     4  memseta.o(.text)
    __aeabi_memclr4                          0x080001f3   Thumb Code     0  memseta.o(.text)
    __aeabi_memclr8                          0x080001f3   Thumb Code     0  memseta.o(.text)
    _memset$wrapper                          0x080001f7   Thumb Code    18  memseta.o(.text)
    __aeabi_dmul                             0x08000209   Thumb Code   228  dmul.o(.text)
    __aeabi_ddiv                             0x080002ed   Thumb Code   222  ddiv.o(.text)
    __aeabi_uidiv                            0x080003cb   Thumb Code     0  uidiv.o(.text)
    __aeabi_uidivmod                         0x080003cb   Thumb Code    44  uidiv.o(.text)
    __aeabi_uldivmod                         0x080003f7   Thumb Code    98  uldiv.o(.text)
    __aeabi_llsr                             0x08000459   Thumb Code    32  llushr.o(.text)
    _ll_ushift_r                             0x08000459   Thumb Code     0  llushr.o(.text)
    __I$use$fp                               0x08000479   Thumb Code     0  iusefp.o(.text)
    _double_round                            0x08000479   Thumb Code    30  depilogue.o(.text)
    _double_epilogue                         0x08000497   Thumb Code   156  depilogue.o(.text)
    __aeabi_dadd                             0x08000533   Thumb Code   322  dadd.o(.text)
    __aeabi_dsub                             0x08000675   Thumb Code     6  dadd.o(.text)
    __aeabi_drsub                            0x0800067b   Thumb Code     6  dadd.o(.text)
    __aeabi_d2ulz                            0x08000681   Thumb Code    48  dfixul.o(.text)
    __aeabi_cdrcmple                         0x080006b1   Thumb Code    48  cdrcmple.o(.text)
    __scatterload                            0x080006e1   Thumb Code    28  init.o(.text)
    __scatterload_rt2                        0x080006e1   Thumb Code     0  init.o(.text)
    __aeabi_llsl                             0x08000705   Thumb Code    30  llshl.o(.text)
    _ll_shift_l                              0x08000705   Thumb Code     0  llshl.o(.text)
    __aeabi_lasr                             0x08000723   Thumb Code    36  llsshr.o(.text)
    _ll_sshift_r                             0x08000723   Thumb Code     0  llsshr.o(.text)
    __decompress                             0x08000747   Thumb Code     0  __dczerorl2.o(.text)
    __decompress1                            0x08000747   Thumb Code    86  __dczerorl2.o(.text)
    App_Init                                 0x0800079d   Thumb Code    98  app_oled.o(i.App_Init)
    Bsp_Init                                 0x08000829   Thumb Code    42  app_oled.o(i.Bsp_Init)
    BusFault_Handler                         0x0800086d   Thumb Code     4  stm32f10x_it.o(i.BusFault_Handler)
    DHT11_DataPinModeConfig                  0x08000871   Thumb Code    36  bsp_dht11.o(i.DHT11_DataPinModeConfig)
    DHT11_GPIO_Config                        0x08000899   Thumb Code    44  bsp_dht11.o(i.DHT11_GPIO_Config)
    DHT11_Init                               0x080008c9   Thumb Code    18  app_dht11.o(i.DHT11_Init)
    DHT11_ReadByte                           0x080008e1   Thumb Code   136  bsp_dht11.o(i.DHT11_ReadByte)
    DHT11_ReadData                           0x0800096d   Thumb Code   242  bsp_dht11.o(i.DHT11_ReadData)
    DHT11_Task                               0x08000a65   Thumb Code   164  app_dht11.o(i.DHT11_Task)
    DMA1_Channel4_IRQHandler                 0x08000be5   Thumb Code    80  bsp_debug.o(i.DMA1_Channel4_IRQHandler)
    DMA1_Channel5_IRQHandler                 0x08000c3d   Thumb Code   118  bsp_debug.o(i.DMA1_Channel5_IRQHandler)
    DMA_ClearITPendingBit                    0x08000cbd   Thumb Code    18  stm32f10x_dma.o(i.DMA_ClearITPendingBit)
    DMA_Cmd                                  0x08000cd9   Thumb Code    24  stm32f10x_dma.o(i.DMA_Cmd)
    DMA_DeInit                               0x08000cf1   Thumb Code   324  stm32f10x_dma.o(i.DMA_DeInit)
    DMA_GetCurrDataCounter                   0x08000e3d   Thumb Code     8  stm32f10x_dma.o(i.DMA_GetCurrDataCounter)
    DMA_GetITStatus                          0x08000e45   Thumb Code    36  stm32f10x_dma.o(i.DMA_GetITStatus)
    DMA_ITConfig                             0x08000e71   Thumb Code    18  stm32f10x_dma.o(i.DMA_ITConfig)
    DMA_Init                                 0x08000e83   Thumb Code    60  stm32f10x_dma.o(i.DMA_Init)
    DMA_SetCurrDataCounter                   0x08000ebf   Thumb Code     4  stm32f10x_dma.o(i.DMA_SetCurrDataCounter)
    DWT_DelayMs                              0x08000ec3   Thumb Code    24  bsp_dwt.o(i.DWT_DelayMs)
    DWT_DelayUs                              0x08000edd   Thumb Code    38  bsp_dwt.o(i.DWT_DelayUs)
    DWT_GetTick                              0x08000f0d   Thumb Code     6  bsp_dwt.o(i.DWT_GetTick)
    DWT_Init                                 0x08000f19   Thumb Code    30  bsp_dwt.o(i.DWT_Init)
    DebugMon_Handler                         0x08000f41   Thumb Code     2  stm32f10x_it.o(i.DebugMon_Handler)
    Display_Task                             0x08000f45   Thumb Code  1184  app_oled.o(i.Display_Task)
    EXTI0_IRQHandler                         0x080013e9   Thumb Code    58  stm32f10x_it.o(i.EXTI0_IRQHandler)
    EXTI15_10_IRQHandler                     0x0800142d   Thumb Code    88  stm32f10x_it.o(i.EXTI15_10_IRQHandler)
    EXTI_ClearITPendingBit                   0x08001491   Thumb Code     6  stm32f10x_exti.o(i.EXTI_ClearITPendingBit)
    EXTI_GetITStatus                         0x0800149d   Thumb Code    34  stm32f10x_exti.o(i.EXTI_GetITStatus)
    EXTI_Init                                0x080014c5   Thumb Code   142  stm32f10x_exti.o(i.EXTI_Init)
    GPIO_EXTILineConfig                      0x08001559   Thumb Code    60  stm32f10x_gpio.o(i.GPIO_EXTILineConfig)
    GPIO_Init                                0x08001599   Thumb Code   278  stm32f10x_gpio.o(i.GPIO_Init)
    GPIO_ReadInputDataBit                    0x080016af   Thumb Code    18  stm32f10x_gpio.o(i.GPIO_ReadInputDataBit)
    GPIO_ResetBits                           0x080016c1   Thumb Code     4  stm32f10x_gpio.o(i.GPIO_ResetBits)
    GPIO_SetBits                             0x080016c5   Thumb Code     4  stm32f10x_gpio.o(i.GPIO_SetBits)
    HardFault_Handler                        0x080016d7   Thumb Code     4  stm32f10x_it.o(i.HardFault_Handler)
    I2C_CheckEvent                           0x080016db   Thumb Code    42  stm32f10x_i2c.o(i.I2C_CheckEvent)
    I2C_Cmd                                  0x08001705   Thumb Code    24  stm32f10x_i2c.o(i.I2C_Cmd)
    I2C_GenerateSTART                        0x0800171d   Thumb Code    24  stm32f10x_i2c.o(i.I2C_GenerateSTART)
    I2C_GenerateSTOP                         0x08001735   Thumb Code    24  stm32f10x_i2c.o(i.I2C_GenerateSTOP)
    I2C_GetFlagStatus                        0x0800174d   Thumb Code    58  stm32f10x_i2c.o(i.I2C_GetFlagStatus)
    I2C_Init                                 0x08001789   Thumb Code   222  stm32f10x_i2c.o(i.I2C_Init)
    I2C_Send7bitAddress                      0x08001875   Thumb Code    18  stm32f10x_i2c.o(i.I2C_Send7bitAddress)
    I2C_SendData                             0x08001887   Thumb Code     4  stm32f10x_i2c.o(i.I2C_SendData)
    IIC_AddressMatching                      0x0800188d   Thumb Code    70  bsp_i2c.o(i.IIC_AddressMatching)
    IIC_CheckDevice                          0x080018e1   Thumb Code    46  bsp_i2c.o(i.IIC_CheckDevice)
    IIC_DELAY_US                             0x0800190f   Thumb Code    12  bsp_i2c.o(i.IIC_DELAY_US)
    IIC_Init                                 0x0800191d   Thumb Code    38  bsp_i2c.o(i.IIC_Init)
    IIC_Lock                                 0x0800194d   Thumb Code    54  bsp_i2c.o(i.IIC_Lock)
    IIC_Mode_Config                          0x08001989   Thumb Code    68  bsp_i2c.o(i.IIC_Mode_Config)
    IIC_PinConfig                            0x080019d5   Thumb Code    92  bsp_i2c.o(i.IIC_PinConfig)
    IIC_SendData                             0x08001a35   Thumb Code    50  bsp_i2c.o(i.IIC_SendData)
    IIC_Start                                0x08001a71   Thumb Code    94  bsp_i2c.o(i.IIC_Start)
    IIC_Stop                                 0x08001ad9   Thumb Code    16  bsp_i2c.o(i.IIC_Stop)
    IIC_Unlock                               0x08001aed   Thumb Code    24  bsp_i2c.o(i.IIC_Unlock)
    KEY_GPIO_Config                          0x08001b09   Thumb Code   142  bsp_gpio_key.o(i.KEY_GPIO_Config)
    KEY_Init                                 0x08001ba5   Thumb Code    34  bsp_gpio_key.o(i.KEY_Init)
    KEY_Mode_Config                          0x08001bd5   Thumb Code   130  bsp_gpio_key.o(i.KEY_Mode_Config)
    KEY_NVIC_Config                          0x08001c57   Thumb Code   106  bsp_gpio_key.o(i.KEY_NVIC_Config)
    KeyLevel_Init                            0x08001cc1   Thumb Code    28  bsp_gpio_key.o(i.KeyLevel_Init)
    LED_GPIO_Config                          0x08001cdd   Thumb Code   176  bsp_gpio_led.o(i.LED_GPIO_Config)
    LED_OFF                                  0x08001d95   Thumb Code    30  bsp_gpio_led.o(i.LED_OFF)
    LED_ON                                   0x08001db3   Thumb Code    30  bsp_gpio_led.o(i.LED_ON)
    LED_TOGGLE                               0x08001dd1   Thumb Code     8  bsp_gpio_led.o(i.LED_TOGGLE)
    MemManage_Handler                        0x08001dd9   Thumb Code     4  stm32f10x_it.o(i.MemManage_Handler)
    NMI_Handler                              0x08001ddd   Thumb Code     2  stm32f10x_it.o(i.NMI_Handler)
    NVIC_Init                                0x08001de1   Thumb Code   100  misc.o(i.NVIC_Init)
    NVIC_PriorityGroupConfig                 0x08001e51   Thumb Code    10  misc.o(i.NVIC_PriorityGroupConfig)
    OLED_CLS                                 0x08001e65   Thumb Code    10  bsp_i2c_oled.o(i.OLED_CLS)
    OLED_CheckDevice                         0x08001e6f   Thumb Code    78  bsp_i2c_oled.o(i.OLED_CheckDevice)
    OLED_DrawBitMap                          0x08001ebd   Thumb Code   248  bsp_i2c_oled.o(i.OLED_DrawBitMap)
    OLED_Fill                                0x08001fb5   Thumb Code    58  bsp_i2c_oled.o(i.OLED_Fill)
    OLED_Init                                0x08001ff1   Thumb Code   258  bsp_i2c_oled.o(i.OLED_Init)
    OLED_SetPos                              0x080020f9   Thumb Code    46  bsp_i2c_oled.o(i.OLED_SetPos)
    OLED_ShowChar                            0x08002129   Thumb Code   106  bsp_i2c_oled.o(i.OLED_ShowChar)
    OLED_ShowChinese                         0x0800219d   Thumb Code    60  bsp_i2c_oled.o(i.OLED_ShowChinese)
    OLED_ShowChinese_F16X16                  0x080021d9   Thumb Code    38  bsp_i2c_oled.o(i.OLED_ShowChinese_F16X16)
    OLED_ShowString                          0x08002205   Thumb Code    48  bsp_i2c_oled.o(i.OLED_ShowString)
    OLED_ShowString_F8X16                    0x08002235   Thumb Code    40  bsp_i2c_oled.o(i.OLED_ShowString_F8X16)
    OLED_WriteBuffer                         0x0800225d   Thumb Code   106  bsp_i2c_oled.o(i.OLED_WriteBuffer)
    OLED_WriteByte                           0x080022c7   Thumb Code    92  bsp_i2c_oled.o(i.OLED_WriteByte)
    RCC_AHBPeriphClockCmd                    0x08002325   Thumb Code    26  stm32f10x_rcc.o(i.RCC_AHBPeriphClockCmd)
    RCC_APB1PeriphClockCmd                   0x08002345   Thumb Code    26  stm32f10x_rcc.o(i.RCC_APB1PeriphClockCmd)
    RCC_APB2PeriphClockCmd                   0x08002365   Thumb Code    26  stm32f10x_rcc.o(i.RCC_APB2PeriphClockCmd)
    RCC_GetClocksFreq                        0x08002385   Thumb Code   192  stm32f10x_rcc.o(i.RCC_GetClocksFreq)
    SysTick_Handler                          0x08002541   Thumb Code    16  stm32f10x_it.o(i.SysTick_Handler)
    SystemInit                               0x08002551   Thumb Code    78  system_stm32f10x.o(i.SystemInit)
    UART_DMA_Send                            0x080025b1   Thumb Code   178  bsp_debug.o(i.UART_DMA_Send)
    UART_Driver_Init                         0x08002685   Thumb Code   104  bsp_debug.o(i.UART_Driver_Init)
    UART_Early_SendBuffer                    0x080026f9   Thumb Code    34  bsp_debug.o(i.UART_Early_SendBuffer)
    UART_Early_SendByte                      0x0800271b   Thumb Code    52  bsp_debug.o(i.UART_Early_SendByte)
    UART_SwitchToRTOSMode                    0x0800288d   Thumb Code   164  bsp_debug.o(i.UART_SwitchToRTOSMode)
    USART1_IRQHandler                        0x08002935   Thumb Code    70  bsp_debug.o(i.USART1_IRQHandler)
    USART_ClearITPendingBit                  0x08002985   Thumb Code    30  stm32f10x_usart.o(i.USART_ClearITPendingBit)
    USART_Cmd                                0x080029a3   Thumb Code    24  stm32f10x_usart.o(i.USART_Cmd)
    USART_DMACmd                             0x080029bb   Thumb Code    18  stm32f10x_usart.o(i.USART_DMACmd)
    USART_GetFlagStatus                      0x080029cd   Thumb Code    26  stm32f10x_usart.o(i.USART_GetFlagStatus)
    USART_GetITStatus                        0x080029e7   Thumb Code    84  stm32f10x_usart.o(i.USART_GetITStatus)
    USART_ITConfig                           0x08002a3b   Thumb Code    74  stm32f10x_usart.o(i.USART_ITConfig)
    USART_Init                               0x08002a85   Thumb Code   210  stm32f10x_usart.o(i.USART_Init)
    USART_ReceiveData                        0x08002b5d   Thumb Code    10  stm32f10x_usart.o(i.USART_ReceiveData)
    USART_SendData                           0x08002b67   Thumb Code     8  stm32f10x_usart.o(i.USART_SendData)
    UsageFault_Handler                       0x08002b6f   Thumb Code     4  stm32f10x_it.o(i.UsageFault_Handler)
    __0printf                                0x08002b75   Thumb Code    22  printfa.o(i.__0printf)
    __1printf                                0x08002b75   Thumb Code     0  printfa.o(i.__0printf)
    __2printf                                0x08002b75   Thumb Code     0  printfa.o(i.__0printf)
    __c89printf                              0x08002b75   Thumb Code     0  printfa.o(i.__0printf)
    printf                                   0x08002b75   Thumb Code     0  printfa.o(i.__0printf)
    __0sprintf                               0x08002b95   Thumb Code    34  printfa.o(i.__0sprintf)
    __1sprintf                               0x08002b95   Thumb Code     0  printfa.o(i.__0sprintf)
    __2sprintf                               0x08002b95   Thumb Code     0  printfa.o(i.__0sprintf)
    __c89sprintf                             0x08002b95   Thumb Code     0  printfa.o(i.__0sprintf)
    sprintf                                  0x08002b95   Thumb Code     0  printfa.o(i.__0sprintf)
    __0vsnprintf                             0x08002bbd   Thumb Code    46  printfa.o(i.__0vsnprintf)
    __1vsnprintf                             0x08002bbd   Thumb Code     0  printfa.o(i.__0vsnprintf)
    __2vsnprintf                             0x08002bbd   Thumb Code     0  printfa.o(i.__0vsnprintf)
    __c89vsnprintf                           0x08002bbd   Thumb Code     0  printfa.o(i.__0vsnprintf)
    vsnprintf                                0x08002bbd   Thumb Code     0  printfa.o(i.__0vsnprintf)
    __scatterload_copy                       0x08002bf1   Thumb Code    14  handlers.o(i.__scatterload_copy)
    __scatterload_null                       0x08002bff   Thumb Code     2  handlers.o(i.__scatterload_null)
    __scatterload_zeroinit                   0x08002c01   Thumb Code    14  handlers.o(i.__scatterload_zeroinit)
    eTaskConfirmSleepModeStatus              0x080034bd   Thumb Code    42  tasks.o(i.eTaskConfirmSleepModeStatus)
    fputc                                    0x080034f9   Thumb Code    18  usart_com.o(i.fputc)
    main                                     0x08003511   Thumb Code    78  main.o(i.main)
    pvPortMalloc                             0x08004159   Thumb Code   262  heap_4.o(i.pvPortMalloc)
    pvTaskIncrementMutexHeldCount            0x080042a9   Thumb Code    26  tasks.o(i.pvTaskIncrementMutexHeldCount)
    pxPortInitialiseStack                    0x080042c9   Thumb Code    30  port.o(i.pxPortInitialiseStack)
    uart_printf                              0x080042ed   Thumb Code    78  bsp_debug.o(i.uart_printf)
    uxListRemove                             0x08004341   Thumb Code    40  list.o(i.uxListRemove)
    vListInitialise                          0x08004369   Thumb Code    26  list.o(i.vListInitialise)
    vListInitialiseItem                      0x08004383   Thumb Code     6  list.o(i.vListInitialiseItem)
    vListInsert                              0x08004389   Thumb Code    52  list.o(i.vListInsert)
    vListInsertEnd                           0x080043bd   Thumb Code    24  list.o(i.vListInsertEnd)
    vPortEnterCritical                       0x080043d5   Thumb Code    68  port.o(i.vPortEnterCritical)
    vPortExitCritical                        0x08004459   Thumb Code    48  port.o(i.vPortExitCritical)
    vPortFree                                0x080044c5   Thumb Code   120  heap_4.o(i.vPortFree)
    vPortSetupTimerInterrupt                 0x08004579   Thumb Code    76  port.o(i.vPortSetupTimerInterrupt)
    vPortSuppressTicksAndSleep               0x080045d5   Thumb Code   320  port.o(i.vPortSuppressTicksAndSleep)
    vPortValidateInterruptPriority           0x08004721   Thumb Code    86  port.o(i.vPortValidateInterruptPriority)
    vQueueAddToRegistry                      0x080047bd   Thumb Code    38  queue.o(i.vQueueAddToRegistry)
    vQueueWaitForMessageRestricted           0x080047e9   Thumb Code    74  queue.o(i.vQueueWaitForMessageRestricted)
    vTaskDelay                               0x08004835   Thumb Code    72  tasks.o(i.vTaskDelay)
    vTaskMissedYield                         0x080048ad   Thumb Code     8  tasks.o(i.vTaskMissedYield)
    vTaskPlaceOnEventList                    0x080048b9   Thumb Code    42  tasks.o(i.vTaskPlaceOnEventList)
    vTaskPlaceOnEventListRestricted          0x08004911   Thumb Code    50  tasks.o(i.vTaskPlaceOnEventListRestricted)
    vTaskPriorityInherit                     0x08004971   Thumb Code   164  tasks.o(i.vTaskPriorityInherit)
    vTaskSetTimeOutState                     0x08004a21   Thumb Code    32  tasks.o(i.vTaskSetTimeOutState)
    vTaskStartScheduler                      0x08004a71   Thumb Code   108  tasks.o(i.vTaskStartScheduler)
    vTaskStepTick                            0x08004b21   Thumb Code    50  tasks.o(i.vTaskStepTick)
    vTaskSuspendAll                          0x08004b85   Thumb Code    12  tasks.o(i.vTaskSuspendAll)
    vTaskSwitchContext                       0x08004b95   Thumb Code   110  tasks.o(i.vTaskSwitchContext)
    xPortStartScheduler                      0x08004c41   Thumb Code   140  port.o(i.xPortStartScheduler)
    xPortSysTickHandler                      0x08004ce1   Thumb Code    46  port.o(i.xPortSysTickHandler)
    xQueueCreateMutex                        0x08004d15   Thumb Code    34  queue.o(i.xQueueCreateMutex)
    xQueueGenericCreate                      0x08004d39   Thumb Code    78  queue.o(i.xQueueGenericCreate)
    xQueueGenericReceive                     0x08004db1   Thumb Code   416  queue.o(i.xQueueGenericReceive)
    xQueueGenericReset                       0x08004f7d   Thumb Code   136  queue.o(i.xQueueGenericReset)
    xQueueGenericSend                        0x08005031   Thumb Code   412  queue.o(i.xQueueGenericSend)
    xQueueGenericSendFromISR                 0x080051f9   Thumb Code   234  queue.o(i.xQueueGenericSendFromISR)
    xQueueGiveFromISR                        0x0800530d   Thumb Code   216  queue.o(i.xQueueGiveFromISR)
    xTaskCheckForTimeOut                     0x0800540d   Thumb Code   116  tasks.o(i.xTaskCheckForTimeOut)
    xTaskCreate                              0x080054b1   Thumb Code    96  tasks.o(i.xTaskCreate)
    xTaskGetSchedulerState                   0x08005511   Thumb Code    24  tasks.o(i.xTaskGetSchedulerState)
    xTaskGetTickCount                        0x08005531   Thumb Code     6  tasks.o(i.xTaskGetTickCount)
    xTaskIncrementTick                       0x0800553d   Thumb Code   272  tasks.o(i.xTaskIncrementTick)
    xTaskPriorityDisinherit                  0x080056a1   Thumb Code   168  tasks.o(i.xTaskPriorityDisinherit)
    xTaskRemoveFromEventList                 0x0800577d   Thumb Code   122  tasks.o(i.xTaskRemoveFromEventList)
    xTaskResumeAll                           0x08005839   Thumb Code   214  tasks.o(i.xTaskResumeAll)
    xTimerCreateTimerTask                    0x0800595d   Thumb Code    56  timers.o(i.xTimerCreateTimerTask)
    xTimerGenericCommand                     0x080059d5   Thumb Code   118  timers.o(i.xTimerGenericCommand)
    chinese_library_16x16                    0x08005a90   Data         480  bsp_fonts.o(.constdata)
    ascll_code_6x8                           0x08005c70   Data         552  bsp_fonts.o(.constdata)
    ascll_code_8x16                          0x08005e98   Data        1520  bsp_fonts.o(.constdata)
    fire_logo                                0x08006488   Data         350  bsp_fonts.o(.constdata)
    music1                                   0x080065e6   Data        1024  bsp_fonts.o(.constdata)
    home                                     0x080069e6   Data         350  bsp_fonts.o(.constdata)
    music                                    0x08006b44   Data         350  bsp_fonts.o(.constdata)
    humidity                                 0x08006ca2   Data         350  bsp_fonts.o(.constdata)
    lighting_control                         0x08006e00   Data         350  bsp_fonts.o(.constdata)
    led_on_bmp                               0x08006f5e   Data         156  bsp_fonts.o(.constdata)
    led_off_bmp                              0x08006ffa   Data         156  bsp_fonts.o(.constdata)
    meditate                                 0x08007096   Data         350  bsp_fonts.o(.constdata)
    wooden_fish_off                          0x080071f4   Data         469  bsp_fonts.o(.constdata)
    wooden_fish_on                           0x080073c9   Data         595  bsp_fonts.o(.constdata)
    dog1                                     0x0800761c   Data         904  bsp_fonts.o(.constdata)
    dog2                                     0x080079a4   Data         904  bsp_fonts.o(.constdata)
    dog3                                     0x08007d2c   Data         904  bsp_fonts.o(.constdata)
    dog4                                     0x080080b4   Data         904  bsp_fonts.o(.constdata)
    Region$$Table$$Base                      0x0800843c   Number         0  anon$$obj.o(Region$$Table)
    Region$$Table$$Limit                     0x0800845c   Number         0  anon$$obj.o(Region$$Table)
    SystemCoreClock                          0x20000000   Data           4  system_stm32f10x.o(.data)
    AHBPrescTable                            0x20000004   Data          16  system_stm32f10x.o(.data)
    DebugUart                                0x20000030   Data          60  bsp_debug.o(.data)
    key1_info                                0x20000070   Data          32  bsp_gpio_key.o(.data)
    key2_info                                0x20000090   Data          32  bsp_gpio_key.o(.data)
    key3_info                                0x200000b0   Data          32  bsp_gpio_key.o(.data)
    xIICSemaphore                            0x200000d0   Data           4  bsp_i2c.o(.data)
    menu_show_flag                           0x200000d4   Data           1  app_oled.o(.data)
    left_shift_flag                          0x200000d5   Data           1  app_oled.o(.data)
    right_shift_flag                         0x200000d6   Data           1  app_oled.o(.data)
    enter_flag                               0x200000d7   Data           1  app_oled.o(.data)
    xDht11Queue                              0x200000d8   Data           4  app_dht11.o(.data)
    pxCurrentTCB                             0x200000dc   Data           4  tasks.o(.data)
    __stdout                                 0x2000015c   Data           4  stdout.o(.data)
    xQueueRegistry                           0x20000160   Data          80  queue.o(.bss)
    __initial_sp                             0x20002ec0   Data           0  startup_stm32f10x_md.o(STACK)



==============================================================================

Memory Map of the image

  Image Entry point : 0x080000ed

  Load Region LR_IROM1 (Base: 0x08000000, Size: 0x000085bc, Max: 0x00010000, ABSOLUTE, COMPRESSED[0x000084a8])

    Execution Region ER_IROM1 (Exec base: 0x08000000, Load base: 0x08000000, Size: 0x0000845c, Max: 0x00010000, ABSOLUTE)

    Exec Addr    Load Addr    Size         Type   Attr      Idx    E Section Name        Object

    0x08000000   0x08000000   0x000000ec   Data   RO            3    RESET               startup_stm32f10x_md.o
    0x080000ec   0x080000ec   0x00000000   Code   RO         4977  * .ARM.Collect$$$$00000000  mc_w.l(entry.o)
    0x080000ec   0x080000ec   0x00000004   Code   RO         5257    .ARM.Collect$$$$00000001  mc_w.l(entry2.o)
    0x080000f0   0x080000f0   0x00000004   Code   RO         5260    .ARM.Collect$$$$00000004  mc_w.l(entry5.o)
    0x080000f4   0x080000f4   0x00000000   Code   RO         5262    .ARM.Collect$$$$00000008  mc_w.l(entry7b.o)
    0x080000f4   0x080000f4   0x00000000   Code   RO         5264    .ARM.Collect$$$$0000000A  mc_w.l(entry8b.o)
    0x080000f4   0x080000f4   0x00000008   Code   RO         5265    .ARM.Collect$$$$0000000B  mc_w.l(entry9a.o)
    0x080000fc   0x080000fc   0x00000004   Code   RO         5272    .ARM.Collect$$$$0000000E  mc_w.l(entry12b.o)
    0x08000100   0x08000100   0x00000000   Code   RO         5267    .ARM.Collect$$$$0000000F  mc_w.l(entry10a.o)
    0x08000100   0x08000100   0x00000000   Code   RO         5269    .ARM.Collect$$$$00000011  mc_w.l(entry11a.o)
    0x08000100   0x08000100   0x00000004   Code   RO         5258    .ARM.Collect$$$$00002712  mc_w.l(entry2.o)
    0x08000104   0x08000104   0x00000096   Code   RO         4845    .emb_text           port.o
    0x0800019a   0x0800019a   0x00000002   PAD
    0x0800019c   0x0800019c   0x00000024   Code   RO            4    .text               startup_stm32f10x_md.o
    0x080001c0   0x080001c0   0x00000024   Code   RO         4980    .text               mc_w.l(memcpya.o)
    0x080001e4   0x080001e4   0x00000024   Code   RO         4982    .text               mc_w.l(memseta.o)
    0x08000208   0x08000208   0x000000e4   Code   RO         5249    .text               mf_w.l(dmul.o)
    0x080002ec   0x080002ec   0x000000de   Code   RO         5251    .text               mf_w.l(ddiv.o)
    0x080003ca   0x080003ca   0x0000002c   Code   RO         5274    .text               mc_w.l(uidiv.o)
    0x080003f6   0x080003f6   0x00000062   Code   RO         5276    .text               mc_w.l(uldiv.o)
    0x08000458   0x08000458   0x00000020   Code   RO         5278    .text               mc_w.l(llushr.o)
    0x08000478   0x08000478   0x00000000   Code   RO         5280    .text               mc_w.l(iusefp.o)
    0x08000478   0x08000478   0x000000ba   Code   RO         5281    .text               mf_w.l(depilogue.o)
    0x08000532   0x08000532   0x0000014e   Code   RO         5283    .text               mf_w.l(dadd.o)
    0x08000680   0x08000680   0x00000030   Code   RO         5285    .text               mf_w.l(dfixul.o)
    0x080006b0   0x080006b0   0x00000030   Code   RO         5287    .text               mf_w.l(cdrcmple.o)
    0x080006e0   0x080006e0   0x00000024   Code   RO         5289    .text               mc_w.l(init.o)
    0x08000704   0x08000704   0x0000001e   Code   RO         5291    .text               mc_w.l(llshl.o)
    0x08000722   0x08000722   0x00000024   Code   RO         5293    .text               mc_w.l(llsshr.o)
    0x08000746   0x08000746   0x00000056   Code   RO         5303    .text               mc_w.l(__dczerorl2.o)
    0x0800079c   0x0800079c   0x0000008c   Code   RO         3974    i.App_Init          app_oled.o
    0x08000828   0x08000828   0x00000044   Code   RO         3975    i.Bsp_Init          app_oled.o
    0x0800086c   0x0800086c   0x00000004   Code   RO         3098    i.BusFault_Handler  stm32f10x_it.o
    0x08000870   0x08000870   0x00000028   Code   RO         3878    i.DHT11_DataPinModeConfig  bsp_dht11.o
    0x08000898   0x08000898   0x00000030   Code   RO         3879    i.DHT11_GPIO_Config  bsp_dht11.o
    0x080008c8   0x080008c8   0x00000018   Code   RO         4014    i.DHT11_Init        app_dht11.o
    0x080008e0   0x080008e0   0x0000008c   Code   RO         3880    i.DHT11_ReadByte    bsp_dht11.o
    0x0800096c   0x0800096c   0x000000f8   Code   RO         3881    i.DHT11_ReadData    bsp_dht11.o
    0x08000a64   0x08000a64   0x00000180   Code   RO         4015    i.DHT11_Task        app_dht11.o
    0x08000be4   0x08000be4   0x00000058   Code   RO         3465    i.DMA1_Channel4_IRQHandler  bsp_debug.o
    0x08000c3c   0x08000c3c   0x00000080   Code   RO         3466    i.DMA1_Channel5_IRQHandler  bsp_debug.o
    0x08000cbc   0x08000cbc   0x0000001c   Code   RO          857    i.DMA_ClearITPendingBit  stm32f10x_dma.o
    0x08000cd8   0x08000cd8   0x00000018   Code   RO          858    i.DMA_Cmd           stm32f10x_dma.o
    0x08000cf0   0x08000cf0   0x0000014c   Code   RO          859    i.DMA_DeInit        stm32f10x_dma.o
    0x08000e3c   0x08000e3c   0x00000008   Code   RO          860    i.DMA_GetCurrDataCounter  stm32f10x_dma.o
    0x08000e44   0x08000e44   0x0000002c   Code   RO          862    i.DMA_GetITStatus   stm32f10x_dma.o
    0x08000e70   0x08000e70   0x00000012   Code   RO          863    i.DMA_ITConfig      stm32f10x_dma.o
    0x08000e82   0x08000e82   0x0000003c   Code   RO          864    i.DMA_Init          stm32f10x_dma.o
    0x08000ebe   0x08000ebe   0x00000004   Code   RO          865    i.DMA_SetCurrDataCounter  stm32f10x_dma.o
    0x08000ec2   0x08000ec2   0x00000018   Code   RO         3380    i.DWT_DelayMs       bsp_dwt.o
    0x08000eda   0x08000eda   0x00000002   PAD
    0x08000edc   0x08000edc   0x00000030   Code   RO         3382    i.DWT_DelayUs       bsp_dwt.o
    0x08000f0c   0x08000f0c   0x0000000c   Code   RO         3383    i.DWT_GetTick       bsp_dwt.o
    0x08000f18   0x08000f18   0x00000028   Code   RO         3384    i.DWT_Init          bsp_dwt.o
    0x08000f40   0x08000f40   0x00000002   Code   RO         3099    i.DebugMon_Handler  stm32f10x_it.o
    0x08000f42   0x08000f42   0x00000002   PAD
    0x08000f44   0x08000f44   0x000004a4   Code   RO         3976    i.Display_Task      app_oled.o
    0x080013e8   0x080013e8   0x00000044   Code   RO         3100    i.EXTI0_IRQHandler  stm32f10x_it.o
    0x0800142c   0x0800142c   0x00000064   Code   RO         3101    i.EXTI15_10_IRQHandler  stm32f10x_it.o
    0x08001490   0x08001490   0x0000000c   Code   RO          929    i.EXTI_ClearITPendingBit  stm32f10x_exti.o
    0x0800149c   0x0800149c   0x00000028   Code   RO          933    i.EXTI_GetITStatus  stm32f10x_exti.o
    0x080014c4   0x080014c4   0x00000094   Code   RO          934    i.EXTI_Init         stm32f10x_exti.o
    0x08001558   0x08001558   0x00000040   Code   RO         1279    i.GPIO_EXTILineConfig  stm32f10x_gpio.o
    0x08001598   0x08001598   0x00000116   Code   RO         1282    i.GPIO_Init         stm32f10x_gpio.o
    0x080016ae   0x080016ae   0x00000012   Code   RO         1286    i.GPIO_ReadInputDataBit  stm32f10x_gpio.o
    0x080016c0   0x080016c0   0x00000004   Code   RO         1289    i.GPIO_ResetBits    stm32f10x_gpio.o
    0x080016c4   0x080016c4   0x00000004   Code   RO         1290    i.GPIO_SetBits      stm32f10x_gpio.o
    0x080016c8   0x080016c8   0x0000000e   Code   RO         3619    i.Get_KeyCurrentLevel  bsp_gpio_key.o
    0x080016d6   0x080016d6   0x00000004   Code   RO         3102    i.HardFault_Handler  stm32f10x_it.o
    0x080016da   0x080016da   0x0000002a   Code   RO         1393    i.I2C_CheckEvent    stm32f10x_i2c.o
    0x08001704   0x08001704   0x00000018   Code   RO         1396    i.I2C_Cmd           stm32f10x_i2c.o
    0x0800171c   0x0800171c   0x00000018   Code   RO         1403    i.I2C_GenerateSTART  stm32f10x_i2c.o
    0x08001734   0x08001734   0x00000018   Code   RO         1404    i.I2C_GenerateSTOP  stm32f10x_i2c.o
    0x0800174c   0x0800174c   0x0000003a   Code   RO         1405    i.I2C_GetFlagStatus  stm32f10x_i2c.o
    0x08001786   0x08001786   0x00000002   PAD
    0x08001788   0x08001788   0x000000ec   Code   RO         1410    i.I2C_Init          stm32f10x_i2c.o
    0x08001874   0x08001874   0x00000012   Code   RO         1417    i.I2C_Send7bitAddress  stm32f10x_i2c.o
    0x08001886   0x08001886   0x00000004   Code   RO         1418    i.I2C_SendData      stm32f10x_i2c.o
    0x0800188a   0x0800188a   0x00000002   PAD
    0x0800188c   0x0800188c   0x00000054   Code   RO         3678    i.IIC_AddressMatching  bsp_i2c.o
    0x080018e0   0x080018e0   0x0000002e   Code   RO         3679    i.IIC_CheckDevice   bsp_i2c.o
    0x0800190e   0x0800190e   0x0000000c   Code   RO         3680    i.IIC_DELAY_US      bsp_i2c.o
    0x0800191a   0x0800191a   0x00000002   PAD
    0x0800191c   0x0800191c   0x00000030   Code   RO         3681    i.IIC_Init          bsp_i2c.o
    0x0800194c   0x0800194c   0x0000003c   Code   RO         3682    i.IIC_Lock          bsp_i2c.o
    0x08001988   0x08001988   0x0000004c   Code   RO         3683    i.IIC_Mode_Config   bsp_i2c.o
    0x080019d4   0x080019d4   0x00000060   Code   RO         3684    i.IIC_PinConfig     bsp_i2c.o
    0x08001a34   0x08001a34   0x0000003c   Code   RO         3685    i.IIC_SendData      bsp_i2c.o
    0x08001a70   0x08001a70   0x00000068   Code   RO         3686    i.IIC_Start         bsp_i2c.o
    0x08001ad8   0x08001ad8   0x00000014   Code   RO         3687    i.IIC_Stop          bsp_i2c.o
    0x08001aec   0x08001aec   0x0000001c   Code   RO         3688    i.IIC_Unlock        bsp_i2c.o
    0x08001b08   0x08001b08   0x0000009c   Code   RO         3620    i.KEY_GPIO_Config   bsp_gpio_key.o
    0x08001ba4   0x08001ba4   0x00000030   Code   RO         3621    i.KEY_Init          bsp_gpio_key.o
    0x08001bd4   0x08001bd4   0x00000082   Code   RO         3622    i.KEY_Mode_Config   bsp_gpio_key.o
    0x08001c56   0x08001c56   0x0000006a   Code   RO         3623    i.KEY_NVIC_Config   bsp_gpio_key.o
    0x08001cc0   0x08001cc0   0x0000001c   Code   RO         3626    i.KeyLevel_Init     bsp_gpio_key.o
    0x08001cdc   0x08001cdc   0x000000b8   Code   RO         3589    i.LED_GPIO_Config   bsp_gpio_led.o
    0x08001d94   0x08001d94   0x0000001e   Code   RO         3590    i.LED_OFF           bsp_gpio_led.o
    0x08001db2   0x08001db2   0x0000001e   Code   RO         3591    i.LED_ON            bsp_gpio_led.o
    0x08001dd0   0x08001dd0   0x00000008   Code   RO         3592    i.LED_TOGGLE        bsp_gpio_led.o
    0x08001dd8   0x08001dd8   0x00000004   Code   RO         3103    i.MemManage_Handler  stm32f10x_it.o
    0x08001ddc   0x08001ddc   0x00000002   Code   RO         3104    i.NMI_Handler       stm32f10x_it.o
    0x08001dde   0x08001dde   0x00000002   PAD
    0x08001de0   0x08001de0   0x00000070   Code   RO          127    i.NVIC_Init         misc.o
    0x08001e50   0x08001e50   0x00000014   Code   RO          128    i.NVIC_PriorityGroupConfig  misc.o
    0x08001e64   0x08001e64   0x0000000a   Code   RO         3771    i.OLED_CLS          bsp_i2c_oled.o
    0x08001e6e   0x08001e6e   0x0000004e   Code   RO         3772    i.OLED_CheckDevice  bsp_i2c_oled.o
    0x08001ebc   0x08001ebc   0x000000f8   Code   RO         3773    i.OLED_DrawBitMap   bsp_i2c_oled.o
    0x08001fb4   0x08001fb4   0x0000003a   Code   RO         3774    i.OLED_Fill         bsp_i2c_oled.o
    0x08001fee   0x08001fee   0x00000002   PAD
    0x08001ff0   0x08001ff0   0x00000108   Code   RO         3775    i.OLED_Init         bsp_i2c_oled.o
    0x080020f8   0x080020f8   0x0000002e   Code   RO         3778    i.OLED_SetPos       bsp_i2c_oled.o
    0x08002126   0x08002126   0x00000002   PAD
    0x08002128   0x08002128   0x00000074   Code   RO         3779    i.OLED_ShowChar     bsp_i2c_oled.o
    0x0800219c   0x0800219c   0x0000003c   Code   RO         3780    i.OLED_ShowChinese  bsp_i2c_oled.o
    0x080021d8   0x080021d8   0x0000002c   Code   RO         3781    i.OLED_ShowChinese_F16X16  bsp_i2c_oled.o
    0x08002204   0x08002204   0x00000030   Code   RO         3782    i.OLED_ShowString   bsp_i2c_oled.o
    0x08002234   0x08002234   0x00000028   Code   RO         3783    i.OLED_ShowString_F8X16  bsp_i2c_oled.o
    0x0800225c   0x0800225c   0x0000006a   Code   RO         3784    i.OLED_WriteBuffer  bsp_i2c_oled.o
    0x080022c6   0x080022c6   0x0000005c   Code   RO         3785    i.OLED_WriteByte    bsp_i2c_oled.o
    0x08002322   0x08002322   0x00000002   PAD
    0x08002324   0x08002324   0x00000020   Code   RO         1697    i.RCC_AHBPeriphClockCmd  stm32f10x_rcc.o
    0x08002344   0x08002344   0x00000020   Code   RO         1698    i.RCC_APB1PeriphClockCmd  stm32f10x_rcc.o
    0x08002364   0x08002364   0x00000020   Code   RO         1700    i.RCC_APB2PeriphClockCmd  stm32f10x_rcc.o
    0x08002384   0x08002384   0x000000d4   Code   RO         1708    i.RCC_GetClocksFreq  stm32f10x_rcc.o
    0x08002458   0x08002458   0x00000008   Code   RO           10    i.SetSysClock       system_stm32f10x.o
    0x08002460   0x08002460   0x000000e0   Code   RO           11    i.SetSysClockTo72   system_stm32f10x.o
    0x08002540   0x08002540   0x00000010   Code   RO         3105    i.SysTick_Handler   stm32f10x_it.o
    0x08002550   0x08002550   0x00000060   Code   RO           13    i.SystemInit        system_stm32f10x.o
    0x080025b0   0x080025b0   0x000000b2   Code   RO         3467    i.UART_DMA_Send     bsp_debug.o
    0x08002662   0x08002662   0x00000020   Code   RO         3469    i.UART_DisableInterrupts  bsp_debug.o
    0x08002682   0x08002682   0x00000002   PAD
    0x08002684   0x08002684   0x00000074   Code   RO         3470    i.UART_Driver_Init  bsp_debug.o
    0x080026f8   0x080026f8   0x00000022   Code   RO         3471    i.UART_Early_SendBuffer  bsp_debug.o
    0x0800271a   0x0800271a   0x00000034   Code   RO         3472    i.UART_Early_SendByte  bsp_debug.o
    0x0800274e   0x0800274e   0x00000038   Code   RO         3474    i.UART_EnableInterrupts  bsp_debug.o
    0x08002786   0x08002786   0x00000002   PAD
    0x08002788   0x08002788   0x000000ac   Code   RO         3475    i.UART_InitDMA      bsp_debug.o
    0x08002834   0x08002834   0x00000058   Code   RO         3476    i.UART_InitNVIC     bsp_debug.o
    0x0800288c   0x0800288c   0x000000a8   Code   RO         3479    i.UART_SwitchToRTOSMode  bsp_debug.o
    0x08002934   0x08002934   0x00000050   Code   RO         3480    i.USART1_IRQHandler  bsp_debug.o
    0x08002984   0x08002984   0x0000001e   Code   RO         2865    i.USART_ClearITPendingBit  stm32f10x_usart.o
    0x080029a2   0x080029a2   0x00000018   Code   RO         2868    i.USART_Cmd         stm32f10x_usart.o
    0x080029ba   0x080029ba   0x00000012   Code   RO         2869    i.USART_DMACmd      stm32f10x_usart.o
    0x080029cc   0x080029cc   0x0000001a   Code   RO         2871    i.USART_GetFlagStatus  stm32f10x_usart.o
    0x080029e6   0x080029e6   0x00000054   Code   RO         2872    i.USART_GetITStatus  stm32f10x_usart.o
    0x08002a3a   0x08002a3a   0x0000004a   Code   RO         2874    i.USART_ITConfig    stm32f10x_usart.o
    0x08002a84   0x08002a84   0x000000d8   Code   RO         2875    i.USART_Init        stm32f10x_usart.o
    0x08002b5c   0x08002b5c   0x0000000a   Code   RO         2882    i.USART_ReceiveData  stm32f10x_usart.o
    0x08002b66   0x08002b66   0x00000008   Code   RO         2885    i.USART_SendData    stm32f10x_usart.o
    0x08002b6e   0x08002b6e   0x00000004   Code   RO         3106    i.UsageFault_Handler  stm32f10x_it.o
    0x08002b72   0x08002b72   0x00000002   PAD
    0x08002b74   0x08002b74   0x00000020   Code   RO         5221    i.__0printf         mc_w.l(printfa.o)
    0x08002b94   0x08002b94   0x00000028   Code   RO         5223    i.__0sprintf        mc_w.l(printfa.o)
    0x08002bbc   0x08002bbc   0x00000034   Code   RO         5226    i.__0vsnprintf      mc_w.l(printfa.o)
    0x08002bf0   0x08002bf0   0x0000000e   Code   RO         5297    i.__scatterload_copy  mc_w.l(handlers.o)
    0x08002bfe   0x08002bfe   0x00000002   Code   RO         5298    i.__scatterload_null  mc_w.l(handlers.o)
    0x08002c00   0x08002c00   0x0000000e   Code   RO         5299    i.__scatterload_zeroinit  mc_w.l(handlers.o)
    0x08002c0e   0x08002c0e   0x00000002   PAD
    0x08002c10   0x08002c10   0x00000184   Code   RO         5228    i._fp_digits        mc_w.l(printfa.o)
    0x08002d94   0x08002d94   0x000006b4   Code   RO         5229    i._printf_core      mc_w.l(printfa.o)
    0x08003448   0x08003448   0x00000024   Code   RO         5230    i._printf_post_padding  mc_w.l(printfa.o)
    0x0800346c   0x0800346c   0x0000002e   Code   RO         5231    i._printf_pre_padding  mc_w.l(printfa.o)
    0x0800349a   0x0800349a   0x00000016   Code   RO         5232    i._snputc           mc_w.l(printfa.o)
    0x080034b0   0x080034b0   0x0000000a   Code   RO         5233    i._sputc            mc_w.l(printfa.o)
    0x080034ba   0x080034ba   0x00000002   PAD
    0x080034bc   0x080034bc   0x0000003c   Code   RO         4381    i.eTaskConfirmSleepModeStatus  tasks.o
    0x080034f8   0x080034f8   0x00000018   Code   RO         3428    i.fputc             usart_com.o
    0x08003510   0x08003510   0x0000007c   Code   RO         3312    i.main              main.o
    0x0800358c   0x0800358c   0x00000098   Code   RO         4384    i.prvAddCurrentTaskToDelayedList  tasks.o
    0x08003624   0x08003624   0x000000b4   Code   RO         4385    i.prvAddNewTaskToReadyList  tasks.o
    0x080036d8   0x080036d8   0x00000064   Code   RO         4715    i.prvCheckForValidListAndQueue  timers.o
    0x0800373c   0x0800373c   0x00000064   Code   RO         4386    i.prvCheckTasksWaitingTermination  tasks.o
    0x080037a0   0x080037a0   0x0000002a   Code   RO         4168    i.prvCopyDataFromQueue  queue.o
    0x080037ca   0x080037ca   0x0000007c   Code   RO         4169    i.prvCopyDataToQueue  queue.o
    0x08003846   0x08003846   0x00000012   Code   RO         4387    i.prvDeleteTCB      tasks.o
    0x08003858   0x08003858   0x0000004c   Code   RO         4388    i.prvGetExpectedIdleTime  tasks.o
    0x080038a4   0x080038a4   0x00000028   Code   RO         4716    i.prvGetNextExpireTime  timers.o
    0x080038cc   0x080038cc   0x0000007c   Code   RO         4928    i.prvHeapInit       heap_4.o
    0x08003948   0x08003948   0x0000009c   Code   RO         4389    i.prvIdleTask       tasks.o
    0x080039e4   0x080039e4   0x0000001c   Code   RO         4170    i.prvInitialiseMutex  queue.o
    0x08003a00   0x08003a00   0x0000002a   Code   RO         4171    i.prvInitialiseNewQueue  queue.o
    0x08003a2a   0x08003a2a   0x00000002   PAD
    0x08003a2c   0x08003a2c   0x000000c8   Code   RO         4390    i.prvInitialiseNewTask  tasks.o
    0x08003af4   0x08003af4   0x00000068   Code   RO         4391    i.prvInitialiseTaskLists  tasks.o
    0x08003b5c   0x08003b5c   0x00000068   Code   RO         4929    i.prvInsertBlockIntoFreeList  heap_4.o
    0x08003bc4   0x08003bc4   0x00000058   Code   RO         4718    i.prvInsertTimerInActiveList  timers.o
    0x08003c1c   0x08003c1c   0x0000001a   Code   RO         4172    i.prvIsQueueEmpty   queue.o
    0x08003c36   0x08003c36   0x0000001e   Code   RO         4173    i.prvIsQueueFull    queue.o
    0x08003c54   0x08003c54   0x000000a4   Code   RO         4174    i.prvNotifyQueueSetContainer  queue.o
    0x08003cf8   0x08003cf8   0x00000084   Code   RO         4719    i.prvProcessExpiredTimer  timers.o
    0x08003d7c   0x08003d7c   0x00000130   Code   RO         4720    i.prvProcessReceivedCommands  timers.o
    0x08003eac   0x08003eac   0x00000074   Code   RO         4721    i.prvProcessTimerOrBlockTask  timers.o
    0x08003f20   0x08003f20   0x00000034   Code   RO         4392    i.prvResetNextTaskUnblockTime  tasks.o
    0x08003f54   0x08003f54   0x0000002c   Code   RO         4722    i.prvSampleTimeNow  timers.o
    0x08003f80   0x08003f80   0x000000c0   Code   RO         4723    i.prvSwitchTimerLists  timers.o
    0x08004040   0x08004040   0x0000006c   Code   RO         4846    i.prvTaskExitError  port.o
    0x080040ac   0x080040ac   0x0000001a   Code   RO         4724    i.prvTimerTask      timers.o
    0x080040c6   0x080040c6   0x00000092   Code   RO         4175    i.prvUnlockQueue    queue.o
    0x08004158   0x08004158   0x00000150   Code   RO         4930    i.pvPortMalloc      heap_4.o
    0x080042a8   0x080042a8   0x00000020   Code   RO         4394    i.pvTaskIncrementMutexHeldCount  tasks.o
    0x080042c8   0x080042c8   0x00000024   Code   RO         4847    i.pxPortInitialiseStack  port.o
    0x080042ec   0x080042ec   0x00000054   Code   RO         3481    i.uart_printf       bsp_debug.o
    0x08004340   0x08004340   0x00000028   Code   RO         4131    i.uxListRemove      list.o
    0x08004368   0x08004368   0x0000001a   Code   RO         4132    i.vListInitialise   list.o
    0x08004382   0x08004382   0x00000006   Code   RO         4133    i.vListInitialiseItem  list.o
    0x08004388   0x08004388   0x00000034   Code   RO         4134    i.vListInsert       list.o
    0x080043bc   0x080043bc   0x00000018   Code   RO         4135    i.vListInsertEnd    list.o
    0x080043d4   0x080043d4   0x00000084   Code   RO         4849    i.vPortEnterCritical  port.o
    0x08004458   0x08004458   0x0000006c   Code   RO         4850    i.vPortExitCritical  port.o
    0x080044c4   0x080044c4   0x000000b4   Code   RO         4931    i.vPortFree         heap_4.o
    0x08004578   0x08004578   0x0000005c   Code   RO         4851    i.vPortSetupTimerInterrupt  port.o
    0x080045d4   0x080045d4   0x0000014c   Code   RO         4852    i.vPortSuppressTicksAndSleep  port.o
    0x08004720   0x08004720   0x0000009c   Code   RO         4853    i.vPortValidateInterruptPriority  port.o
    0x080047bc   0x080047bc   0x0000002c   Code   RO         4179    i.vQueueAddToRegistry  queue.o
    0x080047e8   0x080047e8   0x0000004a   Code   RO         4182    i.vQueueWaitForMessageRestricted  queue.o
    0x08004832   0x08004832   0x00000002   PAD
    0x08004834   0x08004834   0x00000078   Code   RO         4400    i.vTaskDelay        tasks.o
    0x080048ac   0x080048ac   0x0000000c   Code   RO         4404    i.vTaskMissedYield  tasks.o
    0x080048b8   0x080048b8   0x00000058   Code   RO         4406    i.vTaskPlaceOnEventList  tasks.o
    0x08004910   0x08004910   0x00000060   Code   RO         4407    i.vTaskPlaceOnEventListRestricted  tasks.o
    0x08004970   0x08004970   0x000000b0   Code   RO         4409    i.vTaskPriorityInherit  tasks.o
    0x08004a20   0x08004a20   0x00000050   Code   RO         4412    i.vTaskSetTimeOutState  tasks.o
    0x08004a70   0x08004a70   0x000000b0   Code   RO         4413    i.vTaskStartScheduler  tasks.o
    0x08004b20   0x08004b20   0x00000064   Code   RO         4414    i.vTaskStepTick     tasks.o
    0x08004b84   0x08004b84   0x00000010   Code   RO         4416    i.vTaskSuspendAll   tasks.o
    0x08004b94   0x08004b94   0x000000ac   Code   RO         4417    i.vTaskSwitchContext  tasks.o
    0x08004c40   0x08004c40   0x000000a0   Code   RO         4854    i.xPortStartScheduler  port.o
    0x08004ce0   0x08004ce0   0x00000034   Code   RO         4855    i.xPortSysTickHandler  port.o
    0x08004d14   0x08004d14   0x00000022   Code   RO         4185    i.xQueueCreateMutex  queue.o
    0x08004d36   0x08004d36   0x00000002   PAD
    0x08004d38   0x08004d38   0x00000078   Code   RO         4187    i.xQueueGenericCreate  queue.o
    0x08004db0   0x08004db0   0x000001cc   Code   RO         4188    i.xQueueGenericReceive  queue.o
    0x08004f7c   0x08004f7c   0x000000b4   Code   RO         4189    i.xQueueGenericReset  queue.o
    0x08005030   0x08005030   0x000001c8   Code   RO         4190    i.xQueueGenericSend  queue.o
    0x080051f8   0x080051f8   0x00000114   Code   RO         4191    i.xQueueGenericSendFromISR  queue.o
    0x0800530c   0x0800530c   0x00000100   Code   RO         4192    i.xQueueGiveFromISR  queue.o
    0x0800540c   0x0800540c   0x000000a4   Code   RO         4418    i.xTaskCheckForTimeOut  tasks.o
    0x080054b0   0x080054b0   0x00000060   Code   RO         4419    i.xTaskCreate       tasks.o
    0x08005510   0x08005510   0x00000020   Code   RO         4423    i.xTaskGetSchedulerState  tasks.o
    0x08005530   0x08005530   0x0000000c   Code   RO         4424    i.xTaskGetTickCount  tasks.o
    0x0800553c   0x0800553c   0x00000164   Code   RO         4426    i.xTaskIncrementTick  tasks.o
    0x080056a0   0x080056a0   0x000000dc   Code   RO         4429    i.xTaskPriorityDisinherit  tasks.o
    0x0800577c   0x0800577c   0x000000bc   Code   RO         4430    i.xTaskRemoveFromEventList  tasks.o
    0x08005838   0x08005838   0x00000124   Code   RO         4432    i.xTaskResumeAll    tasks.o
    0x0800595c   0x0800595c   0x00000078   Code   RO         4728    i.xTimerCreateTimerTask  timers.o
    0x080059d4   0x080059d4   0x000000a8   Code   RO         4729    i.xTimerGenericCommand  timers.o
    0x08005a7c   0x08005a7c   0x00000014   Data   RO         3482    .constdata          bsp_debug.o
    0x08005a90   0x08005a90   0x000029ac   Data   RO         3756    .constdata          bsp_fonts.o
    0x0800843c   0x0800843c   0x00000020   Data   RO         5295    Region$$Table       anon$$obj.o


    Execution Region RW_IRAM1 (Exec base: 0x20000000, Load base: 0x0800845c, Size: 0x00002ec0, Max: 0x00005000, ABSOLUTE, COMPRESSED[0x0000004c])

    Exec Addr    Load Addr    Size         Type   Attr      Idx    E Section Name        Object

    0x20000000   COMPRESSED   0x00000014   Data   RW           14    .data               system_stm32f10x.o
    0x20000014   COMPRESSED   0x00000014   Data   RW         1728    .data               stm32f10x_rcc.o
    0x20000028   COMPRESSED   0x00000008   Data   RW         3313    .data               main.o
    0x20000030   COMPRESSED   0x0000003c   Data   RW         3483    .data               bsp_debug.o
    0x2000006c   COMPRESSED   0x00000004   PAD
    0x20000070   COMPRESSED   0x00000060   Data   RW         3627    .data               bsp_gpio_key.o
    0x200000d0   COMPRESSED   0x00000004   Data   RW         3689    .data               bsp_i2c.o
    0x200000d4   COMPRESSED   0x00000004   Data   RW         3977    .data               app_oled.o
    0x200000d8   COMPRESSED   0x00000004   Data   RW         4016    .data               app_dht11.o
    0x200000dc   COMPRESSED   0x0000003c   Data   RW         4435    .data               tasks.o
    0x20000118   COMPRESSED   0x00000014   Data   RW         4737    .data               timers.o
    0x2000012c   COMPRESSED   0x00000018   Data   RW         4856    .data               port.o
    0x20000144   COMPRESSED   0x00000018   Data   RW         4936    .data               heap_4.o
    0x2000015c   COMPRESSED   0x00000004   Data   RW         5273    .data               mc_w.l(stdout.o)
    0x20000160        -       0x00000050   Zero   RW         4202    .bss                queue.o
    0x200001b0        -       0x000002e4   Zero   RW         4434    .bss                tasks.o
    0x20000494        -       0x00000028   Zero   RW         4736    .bss                timers.o
    0x200004bc        -       0x00002000   Zero   RW         4935    .bss                heap_4.o
    0x200024bc   COMPRESSED   0x00000004   PAD
    0x200024c0        -       0x00000a00   Zero   RW            1    STACK               startup_stm32f10x_md.o


==============================================================================

Image component sizes


      Code (inc. data)   RO Data    RW Data    ZI Data      Debug   Object Name

       408        226          0          4          0       1264   app_dht11.o
      1396        204          0          4          0       2590   app_oled.o
      1276         66         20         60          0      16557   bsp_debug.o
       476         18          0          0          0       2924   bsp_dht11.o
       124         26          0          0          0       1941   bsp_dwt.o
         0          0      10668          0          0       1364   bsp_fonts.o
       482         28          0         96          0       5453   bsp_gpio_key.o
       252          8          0          0          0       2574   bsp_gpio_led.o
       634         70          0          4          0       7394   bsp_i2c.o
      1210         22          0          0          0       9361   bsp_i2c_oled.o
         0          0          0          0          0       3876   event_groups.o
       744        168          0         24       8192       3735   heap_4.o
       148          0          0          0          0       3022   list.o
       124         46          0          8          0      10675   main.o
       132         22          0          0          0       1679   misc.o
      1326        326          0         24          0      11174   port.o
      2502        302          0          0         80      15041   queue.o
        36          8        236          0       2560       1024   startup_stm32f10x_md.o
       518         26          0          0          0       6661   stm32f10x_dma.o
       200         18          0          0          0       2300   stm32f10x_exti.o
       368          4          0          0          0       4546   stm32f10x_gpio.o
       430         14          0          0          0       7002   stm32f10x_i2c.o
       204         22          0          0          0     253577   stm32f10x_it.o
       308         38          0         20          0       5254   stm32f10x_rcc.o
       490          6          0          0          0       7842   stm32f10x_usart.o
       328         28          0         20          0     255869   system_stm32f10x.o
      3526        988          0         60        740      29447   tasks.o
      1330        332          0         20         40       8383   timers.o
        24          6          0          0          0       1776   usart_com.o

    ----------------------------------------------------------------------
     19028       3022      10956        348      11616     684305   Object Totals
         0          0         32          0          0          0   (incl. Generated)
        32          0          0          4          4          0   (incl. Padding)

    ----------------------------------------------------------------------

      Code (inc. data)   RO Data    RW Data    ZI Data      Debug   Library Member Name

        86          0          0          0          0          0   __dczerorl2.o
         0          0          0          0          0          0   entry.o
         0          0          0          0          0          0   entry10a.o
         0          0          0          0          0          0   entry11a.o
         4          0          0          0          0          0   entry12b.o
         8          4          0          0          0          0   entry2.o
         4          0          0          0          0          0   entry5.o
         0          0          0          0          0          0   entry7b.o
         0          0          0          0          0          0   entry8b.o
         8          4          0          0          0          0   entry9a.o
        30          0          0          0          0          0   handlers.o
        36          8          0          0          0         68   init.o
         0          0          0          0          0          0   iusefp.o
        30          0          0          0          0         68   llshl.o
        36          0          0          0          0         68   llsshr.o
        32          0          0          0          0         68   llushr.o
        36          0          0          0          0         68   memcpya.o
        36          0          0          0          0        108   memseta.o
      2342        102          0          0          0        764   printfa.o
         0          0          0          4          0          0   stdout.o
        44          0          0          0          0         80   uidiv.o
        98          0          0          0          0         92   uldiv.o
        48          0          0          0          0         68   cdrcmple.o
       334          0          0          0          0        148   dadd.o
       222          0          0          0          0        100   ddiv.o
       186          0          0          0          0        176   depilogue.o
        48          0          0          0          0         68   dfixul.o
       228          0          0          0          0         96   dmul.o

    ----------------------------------------------------------------------
      3900        118          0          4          0       2040   Library Totals
         4          0          0          0          0          0   (incl. Padding)

    ----------------------------------------------------------------------

      Code (inc. data)   RO Data    RW Data    ZI Data      Debug   Library Name

      2830        118          0          4          0       1384   mc_w.l
      1066          0          0          0          0        656   mf_w.l

    ----------------------------------------------------------------------
      3900        118          0          4          0       2040   Library Totals

    ----------------------------------------------------------------------

==============================================================================


      Code (inc. data)   RO Data    RW Data    ZI Data      Debug   

     22928       3140      10956        352      11616     675865   Grand Totals
     22928       3140      10956         76      11616     675865   ELF Image Totals (compressed)
     22928       3140      10956         76          0          0   ROM Totals

==============================================================================

    Total RO  Size (Code + RO Data)                33884 (  33.09kB)
    Total RW  Size (RW Data + ZI Data)             11968 (  11.69kB)
    Total ROM Size (Code + RO Data + RW Data)      33960 (  33.16kB)

==============================================================================

